0<svg viewBox="-8.0 -4.5 16.0 9.0" xmlns="http://www.w3.org/2000/svg" xmlns:xlink="http://www.w3.org/1999/xlink" version="1.1"><g stroke-width="0.05" transform="scale(1.0, -1.0)"><circle /></g></svg>
1<svg viewBox="-8.0 -4.5 16.0 9.0" xmlns="http://www.w3.org/2000/svg" xmlns:xlink="http://www.w3.org/1999/xlink" version="1.1"><g stroke-width="0.05" transform="scale(1.0, -1.0)"><circle r="2.428571" /></g></svg>
2<svg viewBox="-8.0 -4.5 16.0 9.0" xmlns="http://www.w3.org/2000/svg" xmlns:xlink="http://www.w3.org/1999/xlink" version="1.1"><g stroke-width="0.05" transform="scale(1.0, -1.0)"><circle r="4.857142" /></g></svg>
3<svg viewBox="-8.0 -4.5 16.0 9.0" xmlns="http://www.w3.org/2000/svg" xmlns:xlink="http://www.w3.org/1999/xlink" version="1.1"><g stroke-width="0.05" transform="scale(1.0, -1.0)"><circle r="7.285714" /></g></svg>
4<svg viewBox="-8.0 -4.5 16.0 9.0" xmlns="http://www.w3.org/2000/svg" xmlns:xlink="http://www.w3.org/1999/xlink" version="1.1"><g stroke-width="0.05" transform="scale(1.0, -1.0)"><circle r="9.714285" /></g></svg>
5<svg viewBox="-8.0 -4.5 16.0 9.0" xmlns="http://www.w3.org/2000/svg" xmlns:xlink="http://www.w3.org/1999/xlink" version="1.1"><g stroke-width="0.05" transform="scale(1.0, -1.0)"><circle r="12.142857" /></g></svg>
6<svg viewBox="-8.0 -4.5 16.0 9.0" xmlns="http://www.w3.org/2000/svg" xmlns:xlink="http://www.w3.org/1999/xlink" version="1.1"><g stroke-width="0.05" transform="scale(1.0, -1.0)"><circle r="14.571428" /></g></svg>
7<svg viewBox="-8.0 -4.5 16.0 9.0" xmlns="http://www.w3.org/2000/svg" xmlns:xlink="http://www.w3.org/1999/xlink" version="1.1"><g stroke-width="0.05" transform="scale(1.0, -1.0)"><circle r="17.0" /></g></svg>
8<svg viewBox="-8.0 -4.5 16.0 9.0" xmlns="http://www.w3.org/2000/svg" xmlns:xlink="http://www.w3.org/1999/xlink" version="1.1"><g stroke-width="0.05" transform="scale(1.0, -1.0)"><circle r="19.428571" /></g></svg>
9<svg viewBox="-8.0 -4.5 16.0 9.0" xmlns="http://www.w3.org/2000/svg" xmlns:xlink="http://www.w3.org/1999/xlink" version="1.1"><g stroke-width="0.05" transform="scale(1.0, -1.0)"><circle r="21.857142" /></g></svg>
10<svg viewBox="-8.0 -4.5 16.0 9.0" xmlns="http://www.w3.org/2000/svg" xmlns:xlink="http://www.w3.org/1999/xlink" version="1.1"><g stroke-width="0.05" transform="scale(1.0, -1.0)"><circle r="24.285714" /></g></svg>
11<svg viewBox="-8.0 -4.5 16.0 9.0" xmlns="http://www.w3.org/2000/svg" xmlns:xlink="http://www.w3.org/1999/xlink" version="1.1"><g stroke-width="0.05" transform="scale(1.0, -1.0)"><circle r="26.714285" /></g></svg>
12<svg viewBox="-8.0 -4.5 16.0 9.0" xmlns="http://www.w3.org/2000/svg" xmlns:xlink="http://www.w3.org/1999/xlink" version="1.1"><g stroke-width="0.05" transform="scale(1.0, -1.0)"><circle r="29.142857" /></g></svg>
13<svg viewBox="-8.0 -4.5 16.0 9.0" xmlns="http://www.w3.org/2000/svg" xmlns:xlink="http://www.w3.org/1999/xlink" version="1.1"><g stroke-width="0.05" transform="scale(1.0, -1.0)"><circle r="31.571428" /></g></svg>
14<svg viewBox="-8.0 -4.5 16.0 9.0" xmlns="http://www.w3.org/2000/svg" xmlns:xlink="http://www.w3.org/1999/xlink" version="1.1"><g stroke-width="0.05" transform="scale(1.0, -1.0)"><circle r="34.0" /></g></svg>
15<svg viewBox="-8.0 -4.5 16.0 9.0" xmlns="http://www.w3.org/2000/svg" xmlns:xlink="http://www.w3.org/1999/xlink" version="1.1"><g stroke-width="0.05" transform="scale(1.0, -1.0)"><circle r="36.428571" /></g></svg>
16<svg viewBox="-8.0 -4.5 16.0 9.0" xmlns="http://www.w3.org/2000/svg" xmlns:xlink="http://www.w3.org/1999/xlink" version="1.1"><g stroke-width="0.05" transform="scale(1.0, -1.0)"><circle r="38.857142" /></g></svg>
17<svg viewBox="-8.0 -4.5 16.0 9.0" xmlns="http://www.w3.org/2000/svg" xmlns:xlink="http://www.w3.org/1999/xlink" version="1.1"><g stroke-width="0.05" transform="scale(1.0, -1.0)"><circle r="41.285714" /></g></svg>
18<svg viewBox="-8.0 -4.5 16.0 9.0" xmlns="http://www.w3.org/2000/svg" xmlns:xlink="http://www.w3.org/1999/xlink" version="1.1"><g stroke-width="0.05" transform="scale(1.0, -1.0)"><circle r="43.714285" /></g></svg>
19<svg viewBox="-8.0 -4.5 16.0 9.0" xmlns="http://www.w3.org/2000/svg" xmlns:xlink="http://www.w3.org/1999/xlink" version="1.1"><g stroke-width="0.05" transform="scale(1.0, -1.0)"><circle r="46.142857" /></g></svg>
20<svg viewBox="-8.0 -4.5 16.0 9.0" xmlns="http://www.w3.org/2000/svg" xmlns:xlink="http://www.w3.org/1999/xlink" version="1.1"><g stroke-width="0.05" transform="scale(1.0, -1.0)"><circle r="48.571428" /></g></svg>
21<svg viewBox="-8.0 -4.5 16.0 9.0" xmlns="http://www.w3.org/2000/svg" xmlns:xlink="http://www.w3.org/1999/xlink" version="1.1"><g stroke-width="0.05" transform="scale(1.0, -1.0)"><circle r="51.0" /></g></svg>
22<svg viewBox="-8.0 -4.5 16.0 9.0" xmlns="http://www.w3.org/2000/svg" xmlns:xlink="http://www.w3.org/1999/xlink" version="1.1"><g stroke-width="0.05" transform="scale(1.0, -1.0)"><circle r="53.428571" /></g></svg>
23<svg viewBox="-8.0 -4.5 16.0 9.0" xmlns="http://www.w3.org/2000/svg" xmlns:xlink="http://www.w3.org/1999/xlink" version="1.1"><g stroke-width="0.05" transform="scale(1.0, -1.0)"><circle r="55.857142" /></g></svg>
24<svg viewBox="-8.0 -4.5 16.0 9.0" xmlns="http://www.w3.org/2000/svg" xmlns:xlink="http://www.w3.org/1999/xlink" version="1.1"><g stroke-width="0.05" transform="scale(1.0, -1.0)"><circle r="58.285714" /></g></svg>
25<svg viewBox="-8.0 -4.5 16.0 9.0" xmlns="http://www.w3.org/2000/svg" xmlns:xlink="http://www.w3.org/1999/xlink" version="1.1"><g stroke-width="0.05" transform="scale(1.0, -1.0)"><circle r="60.714285" /></g></svg>
26<svg viewBox="-8.0 -4.5 16.0 9.0" xmlns="http://www.w3.org/2000/svg" xmlns:xlink="http://www.w3.org/1999/xlink" version="1.1"><g stroke-width="0.05" transform="scale(1.0, -1.0)"><circle r="63.142857" /></g></svg>
27<svg viewBox="-8.0 -4.5 16.0 9.0" xmlns="http://www.w3.org/2000/svg" xmlns:xlink="http://www.w3.org/1999/xlink" version="1.1"><g stroke-width="0.05" transform="scale(1.0, -1.0)"><circle r="65.571428" /></g></svg>
28<svg viewBox="-8.0 -4.5 16.0 9.0" xmlns="http://www.w3.org/2000/svg" xmlns:xlink="http://www.w3.org/1999/xlink" version="1.1"><g stroke-width="0.05" transform="scale(1.0, -1.0)"><circle r="68.0" /></g></svg>
29<svg viewBox="-8.0 -4.5 16.0 9.0" xmlns="http://www.w3.org/2000/svg" xmlns:xlink="http://www.w3.org/1999/xlink" version="1.1"><g stroke-width="0.05" transform="scale(1.0, -1.0)"><circle r="70.428571" /></g></svg>
30<svg viewBox="-8.0 -4.5 16.0 9.0" xmlns="http://www.w3.org/2000/svg" xmlns:xlink="http://www.w3.org/1999/xlink" version="1.1"><g stroke-width="0.05" transform="scale(1.0, -1.0)"><circle r="72.857142" /></g></svg>
31<svg viewBox="-8.0 -4.5 16.0 9.0" xmlns="http://www.w3.org/2000/svg" xmlns:xlink="http://www.w3.org/1999/xlink" version="1.1"><g stroke-width="0.05" transform="scale(1.0, -1.0)"><circle r="75.285714" /></g></svg>
32<svg viewBox="-8.0 -4.5 16.0 9.0" xmlns="http://www.w3.org/2000/svg" xmlns:xlink="http://www.w3.org/1999/xlink" version="1.1"><g stroke-width="0.05" transform="scale(1.0, -1.0)"><circle r="77.714285" /></g></svg>
33<svg viewBox="-8.0 -4.5 16.0 9.0" xmlns="http://www.w3.org/2000/svg" xmlns:xlink="http://www.w3.org/1999/xlink" version="1.1"><g stroke-width="0.05" transform="scale(1.0, -1.0)"><circle r="80.142857" /></g></svg>
34<svg viewBox="-8.0 -4.5 16.0 9.0" xmlns="http://www.w3.org/2000/svg" xmlns:xlink="http://www.w3.org/1999/xlink" version="1.1"><g stroke-width="0.05" transform="scale(1.0, -1.0)"><circle r="82.571428" /></g></svg>
35<svg viewBox="-8.0 -4.5 16.0 9.0" xmlns="http://www.w3.org/2000/svg" xmlns:xlink="http://www.w3.org/1999/xlink" version="1.1"><g stroke-width="0.05" transform="scale(1.0, -1.0)"><circle r="84.999999" /></g></svg>
36<svg viewBox="-8.0 -4.5 16.0 9.0" xmlns="http://www.w3.org/2000/svg" xmlns:xlink="http://www.w3.org/1999/xlink" version="1.1"><g stroke-width="0.05" transform="scale(1.0, -1.0)"><circle r="87.428571" /></g></svg>
37<svg viewBox="-8.0 -4.5 16.0 9.0" xmlns="http://www.w3.org/2000/svg" xmlns:xlink="http://www.w3.org/1999/xlink" version="1.1"><g stroke-width="0.05" transform="scale(1.0, -1.0)"><circle r="89.857142" /></g></svg>
38<svg viewBox="-8.0 -4.5 16.0 9.0" xmlns="http://www.w3.org/2000/svg" xmlns:xlink="http://www.w3.org/1999/xlink" version="1.1"><g stroke-width="0.05" transform="scale(1.0, -1.0)"><circle r="92.285714" /></g></svg>
39<svg viewBox="-8.0 -4.5 16.0 9.0" xmlns="http://www.w3.org/2000/svg" xmlns:xlink="http://www.w3.org/1999/xlink" version="1.1"><g stroke-width="0.05" transform="scale(1.0, -1.0)"><circle r="94.714285" /></g></svg>
40<svg viewBox="-8.0 -4.5 16.0 9.0" xmlns="http://www.w3.org/2000/svg" xmlns:xlink="http://www.w3.org/1999/xlink" version="1.1"><g stroke-width="0.05" transform="scale(1.0, -1.0)"><circle r="97.142857" /></g></svg>
41<svg viewBox="-8.0 -4.5 16.0 9.0" xmlns="http://www.w3.org/2000/svg" xmlns:xlink="http://www.w3.org/1999/xlink" version="1.1"><g stroke-width="0.05" transform="scale(1.0, -1.0)"><circle r="99.571428" /></g></svg>
42<svg viewBox="-8.0 -4.5 16.0 9.0" xmlns="http://www.w3.org/2000/svg" xmlns:xlink="http://www.w3.org/1999/xlink" version="1.1"><g stroke-width="0.05" transform="scale(1.0, -1.0)"><circle r="102.0" /></g></svg>
43<svg viewBox="-8.0 -4.5 16.0 9.0" xmlns="http://www.w3.org/2000/svg" xmlns:xlink="http://www.w3.org/1999/xlink" version="1.1"><g stroke-width="0.05" transform="scale(1.0, -1.0)"><circle r="104.428571" /></g></svg>
44<svg viewBox="-8.0 -4.5 16.0 9.0" xmlns="http://www.w3.org/2000/svg" xmlns:xlink="http://www.w3.org/1999/xlink" version="1.1"><g stroke-width="0.05" transform="scale(1.0, -1.0)"><circle r="106.857142" /></g></svg>
45<svg viewBox="-8.0 -4.5 16.0 9.0" xmlns="http://www.w3.org/2000/svg" xmlns:xlink="http://www.w3.org/1999/xlink" version="1.1"><g stroke-width="0.05" transform="scale(1.0, -1.0)"><circle r="109.285714" /></g></svg>
46<svg viewBox="-8.0 -4.5 16.0 9.0" xmlns="http://www.w3.org/2000/svg" xmlns:xlink="http://www.w3.org/1999/xlink" version="1.1"><g stroke-width="0.05" transform="scale(1.0, -1.0)"><circle r="111.714285" /></g></svg>
47<svg viewBox="-8.0 -4.5 16.0 9.0" xmlns="http://www.w3.org/2000/svg" xmlns:xlink="http://www.w3.org/1999/xlink" version="1.1"><g stroke-width="0.05" transform="scale(1.0, -1.0)"><circle r="114.142857" /></g></svg>
48<svg viewBox="-8.0 -4.5 16.0 9.0" xmlns="http://www.w3.org/2000/svg" xmlns:xlink="http://www.w3.org/1999/xlink" version="1.1"><g stroke-width="0.05" transform="scale(1.0, -1.0)"><circle r="116.571428" /></g></svg>
49<svg viewBox="-8.0 -4.5 16.0 9.0" xmlns="http://www.w3.org/2000/svg" xmlns:xlink="http://www.w3.org/1999/xlink" version="1.1"><g stroke-width="0.05" transform="scale(1.0, -1.0)"><circle r="118.999999" /></g></svg>
