0<svg viewBox="-8 -4.5 16 9" xmlns="http://www.w3.org/2000/svg" xmlns:xlink="http://www.w3.org/1999/xlink" version="1.1" preserveAspectRatio="none"><g stroke-width="0.05" transform="scale(1, -1)"><g><g fill="#FFFFFF" transform="translate(-8, -4.5)"><rect width="16" height="9" /></g><g stroke-width="0.1" stroke="#000000" fill-opacity=""><path d="M-3, C-3,1.656854 -1.656854,3 ,3 C,3 ,3 ,3" /></g></g></g></svg>
1<svg viewBox="-8 -4.5 16 9" xmlns="http://www.w3.org/2000/svg" xmlns:xlink="http://www.w3.org/1999/xlink" version="1.1" preserveAspectRatio="none"><g stroke-width="0.05" transform="scale(1, -1)"><g><g fill="#FFFFFF" transform="translate(-8, -4.5)"><rect width="16" height="9" /></g><g stroke-width="0.1" stroke="#000000" fill-opacity=""><path d="M-3, C-3,1.656854 -1.656854,3 ,3 C0.067627,3 0.134731,2.997762 0.201242,2.993357" /></g></g></g></svg>
2<svg viewBox="-8 -4.5 16 9" xmlns="http://www.w3.org/2000/svg" xmlns:xlink="http://www.w3.org/1999/xlink" version="1.1" preserveAspectRatio="none"><g stroke-width="0.05" transform="scale(1, -1)"><g><g fill="#FFFFFF" transform="translate(-8, -4.5)"><rect width="16" height="9" /></g><g stroke-width="0.1" stroke="#000000" fill-opacity=""><path d="M-3, C-3,1.656854 -1.656854,3 ,3 C0.135253,3 0.268416,2.991049 0.398929,2.973708" /></g></g></g></svg>
3<svg viewBox="-8 -4.5 16 9" xmlns="http://www.w3.org/2000/svg" xmlns:xlink="http://www.w3.org/1999/xlink" version="1.1" preserveAspectRatio="none"><g stroke-width="0.05" transform="scale(1, -1)"><g><g fill="#FFFFFF" transform="translate(-8, -4.5)"><rect width="16" height="9" /></g><g stroke-width="0.1" stroke="#000000" fill-opacity=""><path d="M-3, C-3,1.656854 -1.656854,3 ,3 C0.20288,3 0.401057,2.979861 0.592639,2.941474" /></g></g></g></svg>
4<svg viewBox="-8 -4.5 16 9" xmlns="http://www.w3.org/2000/svg" xmlns:xlink="http://www.w3.org/1999/xlink" version="1.1" preserveAspectRatio="none"><g stroke-width="0.05" transform="scale(1, -1)"><g><g fill="#FFFFFF" transform="translate(-8, -4.5)"><rect width="16" height="9" /></g><g stroke-width="0.1" stroke="#000000" fill-opacity=""><path d="M-3, C-3,1.656854 -1.656854,3 ,3 C0.270507,3 0.532652,2.964198 0.781954,2.897073" /></g></g></g></svg>
5<svg viewBox="-8 -4.5 16 9" xmlns="http://www.w3.org/2000/svg" xmlns:xlink="http://www.w3.org/1999/xlink" version="1.1" preserveAspectRatio="none"><g stroke-width="0.05" transform="scale(1, -1)"><g><g fill="#FFFFFF" transform="translate(-8, -4.5)"><rect width="16" height="9" /></g><g stroke-width="0.1" stroke="#000000" fill-opacity=""><path d="M-3, C-3,1.656854 -1.656854,3 ,3 C0.338134,3 0.663201,2.944059 0.966453,2.840927" /></g></g></g></svg>
6<svg viewBox="-8 -4.5 16 9" xmlns="http://www.w3.org/2000/svg" xmlns:xlink="http://www.w3.org/1999/xlink" version="1.1" preserveAspectRatio="none"><g stroke-width="0.05" transform="scale(1, -1)"><g><g fill="#FFFFFF" transform="translate(-8, -4.5)"><rect width="16" height="9" /></g><g stroke-width="0.1" stroke="#000000" fill-opacity=""><path d="M-3, C-3,1.656854 -1.656854,3 ,3 C0.40576,3 0.792706,2.919445 1.145717,2.773455" /></g></g></g></svg>
7<svg viewBox="-8 -4.5 16 9" xmlns="http://www.w3.org/2000/svg" xmlns:xlink="http://www.w3.org/1999/xlink" version="1.1" preserveAspectRatio="none"><g stroke-width="0.05" transform="scale(1, -1)"><g><g fill="#FFFFFF" transform="translate(-8, -4.5)"><rect width="16" height="9" /></g><g stroke-width="0.1" stroke="#000000" fill-opacity=""><path d="M-3, C-3,1.656854 -1.656854,3 ,3 C0.473387,3 0.921165,2.890355 1.319324,2.695077" /></g></g></g></svg>
8<svg viewBox="-8 -4.5 16 9" xmlns="http://www.w3.org/2000/svg" xmlns:xlink="http://www.w3.org/1999/xlink" version="1.1" preserveAspectRatio="none"><g stroke-width="0.05" transform="scale(1, -1)"><g><g fill="#FFFFFF" transform="translate(-8, -4.5)"><rect width="16" height="9" /></g><g stroke-width="0.1" stroke="#000000" fill-opacity=""><path d="M-3, C-3,1.656854 -1.656854,3 ,3 C0.541014,3 1.048579,2.856791 1.486856,2.606213" /></g></g></g></svg>
9<svg viewBox="-8 -4.5 16 9" xmlns="http://www.w3.org/2000/svg" xmlns:xlink="http://www.w3.org/1999/xlink" version="1.1" preserveAspectRatio="none"><g stroke-width="0.05" transform="scale(1, -1)"><g><g fill="#FFFFFF" transform="translate(-8, -4.5)"><rect width="16" height="9" /></g><g stroke-width="0.1" stroke="#000000" fill-opacity=""><path d="M-3, C-3,1.656854 -1.656854,3 ,3 C0.60864,3 1.174948,2.818751 1.647892,2.507283" /></g></g></g></svg>
10<svg viewBox="-8 -4.5 16 9" xmlns="http://www.w3.org/2000/svg" xmlns:xlink="http://www.w3.org/1999/xlink" version="1.1" preserveAspectRatio="none"><g stroke-width="0.05" transform="scale(1, -1)"><g><g fill="#FFFFFF" transform="translate(-8, -4.5)"><rect width="16" height="9" /></g><g stroke-width="0.1" stroke="#000000" fill-opacity=""><path d="M-3, C-3,1.656854 -1.656854,3 ,3 C0.676267,3 1.300271,2.776236 1.802012,2.398707" /></g></g></g></svg>
11<svg viewBox="-8 -4.5 16 9" xmlns="http://www.w3.org/2000/svg" xmlns:xlink="http://www.w3.org/1999/xlink" version="1.1" preserveAspectRatio="none"><g stroke-width="0.05" transform="scale(1, -1)"><g><g fill="#FFFFFF" transform="translate(-8, -4.5)"><rect width="16" height="9" /></g><g stroke-width="0.1" stroke="#000000" fill-opacity=""><path d="M-3, C-3,1.656854 -1.656854,3 ,3 C0.743894,3 1.424549,2.729245 1.948796,2.280906" /></g></g></g></svg>
12<svg viewBox="-8 -4.5 16 9" xmlns="http://www.w3.org/2000/svg" xmlns:xlink="http://www.w3.org/1999/xlink" version="1.1" preserveAspectRatio="none"><g stroke-width="0.05" transform="scale(1, -1)"><g><g fill="#FFFFFF" transform="translate(-8, -4.5)"><rect width="16" height="9" /></g><g stroke-width="0.1" stroke="#000000" fill-opacity=""><path d="M-3, C-3,1.656854 -1.656854,3 ,3 C0.81152,3 1.547782,2.677779 2.087824,2.154299" /></g></g></g></svg>
13<svg viewBox="-8 -4.5 16 9" xmlns="http://www.w3.org/2000/svg" xmlns:xlink="http://www.w3.org/1999/xlink" version="1.1" preserveAspectRatio="none"><g stroke-width="0.05" transform="scale(1, -1)"><g><g fill="#FFFFFF" transform="translate(-8, -4.5)"><rect width="16" height="9" /></g><g stroke-width="0.1" stroke="#000000" fill-opacity=""><path d="M-3, C-3,1.656854 -1.656854,3 ,3 C0.879147,3 1.66997,2.621838 2.218677,2.019306" /></g></g></g></svg>
14<svg viewBox="-8 -4.5 16 9" xmlns="http://www.w3.org/2000/svg" xmlns:xlink="http://www.w3.org/1999/xlink" version="1.1" preserveAspectRatio="none"><g stroke-width="0.05" transform="scale(1, -1)"><g><g fill="#FFFFFF" transform="translate(-8, -4.5)"><rect width="16" height="9" /></g><g stroke-width="0.1" stroke="#000000" fill-opacity=""><path d="M-3, C-3,1.656854 -1.656854,3 ,3 C0.946774,3 1.791112,2.561422 2.340934,1.876347" /></g></g></g></svg>
15<svg viewBox="-8 -4.5 16 9" xmlns="http://www.w3.org/2000/svg" xmlns:xlink="http://www.w3.org/1999/xlink" version="1.1" preserveAspectRatio="none"><g stroke-width="0.05" transform="scale(1, -1)"><g><g fill="#FFFFFF" transform="translate(-8, -4.5)"><rect width="16" height="9" /></g><g stroke-width="0.1" stroke="#000000" fill-opacity=""><path d="M-3, C-3,1.656854 -1.656854,3 ,3 C1.014401,3 1.911209,2.49653 2.454175,1.725842" /></g></g></g></svg>
16<svg viewBox="-8 -4.5 16 9" xmlns="http://www.w3.org/2000/svg" xmlns:xlink="http://www.w3.org/1999/xlink" version="1.1" preserveAspectRatio="none"><g stroke-width="0.05" transform="scale(1, -1)"><g><g fill="#FFFFFF" transform="translate(-8, -4.5)"><rect width="16" height="9" /></g><g stroke-width="0.1" stroke="#000000" fill-opacity=""><path d="M-3, C-3,1.656854 -1.656854,3 ,3 C1.082027,3 2.030261,2.427163 2.55798,1.568212" /></g></g></g></svg>
17<svg viewBox="-8 -4.5 16 9" xmlns="http://www.w3.org/2000/svg" xmlns:xlink="http://www.w3.org/1999/xlink" version="1.1" preserveAspectRatio="none"><g stroke-width="0.05" transform="scale(1, -1)"><g><g fill="#FFFFFF" transform="translate(-8, -4.5)"><rect width="16" height="9" /></g><g stroke-width="0.1" stroke="#000000" fill-opacity=""><path d="M-3, C-3,1.656854 -1.656854,3 ,3 C1.149654,3 2.148268,2.353321 2.651929,1.403876" /></g></g></g></svg>
18<svg viewBox="-8 -4.5 16 9" xmlns="http://www.w3.org/2000/svg" xmlns:xlink="http://www.w3.org/1999/xlink" version="1.1" preserveAspectRatio="none"><g stroke-width="0.05" transform="scale(1, -1)"><g><g fill="#FFFFFF" transform="translate(-8, -4.5)"><rect width="16" height="9" /></g><g stroke-width="0.1" stroke="#000000" fill-opacity=""><path d="M-3, C-3,1.656854 -1.656854,3 ,3 C1.217281,3 2.265229,2.275003 2.735603,1.233254" /></g></g></g></svg>
19<svg viewBox="-8 -4.5 16 9" xmlns="http://www.w3.org/2000/svg" xmlns:xlink="http://www.w3.org/1999/xlink" version="1.1" preserveAspectRatio="none"><g stroke-width="0.05" transform="scale(1, -1)"><g><g fill="#FFFFFF" transform="translate(-8, -4.5)"><rect width="16" height="9" /></g><g stroke-width="0.1" stroke="#000000" fill-opacity=""><path d="M-3, C-3,1.656854 -1.656854,3 ,3 C1.284907,3 2.381145,2.192211 2.80858,1.056766" /></g></g></g></svg>
20<svg viewBox="-8 -4.5 16 9" xmlns="http://www.w3.org/2000/svg" xmlns:xlink="http://www.w3.org/1999/xlink" version="1.1" preserveAspectRatio="none"><g stroke-width="0.05" transform="scale(1, -1)"><g><g fill="#FFFFFF" transform="translate(-8, -4.5)"><rect width="16" height="9" /></g><g stroke-width="0.1" stroke="#000000" fill-opacity=""><path d="M-3, C-3,1.656854 -1.656854,3 ,3 C1.352534,3 2.496016,2.104942 2.870442,0.874832" /></g></g></g></svg>
21<svg viewBox="-8 -4.5 16 9" xmlns="http://www.w3.org/2000/svg" xmlns:xlink="http://www.w3.org/1999/xlink" version="1.1" preserveAspectRatio="none"><g stroke-width="0.05" transform="scale(1, -1)"><g><g fill="#FFFFFF" transform="translate(-8, -4.5)"><rect width="16" height="9" /></g><g stroke-width="0.1" stroke="#000000" fill-opacity=""><path d="M-3, C-3,1.656854 -1.656854,3 ,3 C1.420161,3 2.609842,2.013199 2.920768,0.687872" /></g></g></g></svg>
22<svg viewBox="-8 -4.5 16 9" xmlns="http://www.w3.org/2000/svg" xmlns:xlink="http://www.w3.org/1999/xlink" version="1.1" preserveAspectRatio="none"><g stroke-width="0.05" transform="scale(1, -1)"><g><g fill="#FFFFFF" transform="translate(-8, -4.5)"><rect width="16" height="9" /></g><g stroke-width="0.1" stroke="#000000" fill-opacity=""><path d="M-3, C-3,1.656854 -1.656854,3 ,3 C1.487787,3 2.722622,1.91698 2.959138,0.496307" /></g></g></g></svg>
23<svg viewBox="-8 -4.5 16 9" xmlns="http://www.w3.org/2000/svg" xmlns:xlink="http://www.w3.org/1999/xlink" version="1.1" preserveAspectRatio="none"><g stroke-width="0.05" transform="scale(1, -1)"><g><g fill="#FFFFFF" transform="translate(-8, -4.5)"><rect width="16" height="9" /></g><g stroke-width="0.1" stroke="#000000" fill-opacity=""><path d="M-3, C-3,1.656854 -1.656854,3 ,3 C1.555414,3 2.834357,1.816286 2.985132,0.300556" /></g></g></g></svg>
24<svg viewBox="-8 -4.5 16 9" xmlns="http://www.w3.org/2000/svg" xmlns:xlink="http://www.w3.org/1999/xlink" version="1.1" preserveAspectRatio="none"><g stroke-width="0.05" transform="scale(1, -1)"><g><g fill="#FFFFFF" transform="translate(-8, -4.5)"><rect width="16" height="9" /></g><g stroke-width="0.1" stroke="#000000" fill-opacity=""><path d="M-3, C-3,1.656854 -1.656854,3 ,3 C1.623041,3 2.945047,1.711117 2.998331,0.101039" /></g></g></g></svg>
25<svg viewBox="-8 -4.5 16 9" xmlns="http://www.w3.org/2000/svg" xmlns:xlink="http://www.w3.org/1999/xlink" version="1.1" preserveAspectRatio="none"><g stroke-width="0.05" transform="scale(1, -1)"><g><g fill="#FFFFFF" transform="translate(-8, -4.5)"><rect width="16" height="9" /></g><g stroke-width="0.1" stroke="#000000" fill-opacity=""><path d="M-3, C-3,1.656854 -1.656854,3 ,3 C1.656854,3 3,1.656854 3, C3,-0.033813 2.999441,-0.067496 2.998331,-0.101039" /></g></g></g></svg>
26<svg viewBox="-8 -4.5 16 9" xmlns="http://www.w3.org/2000/svg" xmlns:xlink="http://www.w3.org/1999/xlink" version="1.1" preserveAspectRatio="none"><g stroke-width="0.05" transform="scale(1, -1)"><g><g fill="#FFFFFF" transform="translate(-8, -4.5)"><rect width="16" height="9" /></g><g stroke-width="0.1" stroke="#000000" fill-opacity=""><path d="M-3, C-3,1.656854 -1.656854,3 ,3 C1.656854,3 3,1.656854 3, C3,-0.10144 2.994965,-0.201704 2.985132,-0.300556" /></g></g></g></svg>
27<svg viewBox="-8 -4.5 16 9" xmlns="http://www.w3.org/2000/svg" xmlns:xlink="http://www.w3.org/1999/xlink" version="1.1" preserveAspectRatio="none"><g stroke-width="0.05" transform="scale(1, -1)"><g><g fill="#FFFFFF" transform="translate(-8, -4.5)"><rect width="16" height="9" /></g><g stroke-width="0.1" stroke="#000000" fill-opacity=""><path d="M-3, C-3,1.656854 -1.656854,3 ,3 C1.656854,3 3,1.656854 3, C3,-0.169067 2.986015,-0.334867 2.959138,-0.496307" /></g></g></g></svg>
28<svg viewBox="-8 -4.5 16 9" xmlns="http://www.w3.org/2000/svg" xmlns:xlink="http://www.w3.org/1999/xlink" version="1.1" preserveAspectRatio="none"><g stroke-width="0.05" transform="scale(1, -1)"><g><g fill="#FFFFFF" transform="translate(-8, -4.5)"><rect width="16" height="9" /></g><g stroke-width="0.1" stroke="#000000" fill-opacity=""><path d="M-3, C-3,1.656854 -1.656854,3 ,3 C1.656854,3 3,1.656854 3, C3,-0.236693 2.972589,-0.466985 2.920768,-0.687872" /></g></g></g></svg>
29<svg viewBox="-8 -4.5 16 9" xmlns="http://www.w3.org/2000/svg" xmlns:xlink="http://www.w3.org/1999/xlink" version="1.1" preserveAspectRatio="none"><g stroke-width="0.05" transform="scale(1, -1)"><g><g fill="#FFFFFF" transform="translate(-8, -4.5)"><rect width="16" height="9" /></g><g stroke-width="0.1" stroke="#000000" fill-opacity=""><path d="M-3, C-3,1.656854 -1.656854,3 ,3 C1.656854,3 3,1.656854 3, C3,-0.30432 2.954688,-0.598057 2.870442,-0.874832" /></g></g></g></svg>
30<svg viewBox="-8 -4.5 16 9" xmlns="http://www.w3.org/2000/svg" xmlns:xlink="http://www.w3.org/1999/xlink" version="1.1" preserveAspectRatio="none"><g stroke-width="0.05" transform="scale(1, -1)"><g><g fill="#FFFFFF" transform="translate(-8, -4.5)"><rect width="16" height="9" /></g><g stroke-width="0.1" stroke="#000000" fill-opacity=""><path d="M-3, C-3,1.656854 -1.656854,3 ,3 C1.656854,3 3,1.656854 3, C3,-0.371947 2.932311,-0.728084 2.80858,-1.056766" /></g></g></g></svg>
31<svg viewBox="-8 -4.5 16 9" xmlns="http://www.w3.org/2000/svg" xmlns:xlink="http://www.w3.org/1999/xlink" version="1.1" preserveAspectRatio="none"><g stroke-width="0.05" transform="scale(1, -1)"><g><g fill="#FFFFFF" transform="translate(-8, -4.5)"><rect width="16" height="9" /></g><g stroke-width="0.1" stroke="#000000" fill-opacity=""><path d="M-3, C-3,1.656854 -1.656854,3 ,3 C1.656854,3 3,1.656854 3, C3,-0.439574 2.90546,-0.857066 2.735603,-1.233254" /></g></g></g></svg>
32<svg viewBox="-8 -4.5 16 9" xmlns="http://www.w3.org/2000/svg" xmlns:xlink="http://www.w3.org/1999/xlink" version="1.1" preserveAspectRatio="none"><g stroke-width="0.05" transform="scale(1, -1)"><g><g fill="#FFFFFF" transform="translate(-8, -4.5)"><rect width="16" height="9" /></g><g stroke-width="0.1" stroke="#000000" fill-opacity=""><path d="M-3, C-3,1.656854 -1.656854,3 ,3 C1.656854,3 3,1.656854 3, C3,-0.5072 2.874133,-0.985003 2.651929,-1.403876" /></g></g></g></svg>
33<svg viewBox="-8 -4.5 16 9" xmlns="http://www.w3.org/2000/svg" xmlns:xlink="http://www.w3.org/1999/xlink" version="1.1" preserveAspectRatio="none"><g stroke-width="0.05" transform="scale(1, -1)"><g><g fill="#FFFFFF" transform="translate(-8, -4.5)"><rect width="16" height="9" /></g><g stroke-width="0.1" stroke="#000000" fill-opacity=""><path d="M-3, C-3,1.656854 -1.656854,3 ,3 C1.656854,3 3,1.656854 3, C3,-0.574827 2.83833,-1.111894 2.55798,-1.568212" /></g></g></g></svg>
34<svg viewBox="-8 -4.5 16 9" xmlns="http://www.w3.org/2000/svg" xmlns:xlink="http://www.w3.org/1999/xlink" version="1.1" preserveAspectRatio="none"><g stroke-width="0.05" transform="scale(1, -1)"><g><g fill="#FFFFFF" transform="translate(-8, -4.5)"><rect width="16" height="9" /></g><g stroke-width="0.1" stroke="#000000" fill-opacity=""><path d="M-3, C-3,1.656854 -1.656854,3 ,3 C1.656854,3 3,1.656854 3, C3,-0.642454 2.798053,-1.23774 2.454175,-1.725842" /></g></g></g></svg>
35<svg viewBox="-8 -4.5 16 9" xmlns="http://www.w3.org/2000/svg" xmlns:xlink="http://www.w3.org/1999/xlink" version="1.1" preserveAspectRatio="none"><g stroke-width="0.05" transform="scale(1, -1)"><g><g fill="#FFFFFF" transform="translate(-8, -4.5)"><rect width="16" height="9" /></g><g stroke-width="0.1" stroke="#000000" fill-opacity=""><path d="M-3, C-3,1.656854 -1.656854,3 ,3 C1.656854,3 3,1.656854 3, C3,-0.71008 2.7533,-1.362541 2.340934,-1.876347" /></g></g></g></svg>
36<svg viewBox="-8 -4.5 16 9" xmlns="http://www.w3.org/2000/svg" xmlns:xlink="http://www.w3.org/1999/xlink" version="1.1" preserveAspectRatio="none"><g stroke-width="0.05" transform="scale(1, -1)"><g><g fill="#FFFFFF" transform="translate(-8, -4.5)"><rect width="16" height="9" /></g><g stroke-width="0.1" stroke="#000000" fill-opacity=""><path d="M-3, C-3,1.656854 -1.656854,3 ,3 C1.656854,3 3,1.656854 3, C3,-0.777707 2.704072,-1.486296 2.218677,-2.019306" /></g></g></g></svg>
37<svg viewBox="-8 -4.5 16 9" xmlns="http://www.w3.org/2000/svg" xmlns:xlink="http://www.w3.org/1999/xlink" version="1.1" preserveAspectRatio="none"><g stroke-width="0.05" transform="scale(1, -1)"><g><g fill="#FFFFFF" transform="translate(-8, -4.5)"><rect width="16" height="9" /></g><g stroke-width="0.1" stroke="#000000" fill-opacity=""><path d="M-3, C-3,1.656854 -1.656854,3 ,3 C1.656854,3 3,1.656854 3, C3,-0.845334 2.650368,-1.609007 2.087824,-2.154299" /></g></g></g></svg>
38<svg viewBox="-8 -4.5 16 9" xmlns="http://www.w3.org/2000/svg" xmlns:xlink="http://www.w3.org/1999/xlink" version="1.1" preserveAspectRatio="none"><g stroke-width="0.05" transform="scale(1, -1)"><g><g fill="#FFFFFF" transform="translate(-8, -4.5)"><rect width="16" height="9" /></g><g stroke-width="0.1" stroke="#000000" fill-opacity=""><path d="M-3, C-3,1.656854 -1.656854,3 ,3 C1.656854,3 3,1.656854 3, C3,-0.912961 2.592189,-1.730672 1.948796,-2.280906" /></g></g></g></svg>
39<svg viewBox="-8 -4.5 16 9" xmlns="http://www.w3.org/2000/svg" xmlns:xlink="http://www.w3.org/1999/xlink" version="1.1" preserveAspectRatio="none"><g stroke-width="0.05" transform="scale(1, -1)"><g><g fill="#FFFFFF" transform="translate(-8, -4.5)"><rect width="16" height="9" /></g><g stroke-width="0.1" stroke="#000000" fill-opacity=""><path d="M-3, C-3,1.656854 -1.656854,3 ,3 C1.656854,3 3,1.656854 3, C3,-0.980587 2.529535,-1.851292 1.802012,-2.398707" /></g></g></g></svg>
40<svg viewBox="-8 -4.5 16 9" xmlns="http://www.w3.org/2000/svg" xmlns:xlink="http://www.w3.org/1999/xlink" version="1.1" preserveAspectRatio="none"><g stroke-width="0.05" transform="scale(1, -1)"><g><g fill="#FFFFFF" transform="translate(-8, -4.5)"><rect width="16" height="9" /></g><g stroke-width="0.1" stroke="#000000" fill-opacity=""><path d="M-3, C-3,1.656854 -1.656854,3 ,3 C1.656854,3 3,1.656854 3, C3,-1.048214 2.462406,-1.970866 1.647892,-2.507283" /></g></g></g></svg>
41<svg viewBox="-8 -4.5 16 9" xmlns="http://www.w3.org/2000/svg" xmlns:xlink="http://www.w3.org/1999/xlink" version="1.1" preserveAspectRatio="none"><g stroke-width="0.05" transform="scale(1, -1)"><g><g fill="#FFFFFF" transform="translate(-8, -4.5)"><rect width="16" height="9" /></g><g stroke-width="0.1" stroke="#000000" fill-opacity=""><path d="M-3, C-3,1.656854 -1.656854,3 ,3 C1.656854,3 3,1.656854 3, C3,-1.115841 2.390801,-2.089395 1.486856,-2.606213" /></g></g></g></svg>
42<svg viewBox="-8 -4.5 16 9" xmlns="http://www.w3.org/2000/svg" xmlns:xlink="http://www.w3.org/1999/xlink" version="1.1" preserveAspectRatio="none"><g stroke-width="0.05" transform="scale(1, -1)"><g><g fill="#FFFFFF" transform="translate(-8, -4.5)"><rect width="16" height="9" /></g><g stroke-width="0.1" stroke="#000000" fill-opacity=""><path d="M-3, C-3,1.656854 -1.656854,3 ,3 C1.656854,3 3,1.656854 3, C3,-1.183467 2.314722,-2.206879 1.319324,-2.695077" /></g></g></g></svg>
43<svg viewBox="-8 -4.5 16 9" xmlns="http://www.w3.org/2000/svg" xmlns:xlink="http://www.w3.org/1999/xlink" version="1.1" preserveAspectRatio="none"><g stroke-width="0.05" transform="scale(1, -1)"><g><g fill="#FFFFFF" transform="translate(-8, -4.5)"><rect width="16" height="9" /></g><g stroke-width="0.1" stroke="#000000" fill-opacity=""><path d="M-3, C-3,1.656854 -1.656854,3 ,3 C1.656854,3 3,1.656854 3, C3,-1.251094 2.234166,-2.323318 1.145717,-2.773455" /></g></g></g></svg>
44<svg viewBox="-8 -4.5 16 9" xmlns="http://www.w3.org/2000/svg" xmlns:xlink="http://www.w3.org/1999/xlink" version="1.1" preserveAspectRatio="none"><g stroke-width="0.05" transform="scale(1, -1)"><g><g fill="#FFFFFF" transform="translate(-8, -4.5)"><rect width="16" height="9" /></g><g stroke-width="0.1" stroke="#000000" fill-opacity=""><path d="M-3, C-3,1.656854 -1.656854,3 ,3 C1.656854,3 3,1.656854 3, C3,-1.318721 2.149136,-2.438712 0.966453,-2.840927" /></g></g></g></svg>
45<svg viewBox="-8 -4.5 16 9" xmlns="http://www.w3.org/2000/svg" xmlns:xlink="http://www.w3.org/1999/xlink" version="1.1" preserveAspectRatio="none"><g stroke-width="0.05" transform="scale(1, -1)"><g><g fill="#FFFFFF" transform="translate(-8, -4.5)"><rect width="16" height="9" /></g><g stroke-width="0.1" stroke="#000000" fill-opacity=""><path d="M-3, C-3,1.656854 -1.656854,3 ,3 C1.656854,3 3,1.656854 3, C3,-1.386347 2.05963,-2.55306 0.781954,-2.897073" /></g></g></g></svg>
46<svg viewBox="-8 -4.5 16 9" xmlns="http://www.w3.org/2000/svg" xmlns:xlink="http://www.w3.org/1999/xlink" version="1.1" preserveAspectRatio="none"><g stroke-width="0.05" transform="scale(1, -1)"><g><g fill="#FFFFFF" transform="translate(-8, -4.5)"><rect width="16" height="9" /></g><g stroke-width="0.1" stroke="#000000" fill-opacity=""><path d="M-3, C-3,1.656854 -1.656854,3 ,3 C1.656854,3 3,1.656854 3, C3,-1.453974 1.965649,-2.666363 0.592639,-2.941474" /></g></g></g></svg>
47<svg viewBox="-8 -4.5 16 9" xmlns="http://www.w3.org/2000/svg" xmlns:xlink="http://www.w3.org/1999/xlink" version="1.1" preserveAspectRatio="none"><g stroke-width="0.05" transform="scale(1, -1)"><g><g fill="#FFFFFF" transform="translate(-8, -4.5)"><rect width="16" height="9" /></g><g stroke-width="0.1" stroke="#000000" fill-opacity=""><path d="M-3, C-3,1.656854 -1.656854,3 ,3 C1.656854,3 3,1.656854 3, C3,-1.521601 1.867193,-2.77862 0.398929,-2.973708" /></g></g></g></svg>
48<svg viewBox="-8 -4.5 16 9" xmlns="http://www.w3.org/2000/svg" xmlns:xlink="http://www.w3.org/1999/xlink" version="1.1" preserveAspectRatio="none"><g stroke-width="0.05" transform="scale(1, -1)"><g><g fill="#FFFFFF" transform="translate(-8, -4.5)"><rect width="16" height="9" /></g><g stroke-width="0.1" stroke="#000000" fill-opacity=""><path d="M-3, C-3,1.656854 -1.656854,3 ,3 C1.656854,3 3,1.656854 3, C3,-1.589228 1.764261,-2.889833 0.201242,-2.993357" /></g></g></g></svg>
49<svg viewBox="-8 -4.5 16 9" xmlns="http://www.w3.org/2000/svg" xmlns:xlink="http://www.w3.org/1999/xlink" version="1.1" preserveAspectRatio="none"><g stroke-width="0.05" transform="scale(1, -1)"><g><g fill="#FFFFFF" transform="translate(-8, -4.5)"><rect width="16" height="9" /></g><g stroke-width="0.1" stroke="#000000" fill-opacity=""><path d="M-3, C-3,1.656854 -1.656854,3 ,3 C1.656854,3 3,1.656854 3, C3,-1.656854 1.656854,-3 ,-3 C,-3 ,-3 ,-3" /></g></g></g></svg>
