0<svg viewBox="-8 -4.5 16 9" xmlns="http://www.w3.org/2000/svg" xmlns:xlink="http://www.w3.org/1999/xlink" version="1.1" preserveAspectRatio="none"><g stroke-width="0.05" transform="scale(1, -1)"><g><g stroke-width="0" fill="#FFFFFF" transform="translate(-8, -4.5)" fill-opacity="1"><rect width="16" height="9" /></g><g stroke-width="0.1" stroke="#000000" fill-opacity="0"><g><circle /></g></g></g></g></svg>
1<svg viewBox="-8 -4.5 16 9" xmlns="http://www.w3.org/2000/svg" xmlns:xlink="http://www.w3.org/1999/xlink" version="1.1" preserveAspectRatio="none"><g stroke-width="0.05" transform="scale(1, -1)"><g><g stroke-width="0" fill="#FFFFFF" transform="translate(-8, -4.5)" fill-opacity="1"><rect width="16" height="9" /></g><g stroke-width="0.1" stroke="#000000" fill-opacity="0"><g><circle r="0.091837" /></g></g></g></g></svg>
2<svg viewBox="-8 -4.5 16 9" xmlns="http://www.w3.org/2000/svg" xmlns:xlink="http://www.w3.org/1999/xlink" version="1.1" preserveAspectRatio="none"><g stroke-width="0.05" transform="scale(1, -1)"><g><g stroke-width="0" fill="#FFFFFF" transform="translate(-8, -4.5)" fill-opacity="1"><rect width="16" height="9" /></g><g stroke-width="0.1" stroke="#000000" fill-opacity="0"><g><circle r="0.183673" /></g></g></g></g></svg>
3<svg viewBox="-8 -4.5 16 9" xmlns="http://www.w3.org/2000/svg" xmlns:xlink="http://www.w3.org/1999/xlink" version="1.1" preserveAspectRatio="none"><g stroke-width="0.05" transform="scale(1, -1)"><g><g stroke-width="0" fill="#FFFFFF" transform="translate(-8, -4.5)" fill-opacity="1"><rect width="16" height="9" /></g><g stroke-width="0.1" stroke="#000000" fill-opacity="0"><g><circle r="0.27551" /></g></g></g></g></svg>
4<svg viewBox="-8 -4.5 16 9" xmlns="http://www.w3.org/2000/svg" xmlns:xlink="http://www.w3.org/1999/xlink" version="1.1" preserveAspectRatio="none"><g stroke-width="0.05" transform="scale(1, -1)"><g><g stroke-width="0" fill="#FFFFFF" transform="translate(-8, -4.5)" fill-opacity="1"><rect width="16" height="9" /></g><g stroke-width="0.1" stroke="#000000" fill-opacity="0"><g><circle r="0.367347" /></g></g></g></g></svg>
5<svg viewBox="-8 -4.5 16 9" xmlns="http://www.w3.org/2000/svg" xmlns:xlink="http://www.w3.org/1999/xlink" version="1.1" preserveAspectRatio="none"><g stroke-width="0.05" transform="scale(1, -1)"><g><g stroke-width="0" fill="#FFFFFF" transform="translate(-8, -4.5)" fill-opacity="1"><rect width="16" height="9" /></g><g stroke-width="0.1" stroke="#000000" fill-opacity="0"><g><circle r="0.459184" /></g></g></g></g></svg>
6<svg viewBox="-8 -4.5 16 9" xmlns="http://www.w3.org/2000/svg" xmlns:xlink="http://www.w3.org/1999/xlink" version="1.1" preserveAspectRatio="none"><g stroke-width="0.05" transform="scale(1, -1)"><g><g stroke-width="0" fill="#FFFFFF" transform="translate(-8, -4.5)" fill-opacity="1"><rect width="16" height="9" /></g><g stroke-width="0.1" stroke="#000000" fill-opacity="0"><g><circle r="0.55102" /></g></g></g></g></svg>
7<svg viewBox="-8 -4.5 16 9" xmlns="http://www.w3.org/2000/svg" xmlns:xlink="http://www.w3.org/1999/xlink" version="1.1" preserveAspectRatio="none"><g stroke-width="0.05" transform="scale(1, -1)"><g><g stroke-width="0" fill="#FFFFFF" transform="translate(-8, -4.5)" fill-opacity="1"><rect width="16" height="9" /></g><g stroke-width="0.1" stroke="#000000" fill-opacity="0"><g><circle r="0.642857" /></g></g></g></g></svg>
8<svg viewBox="-8 -4.5 16 9" xmlns="http://www.w3.org/2000/svg" xmlns:xlink="http://www.w3.org/1999/xlink" version="1.1" preserveAspectRatio="none"><g stroke-width="0.05" transform="scale(1, -1)"><g><g stroke-width="0" fill="#FFFFFF" transform="translate(-8, -4.5)" fill-opacity="1"><rect width="16" height="9" /></g><g stroke-width="0.1" stroke="#000000" fill-opacity="0"><g><circle r="0.734694" /></g></g></g></g></svg>
9<svg viewBox="-8 -4.5 16 9" xmlns="http://www.w3.org/2000/svg" xmlns:xlink="http://www.w3.org/1999/xlink" version="1.1" preserveAspectRatio="none"><g stroke-width="0.05" transform="scale(1, -1)"><g><g stroke-width="0" fill="#FFFFFF" transform="translate(-8, -4.5)" fill-opacity="1"><rect width="16" height="9" /></g><g stroke-width="0.1" stroke="#000000" fill-opacity="0"><g><circle r="0.826531" /></g></g></g></g></svg>
10<svg viewBox="-8 -4.5 16 9" xmlns="http://www.w3.org/2000/svg" xmlns:xlink="http://www.w3.org/1999/xlink" version="1.1" preserveAspectRatio="none"><g stroke-width="0.05" transform="scale(1, -1)"><g><g stroke-width="0" fill="#FFFFFF" transform="translate(-8, -4.5)" fill-opacity="1"><rect width="16" height="9" /></g><g stroke-width="0.1" stroke="#000000" fill-opacity="0"><g><circle r="0.918367" /></g></g></g></g></svg>
11<svg viewBox="-8 -4.5 16 9" xmlns="http://www.w3.org/2000/svg" xmlns:xlink="http://www.w3.org/1999/xlink" version="1.1" preserveAspectRatio="none"><g stroke-width="0.05" transform="scale(1, -1)"><g><g stroke-width="0" fill="#FFFFFF" transform="translate(-8, -4.5)" fill-opacity="1"><rect width="16" height="9" /></g><g stroke-width="0.1" stroke="#000000" fill-opacity="0"><g><circle r="1.010204" /></g></g></g></g></svg>
12<svg viewBox="-8 -4.5 16 9" xmlns="http://www.w3.org/2000/svg" xmlns:xlink="http://www.w3.org/1999/xlink" version="1.1" preserveAspectRatio="none"><g stroke-width="0.05" transform="scale(1, -1)"><g><g stroke-width="0" fill="#FFFFFF" transform="translate(-8, -4.5)" fill-opacity="1"><rect width="16" height="9" /></g><g stroke-width="0.1" stroke="#000000" fill-opacity="0"><g><circle r="1.102041" /></g></g></g></g></svg>
13<svg viewBox="-8 -4.5 16 9" xmlns="http://www.w3.org/2000/svg" xmlns:xlink="http://www.w3.org/1999/xlink" version="1.1" preserveAspectRatio="none"><g stroke-width="0.05" transform="scale(1, -1)"><g><g stroke-width="0" fill="#FFFFFF" transform="translate(-8, -4.5)" fill-opacity="1"><rect width="16" height="9" /></g><g stroke-width="0.1" stroke="#000000" fill-opacity="0"><g><circle r="1.193878" /></g></g></g></g></svg>
14<svg viewBox="-8 -4.5 16 9" xmlns="http://www.w3.org/2000/svg" xmlns:xlink="http://www.w3.org/1999/xlink" version="1.1" preserveAspectRatio="none"><g stroke-width="0.05" transform="scale(1, -1)"><g><g stroke-width="0" fill="#FFFFFF" transform="translate(-8, -4.5)" fill-opacity="1"><rect width="16" height="9" /></g><g stroke-width="0.1" stroke="#000000" fill-opacity="0"><g><circle r="1.285714" /></g></g></g></g></svg>
15<svg viewBox="-8 -4.5 16 9" xmlns="http://www.w3.org/2000/svg" xmlns:xlink="http://www.w3.org/1999/xlink" version="1.1" preserveAspectRatio="none"><g stroke-width="0.05" transform="scale(1, -1)"><g><g stroke-width="0" fill="#FFFFFF" transform="translate(-8, -4.5)" fill-opacity="1"><rect width="16" height="9" /></g><g stroke-width="0.1" stroke="#000000" fill-opacity="0"><g><circle r="1.377551" /></g></g></g></g></svg>
16<svg viewBox="-8 -4.5 16 9" xmlns="http://www.w3.org/2000/svg" xmlns:xlink="http://www.w3.org/1999/xlink" version="1.1" preserveAspectRatio="none"><g stroke-width="0.05" transform="scale(1, -1)"><g><g stroke-width="0" fill="#FFFFFF" transform="translate(-8, -4.5)" fill-opacity="1"><rect width="16" height="9" /></g><g stroke-width="0.1" stroke="#000000" fill-opacity="0"><g><circle r="1.469388" /></g></g></g></g></svg>
17<svg viewBox="-8 -4.5 16 9" xmlns="http://www.w3.org/2000/svg" xmlns:xlink="http://www.w3.org/1999/xlink" version="1.1" preserveAspectRatio="none"><g stroke-width="0.05" transform="scale(1, -1)"><g><g stroke-width="0" fill="#FFFFFF" transform="translate(-8, -4.5)" fill-opacity="1"><rect width="16" height="9" /></g><g stroke-width="0.1" stroke="#000000" fill-opacity="0"><g><circle r="1.561224" /></g></g></g></g></svg>
18<svg viewBox="-8 -4.5 16 9" xmlns="http://www.w3.org/2000/svg" xmlns:xlink="http://www.w3.org/1999/xlink" version="1.1" preserveAspectRatio="none"><g stroke-width="0.05" transform="scale(1, -1)"><g><g stroke-width="0" fill="#FFFFFF" transform="translate(-8, -4.5)" fill-opacity="1"><rect width="16" height="9" /></g><g stroke-width="0.1" stroke="#000000" fill-opacity="0"><g><circle r="1.653061" /></g></g></g></g></svg>
19<svg viewBox="-8 -4.5 16 9" xmlns="http://www.w3.org/2000/svg" xmlns:xlink="http://www.w3.org/1999/xlink" version="1.1" preserveAspectRatio="none"><g stroke-width="0.05" transform="scale(1, -1)"><g><g stroke-width="0" fill="#FFFFFF" transform="translate(-8, -4.5)" fill-opacity="1"><rect width="16" height="9" /></g><g stroke-width="0.1" stroke="#000000" fill-opacity="0"><g><circle r="1.744898" /></g></g></g></g></svg>
20<svg viewBox="-8 -4.5 16 9" xmlns="http://www.w3.org/2000/svg" xmlns:xlink="http://www.w3.org/1999/xlink" version="1.1" preserveAspectRatio="none"><g stroke-width="0.05" transform="scale(1, -1)"><g><g stroke-width="0" fill="#FFFFFF" transform="translate(-8, -4.5)" fill-opacity="1"><rect width="16" height="9" /></g><g stroke-width="0.1" stroke="#000000" fill-opacity="0"><g><circle r="1.836735" /></g></g></g></g></svg>
21<svg viewBox="-8 -4.5 16 9" xmlns="http://www.w3.org/2000/svg" xmlns:xlink="http://www.w3.org/1999/xlink" version="1.1" preserveAspectRatio="none"><g stroke-width="0.05" transform="scale(1, -1)"><g><g stroke-width="0" fill="#FFFFFF" transform="translate(-8, -4.5)" fill-opacity="1"><rect width="16" height="9" /></g><g stroke-width="0.1" stroke="#000000" fill-opacity="0"><g><circle r="1.928571" /></g></g></g></g></svg>
22<svg viewBox="-8 -4.5 16 9" xmlns="http://www.w3.org/2000/svg" xmlns:xlink="http://www.w3.org/1999/xlink" version="1.1" preserveAspectRatio="none"><g stroke-width="0.05" transform="scale(1, -1)"><g><g stroke-width="0" fill="#FFFFFF" transform="translate(-8, -4.5)" fill-opacity="1"><rect width="16" height="9" /></g><g stroke-width="0.1" stroke="#000000" fill-opacity="0"><g><circle r="2.020408" /></g></g></g></g></svg>
23<svg viewBox="-8 -4.5 16 9" xmlns="http://www.w3.org/2000/svg" xmlns:xlink="http://www.w3.org/1999/xlink" version="1.1" preserveAspectRatio="none"><g stroke-width="0.05" transform="scale(1, -1)"><g><g stroke-width="0" fill="#FFFFFF" transform="translate(-8, -4.5)" fill-opacity="1"><rect width="16" height="9" /></g><g stroke-width="0.1" stroke="#000000" fill-opacity="0"><g><circle r="2.112245" /></g></g></g></g></svg>
24<svg viewBox="-8 -4.5 16 9" xmlns="http://www.w3.org/2000/svg" xmlns:xlink="http://www.w3.org/1999/xlink" version="1.1" preserveAspectRatio="none"><g stroke-width="0.05" transform="scale(1, -1)"><g><g stroke-width="0" fill="#FFFFFF" transform="translate(-8, -4.5)" fill-opacity="1"><rect width="16" height="9" /></g><g stroke-width="0.1" stroke="#000000" fill-opacity="0"><g><circle r="2.204082" /></g></g></g></g></svg>
25<svg viewBox="-8 -4.5 16 9" xmlns="http://www.w3.org/2000/svg" xmlns:xlink="http://www.w3.org/1999/xlink" version="1.1" preserveAspectRatio="none"><g stroke-width="0.05" transform="scale(1, -1)"><g><g stroke-width="0" fill="#FFFFFF" transform="translate(-8, -4.5)" fill-opacity="1"><rect width="16" height="9" /></g><g stroke-width="0.1" stroke="#000000" fill-opacity="0"><g><circle r="2.295918" /></g></g></g></g></svg>
26<svg viewBox="-8 -4.5 16 9" xmlns="http://www.w3.org/2000/svg" xmlns:xlink="http://www.w3.org/1999/xlink" version="1.1" preserveAspectRatio="none"><g stroke-width="0.05" transform="scale(1, -1)"><g><g stroke-width="0" fill="#FFFFFF" transform="translate(-8, -4.5)" fill-opacity="1"><rect width="16" height="9" /></g><g stroke-width="0.1" stroke="#000000" fill-opacity="0"><g><circle r="2.387755" /></g></g></g></g></svg>
27<svg viewBox="-8 -4.5 16 9" xmlns="http://www.w3.org/2000/svg" xmlns:xlink="http://www.w3.org/1999/xlink" version="1.1" preserveAspectRatio="none"><g stroke-width="0.05" transform="scale(1, -1)"><g><g stroke-width="0" fill="#FFFFFF" transform="translate(-8, -4.5)" fill-opacity="1"><rect width="16" height="9" /></g><g stroke-width="0.1" stroke="#000000" fill-opacity="0"><g><circle r="2.479592" /></g></g></g></g></svg>
28<svg viewBox="-8 -4.5 16 9" xmlns="http://www.w3.org/2000/svg" xmlns:xlink="http://www.w3.org/1999/xlink" version="1.1" preserveAspectRatio="none"><g stroke-width="0.05" transform="scale(1, -1)"><g><g stroke-width="0" fill="#FFFFFF" transform="translate(-8, -4.5)" fill-opacity="1"><rect width="16" height="9" /></g><g stroke-width="0.1" stroke="#000000" fill-opacity="0"><g><circle r="2.571429" /></g></g></g></g></svg>
29<svg viewBox="-8 -4.5 16 9" xmlns="http://www.w3.org/2000/svg" xmlns:xlink="http://www.w3.org/1999/xlink" version="1.1" preserveAspectRatio="none"><g stroke-width="0.05" transform="scale(1, -1)"><g><g stroke-width="0" fill="#FFFFFF" transform="translate(-8, -4.5)" fill-opacity="1"><rect width="16" height="9" /></g><g stroke-width="0.1" stroke="#000000" fill-opacity="0"><g><circle r="2.663265" /></g></g></g></g></svg>
30<svg viewBox="-8 -4.5 16 9" xmlns="http://www.w3.org/2000/svg" xmlns:xlink="http://www.w3.org/1999/xlink" version="1.1" preserveAspectRatio="none"><g stroke-width="0.05" transform="scale(1, -1)"><g><g stroke-width="0" fill="#FFFFFF" transform="translate(-8, -4.5)" fill-opacity="1"><rect width="16" height="9" /></g><g stroke-width="0.1" stroke="#000000" fill-opacity="0"><g><circle r="2.755102" /></g></g></g></g></svg>
31<svg viewBox="-8 -4.5 16 9" xmlns="http://www.w3.org/2000/svg" xmlns:xlink="http://www.w3.org/1999/xlink" version="1.1" preserveAspectRatio="none"><g stroke-width="0.05" transform="scale(1, -1)"><g><g stroke-width="0" fill="#FFFFFF" transform="translate(-8, -4.5)" fill-opacity="1"><rect width="16" height="9" /></g><g stroke-width="0.1" stroke="#000000" fill-opacity="0"><g><circle r="2.846939" /></g></g></g></g></svg>
32<svg viewBox="-8 -4.5 16 9" xmlns="http://www.w3.org/2000/svg" xmlns:xlink="http://www.w3.org/1999/xlink" version="1.1" preserveAspectRatio="none"><g stroke-width="0.05" transform="scale(1, -1)"><g><g stroke-width="0" fill="#FFFFFF" transform="translate(-8, -4.5)" fill-opacity="1"><rect width="16" height="9" /></g><g stroke-width="0.1" stroke="#000000" fill-opacity="0"><g><circle r="2.938776" /></g></g></g></g></svg>
33<svg viewBox="-8 -4.5 16 9" xmlns="http://www.w3.org/2000/svg" xmlns:xlink="http://www.w3.org/1999/xlink" version="1.1" preserveAspectRatio="none"><g stroke-width="0.05" transform="scale(1, -1)"><g><g stroke-width="0" fill="#FFFFFF" transform="translate(-8, -4.5)" fill-opacity="1"><rect width="16" height="9" /></g><g stroke-width="0.1" stroke="#000000" fill-opacity="0"><g><circle r="3.030612" /></g></g></g></g></svg>
34<svg viewBox="-8 -4.5 16 9" xmlns="http://www.w3.org/2000/svg" xmlns:xlink="http://www.w3.org/1999/xlink" version="1.1" preserveAspectRatio="none"><g stroke-width="0.05" transform="scale(1, -1)"><g><g stroke-width="0" fill="#FFFFFF" transform="translate(-8, -4.5)" fill-opacity="1"><rect width="16" height="9" /></g><g stroke-width="0.1" stroke="#000000" fill-opacity="0"><g><circle r="3.122449" /></g></g></g></g></svg>
35<svg viewBox="-8 -4.5 16 9" xmlns="http://www.w3.org/2000/svg" xmlns:xlink="http://www.w3.org/1999/xlink" version="1.1" preserveAspectRatio="none"><g stroke-width="0.05" transform="scale(1, -1)"><g><g stroke-width="0" fill="#FFFFFF" transform="translate(-8, -4.5)" fill-opacity="1"><rect width="16" height="9" /></g><g stroke-width="0.1" stroke="#000000" fill-opacity="0"><g><circle r="3.214286" /></g></g></g></g></svg>
36<svg viewBox="-8 -4.5 16 9" xmlns="http://www.w3.org/2000/svg" xmlns:xlink="http://www.w3.org/1999/xlink" version="1.1" preserveAspectRatio="none"><g stroke-width="0.05" transform="scale(1, -1)"><g><g stroke-width="0" fill="#FFFFFF" transform="translate(-8, -4.5)" fill-opacity="1"><rect width="16" height="9" /></g><g stroke-width="0.1" stroke="#000000" fill-opacity="0"><g><circle r="3.306122" /></g></g></g></g></svg>
37<svg viewBox="-8 -4.5 16 9" xmlns="http://www.w3.org/2000/svg" xmlns:xlink="http://www.w3.org/1999/xlink" version="1.1" preserveAspectRatio="none"><g stroke-width="0.05" transform="scale(1, -1)"><g><g stroke-width="0" fill="#FFFFFF" transform="translate(-8, -4.5)" fill-opacity="1"><rect width="16" height="9" /></g><g stroke-width="0.1" stroke="#000000" fill-opacity="0"><g><circle r="3.397959" /></g></g></g></g></svg>
38<svg viewBox="-8 -4.5 16 9" xmlns="http://www.w3.org/2000/svg" xmlns:xlink="http://www.w3.org/1999/xlink" version="1.1" preserveAspectRatio="none"><g stroke-width="0.05" transform="scale(1, -1)"><g><g stroke-width="0" fill="#FFFFFF" transform="translate(-8, -4.5)" fill-opacity="1"><rect width="16" height="9" /></g><g stroke-width="0.1" stroke="#000000" fill-opacity="0"><g><circle r="3.489796" /></g></g></g></g></svg>
39<svg viewBox="-8 -4.5 16 9" xmlns="http://www.w3.org/2000/svg" xmlns:xlink="http://www.w3.org/1999/xlink" version="1.1" preserveAspectRatio="none"><g stroke-width="0.05" transform="scale(1, -1)"><g><g stroke-width="0" fill="#FFFFFF" transform="translate(-8, -4.5)" fill-opacity="1"><rect width="16" height="9" /></g><g stroke-width="0.1" stroke="#000000" fill-opacity="0"><g><circle r="3.581633" /></g></g></g></g></svg>
40<svg viewBox="-8 -4.5 16 9" xmlns="http://www.w3.org/2000/svg" xmlns:xlink="http://www.w3.org/1999/xlink" version="1.1" preserveAspectRatio="none"><g stroke-width="0.05" transform="scale(1, -1)"><g><g stroke-width="0" fill="#FFFFFF" transform="translate(-8, -4.5)" fill-opacity="1"><rect width="16" height="9" /></g><g stroke-width="0.1" stroke="#000000" fill-opacity="0"><g><circle r="3.673469" /></g></g></g></g></svg>
41<svg viewBox="-8 -4.5 16 9" xmlns="http://www.w3.org/2000/svg" xmlns:xlink="http://www.w3.org/1999/xlink" version="1.1" preserveAspectRatio="none"><g stroke-width="0.05" transform="scale(1, -1)"><g><g stroke-width="0" fill="#FFFFFF" transform="translate(-8, -4.5)" fill-opacity="1"><rect width="16" height="9" /></g><g stroke-width="0.1" stroke="#000000" fill-opacity="0"><g><circle r="3.765306" /></g></g></g></g></svg>
42<svg viewBox="-8 -4.5 16 9" xmlns="http://www.w3.org/2000/svg" xmlns:xlink="http://www.w3.org/1999/xlink" version="1.1" preserveAspectRatio="none"><g stroke-width="0.05" transform="scale(1, -1)"><g><g stroke-width="0" fill="#FFFFFF" transform="translate(-8, -4.5)" fill-opacity="1"><rect width="16" height="9" /></g><g stroke-width="0.1" stroke="#000000" fill-opacity="0"><g><circle r="3.857143" /></g></g></g></g></svg>
43<svg viewBox="-8 -4.5 16 9" xmlns="http://www.w3.org/2000/svg" xmlns:xlink="http://www.w3.org/1999/xlink" version="1.1" preserveAspectRatio="none"><g stroke-width="0.05" transform="scale(1, -1)"><g><g stroke-width="0" fill="#FFFFFF" transform="translate(-8, -4.5)" fill-opacity="1"><rect width="16" height="9" /></g><g stroke-width="0.1" stroke="#000000" fill-opacity="0"><g><circle r="3.94898" /></g></g></g></g></svg>
44<svg viewBox="-8 -4.5 16 9" xmlns="http://www.w3.org/2000/svg" xmlns:xlink="http://www.w3.org/1999/xlink" version="1.1" preserveAspectRatio="none"><g stroke-width="0.05" transform="scale(1, -1)"><g><g stroke-width="0" fill="#FFFFFF" transform="translate(-8, -4.5)" fill-opacity="1"><rect width="16" height="9" /></g><g stroke-width="0.1" stroke="#000000" fill-opacity="0"><g><circle r="4.040816" /></g></g></g></g></svg>
45<svg viewBox="-8 -4.5 16 9" xmlns="http://www.w3.org/2000/svg" xmlns:xlink="http://www.w3.org/1999/xlink" version="1.1" preserveAspectRatio="none"><g stroke-width="0.05" transform="scale(1, -1)"><g><g stroke-width="0" fill="#FFFFFF" transform="translate(-8, -4.5)" fill-opacity="1"><rect width="16" height="9" /></g><g stroke-width="0.1" stroke="#000000" fill-opacity="0"><g><circle r="4.132653" /></g></g></g></g></svg>
46<svg viewBox="-8 -4.5 16 9" xmlns="http://www.w3.org/2000/svg" xmlns:xlink="http://www.w3.org/1999/xlink" version="1.1" preserveAspectRatio="none"><g stroke-width="0.05" transform="scale(1, -1)"><g><g stroke-width="0" fill="#FFFFFF" transform="translate(-8, -4.5)" fill-opacity="1"><rect width="16" height="9" /></g><g stroke-width="0.1" stroke="#000000" fill-opacity="0"><g><circle r="4.22449" /></g></g></g></g></svg>
47<svg viewBox="-8 -4.5 16 9" xmlns="http://www.w3.org/2000/svg" xmlns:xlink="http://www.w3.org/1999/xlink" version="1.1" preserveAspectRatio="none"><g stroke-width="0.05" transform="scale(1, -1)"><g><g stroke-width="0" fill="#FFFFFF" transform="translate(-8, -4.5)" fill-opacity="1"><rect width="16" height="9" /></g><g stroke-width="0.1" stroke="#000000" fill-opacity="0"><g><circle r="4.316327" /></g></g></g></g></svg>
48<svg viewBox="-8 -4.5 16 9" xmlns="http://www.w3.org/2000/svg" xmlns:xlink="http://www.w3.org/1999/xlink" version="1.1" preserveAspectRatio="none"><g stroke-width="0.05" transform="scale(1, -1)"><g><g stroke-width="0" fill="#FFFFFF" transform="translate(-8, -4.5)" fill-opacity="1"><rect width="16" height="9" /></g><g stroke-width="0.1" stroke="#000000" fill-opacity="0"><g><circle r="4.408163" /></g></g></g></g></svg>
49<svg viewBox="-8 -4.5 16 9" xmlns="http://www.w3.org/2000/svg" xmlns:xlink="http://www.w3.org/1999/xlink" version="1.1" preserveAspectRatio="none"><g stroke-width="0.05" transform="scale(1, -1)"><g><g stroke-width="0" fill="#FFFFFF" transform="translate(-8, -4.5)" fill-opacity="1"><rect width="16" height="9" /></g><g stroke-width="0.1" stroke="#000000" fill-opacity="0"><g><circle r="4.5" /></g></g></g></g></svg>
