0<svg viewBox="-8 -4.5 16 9" xmlns="http://www.w3.org/2000/svg" xmlns:xlink="http://www.w3.org/1999/xlink" version="1.1" preserveAspectRatio="none"><g stroke-width="0.05" transform="scale(1, -1)"><g><g stroke-width="0" fill="#FFFFFF" transform="translate(-8, -4.5)" fill-opacity="1"><rect width="16" height="9" /></g><g stroke-width="0.1" stroke="#000000" fill-opacity="0"><g><path d="M-3,0 C-3,0 -3,0 -3,0" /><g transform="translate(-4, -2.25)"><path stroke-linecap="square" d="M0,0 L0,0" /></g></g></g></g></g></svg>
1<svg viewBox="-8 -4.5 16 9" xmlns="http://www.w3.org/2000/svg" xmlns:xlink="http://www.w3.org/1999/xlink" version="1.1" preserveAspectRatio="none"><g stroke-width="0.05" transform="scale(1, -1)"><g><g stroke-width="0" fill="#FFFFFF" transform="translate(-8, -4.5)" fill-opacity="1"><rect width="16" height="9" /></g><g stroke-width="0.1" stroke="#000000" fill-opacity="0"><g><path d="M-3,0 C-3,0.270507 -2.964198,0.532652 -2.897073,0.781954" /><g transform="translate(-4, -2.25)"><path stroke-linecap="square" d="M0,0 L1.020408,0" /></g></g></g></g></g></svg>
2<svg viewBox="-8 -4.5 16 9" xmlns="http://www.w3.org/2000/svg" xmlns:xlink="http://www.w3.org/1999/xlink" version="1.1" preserveAspectRatio="none"><g stroke-width="0.05" transform="scale(1, -1)"><g><g stroke-width="0" fill="#FFFFFF" transform="translate(-8, -4.5)" fill-opacity="1"><rect width="16" height="9" /></g><g stroke-width="0.1" stroke="#000000" fill-opacity="0"><g><path d="M-3,0 C-3,0.541014 -2.856791,1.048579 -2.606213,1.486856" /><g transform="translate(-4, -2.25)"><path stroke-linecap="square" d="M0,0 L2.040816,0" /></g></g></g></g></g></svg>
3<svg viewBox="-8 -4.5 16 9" xmlns="http://www.w3.org/2000/svg" xmlns:xlink="http://www.w3.org/1999/xlink" version="1.1" preserveAspectRatio="none"><g stroke-width="0.05" transform="scale(1, -1)"><g><g stroke-width="0" fill="#FFFFFF" transform="translate(-8, -4.5)" fill-opacity="1"><rect width="16" height="9" /></g><g stroke-width="0.1" stroke="#000000" fill-opacity="0"><g><path d="M-3,0 C-3,0.81152 -2.677779,1.547782 -2.154299,2.087824" /><g transform="translate(-4, -2.25)"><path stroke-linecap="square" d="M0,0 L3.061224,0" /></g></g></g></g></g></svg>
4<svg viewBox="-8 -4.5 16 9" xmlns="http://www.w3.org/2000/svg" xmlns:xlink="http://www.w3.org/1999/xlink" version="1.1" preserveAspectRatio="none"><g stroke-width="0.05" transform="scale(1, -1)"><g><g stroke-width="0" fill="#FFFFFF" transform="translate(-8, -4.5)" fill-opacity="1"><rect width="16" height="9" /></g><g stroke-width="0.1" stroke="#000000" fill-opacity="0"><g><path d="M-3,0 C-3,1.082027 -2.427163,2.030261 -1.568212,2.55798" /><g transform="translate(-4, -2.25)"><path stroke-linecap="square" d="M0,0 L4.081633,0" /></g></g></g></g></g></svg>
5<svg viewBox="-8 -4.5 16 9" xmlns="http://www.w3.org/2000/svg" xmlns:xlink="http://www.w3.org/1999/xlink" version="1.1" preserveAspectRatio="none"><g stroke-width="0.05" transform="scale(1, -1)"><g><g stroke-width="0" fill="#FFFFFF" transform="translate(-8, -4.5)" fill-opacity="1"><rect width="16" height="9" /></g><g stroke-width="0.1" stroke="#000000" fill-opacity="0"><g><path d="M-3,0 C-3,1.352534 -2.104942,2.496016 -0.874832,2.870442" /><g transform="translate(-4, -2.25)"><path stroke-linecap="square" d="M0,0 L5.102041,0" /></g></g></g></g></g></svg>
6<svg viewBox="-8 -4.5 16 9" xmlns="http://www.w3.org/2000/svg" xmlns:xlink="http://www.w3.org/1999/xlink" version="1.1" preserveAspectRatio="none"><g stroke-width="0.05" transform="scale(1, -1)"><g><g stroke-width="0" fill="#FFFFFF" transform="translate(-8, -4.5)" fill-opacity="1"><rect width="16" height="9" /></g><g stroke-width="0.1" stroke="#000000" fill-opacity="0"><g><path d="M-3,0 C-3,1.623041 -1.711117,2.945047 -0.101039,2.998331" /><g transform="translate(-4, -2.25)"><path stroke-linecap="square" d="M0,0 L6.122449,0" /></g></g></g></g></g></svg>
7<svg viewBox="-8 -4.5 16 9" xmlns="http://www.w3.org/2000/svg" xmlns:xlink="http://www.w3.org/1999/xlink" version="1.1" preserveAspectRatio="none"><g stroke-width="0.05" transform="scale(1, -1)"><g><g stroke-width="0" fill="#FFFFFF" transform="translate(-8, -4.5)" fill-opacity="1"><rect width="16" height="9" /></g><g stroke-width="0.1" stroke="#000000" fill-opacity="0"><g><path d="M-3,0 C-3,1.656854 -1.656854,3 0,3 C0.236693,3 0.466985,2.972589 0.687872,2.920768" /><g transform="translate(-4, -2.25)"><path stroke-linecap="square" d="M0,0 L7.142857,0" /></g></g></g></g></g></svg>
8<svg viewBox="-8 -4.5 16 9" xmlns="http://www.w3.org/2000/svg" xmlns:xlink="http://www.w3.org/1999/xlink" version="1.1" preserveAspectRatio="none"><g stroke-width="0.05" transform="scale(1, -1)"><g><g stroke-width="0" fill="#FFFFFF" transform="translate(-8, -4.5)" fill-opacity="1"><rect width="16" height="9" /></g><g stroke-width="0.1" stroke="#000000" fill-opacity="0"><g><path d="M-3,0 C-3,1.656854 -1.656854,3 0,3 C0.5072,3 0.985003,2.874133 1.403876,2.651929" /><g transform="translate(-4, -2.25)"><path stroke-linecap="square" d="M0,0 L8,0 L8,0.163265" /></g></g></g></g></g></svg>
9<svg viewBox="-8 -4.5 16 9" xmlns="http://www.w3.org/2000/svg" xmlns:xlink="http://www.w3.org/1999/xlink" version="1.1" preserveAspectRatio="none"><g stroke-width="0.05" transform="scale(1, -1)"><g><g stroke-width="0" fill="#FFFFFF" transform="translate(-8, -4.5)" fill-opacity="1"><rect width="16" height="9" /></g><g stroke-width="0.1" stroke="#000000" fill-opacity="0"><g><path d="M-3,0 C-3,1.656854 -1.656854,3 0,3 C0.777707,3 1.486296,2.704072 2.019306,2.218677" /><g transform="translate(-4, -2.25)"><path stroke-linecap="square" d="M0,0 L8,0 L8,1.183673" /></g></g></g></g></g></svg>
10<svg viewBox="-8 -4.5 16 9" xmlns="http://www.w3.org/2000/svg" xmlns:xlink="http://www.w3.org/1999/xlink" version="1.1" preserveAspectRatio="none"><g stroke-width="0.05" transform="scale(1, -1)"><g><g stroke-width="0" fill="#FFFFFF" transform="translate(-8, -4.5)" fill-opacity="1"><rect width="16" height="9" /></g><g stroke-width="0.1" stroke="#000000" fill-opacity="0"><g><path d="M-3,0 C-3,1.656854 -1.656854,3 0,3 C1.048214,3 1.970866,2.462406 2.507283,1.647892" /><g transform="translate(-4, -2.25)"><path stroke-linecap="square" d="M0,0 L8,0 L8,2.204082" /></g></g></g></g></g></svg>
11<svg viewBox="-8 -4.5 16 9" xmlns="http://www.w3.org/2000/svg" xmlns:xlink="http://www.w3.org/1999/xlink" version="1.1" preserveAspectRatio="none"><g stroke-width="0.05" transform="scale(1, -1)"><g><g stroke-width="0" fill="#FFFFFF" transform="translate(-8, -4.5)" fill-opacity="1"><rect width="16" height="9" /></g><g stroke-width="0.1" stroke="#000000" fill-opacity="0"><g><path d="M-3,0 C-3,1.656854 -1.656854,3 0,3 C1.318721,3 2.438712,2.149136 2.840927,0.966453" /><g transform="translate(-4, -2.25)"><path stroke-linecap="square" d="M0,0 L8,0 L8,3.22449" /></g></g></g></g></g></svg>
12<svg viewBox="-8 -4.5 16 9" xmlns="http://www.w3.org/2000/svg" xmlns:xlink="http://www.w3.org/1999/xlink" version="1.1" preserveAspectRatio="none"><g stroke-width="0.05" transform="scale(1, -1)"><g><g stroke-width="0" fill="#FFFFFF" transform="translate(-8, -4.5)" fill-opacity="1"><rect width="16" height="9" /></g><g stroke-width="0.1" stroke="#000000" fill-opacity="0"><g><path d="M-3,0 C-3,1.656854 -1.656854,3 0,3 C1.589228,3 2.889833,1.764261 2.993357,0.201242" /><g transform="translate(-4, -2.25)"><path stroke-linecap="square" d="M0,0 L8,0 L8,4.244898" /></g></g></g></g></g></svg>
13<svg viewBox="-8 -4.5 16 9" xmlns="http://www.w3.org/2000/svg" xmlns:xlink="http://www.w3.org/1999/xlink" version="1.1" preserveAspectRatio="none"><g stroke-width="0.05" transform="scale(1, -1)"><g><g stroke-width="0" fill="#FFFFFF" transform="translate(-8, -4.5)" fill-opacity="1"><rect width="16" height="9" /></g><g stroke-width="0.1" stroke="#000000" fill-opacity="0"><g><path d="M-3,0 C-3,1.656854 -1.656854,3 0,3 C1.656854,3 3,1.656854 3,0 C3,-0.20288 2.979861,-0.401057 2.941474,-0.592639" /><g transform="translate(-4, -2.25)"><path stroke-linecap="square" d="M0,0 L8,0 L8,4.5 L7.234694,4.5" /></g></g></g></g></g></svg>
14<svg viewBox="-8 -4.5 16 9" xmlns="http://www.w3.org/2000/svg" xmlns:xlink="http://www.w3.org/1999/xlink" version="1.1" preserveAspectRatio="none"><g stroke-width="0.05" transform="scale(1, -1)"><g><g stroke-width="0" fill="#FFFFFF" transform="translate(-8, -4.5)" fill-opacity="1"><rect width="16" height="9" /></g><g stroke-width="0.1" stroke="#000000" fill-opacity="0"><g><path d="M-3,0 C-3,1.656854 -1.656854,3 0,3 C1.656854,3 3,1.656854 3,0 C3,-0.473387 2.890355,-0.921165 2.695077,-1.319324" /><g transform="translate(-4, -2.25)"><path stroke-linecap="square" d="M0,0 L8,0 L8,4.5 L6.214286,4.5" /></g></g></g></g></g></svg>
15<svg viewBox="-8 -4.5 16 9" xmlns="http://www.w3.org/2000/svg" xmlns:xlink="http://www.w3.org/1999/xlink" version="1.1" preserveAspectRatio="none"><g stroke-width="0.05" transform="scale(1, -1)"><g><g stroke-width="0" fill="#FFFFFF" transform="translate(-8, -4.5)" fill-opacity="1"><rect width="16" height="9" /></g><g stroke-width="0.1" stroke="#000000" fill-opacity="0"><g><path d="M-3,0 C-3,1.656854 -1.656854,3 0,3 C1.656854,3 3,1.656854 3,0 C3,-0.743894 2.729245,-1.424549 2.280906,-1.948796" /><g transform="translate(-4, -2.25)"><path stroke-linecap="square" d="M0,0 L8,0 L8,4.5 L5.193878,4.5" /></g></g></g></g></g></svg>
16<svg viewBox="-8 -4.5 16 9" xmlns="http://www.w3.org/2000/svg" xmlns:xlink="http://www.w3.org/1999/xlink" version="1.1" preserveAspectRatio="none"><g stroke-width="0.05" transform="scale(1, -1)"><g><g stroke-width="0" fill="#FFFFFF" transform="translate(-8, -4.5)" fill-opacity="1"><rect width="16" height="9" /></g><g stroke-width="0.1" stroke="#000000" fill-opacity="0"><g><path d="M-3,0 C-3,1.656854 -1.656854,3 0,3 C1.656854,3 3,1.656854 3,0 C3,-1.014401 2.49653,-1.911209 1.725842,-2.454175" /><g transform="translate(-4, -2.25)"><path stroke-linecap="square" d="M0,0 L8,0 L8,4.5 L4.173469,4.5" /></g></g></g></g></g></svg>
17<svg viewBox="-8 -4.5 16 9" xmlns="http://www.w3.org/2000/svg" xmlns:xlink="http://www.w3.org/1999/xlink" version="1.1" preserveAspectRatio="none"><g stroke-width="0.05" transform="scale(1, -1)"><g><g stroke-width="0" fill="#FFFFFF" transform="translate(-8, -4.5)" fill-opacity="1"><rect width="16" height="9" /></g><g stroke-width="0.1" stroke="#000000" fill-opacity="0"><g><path d="M-3,0 C-3,1.656854 -1.656854,3 0,3 C1.656854,3 3,1.656854 3,0 C3,-1.284907 2.192211,-2.381145 1.056766,-2.80858" /><g transform="translate(-4, -2.25)"><path stroke-linecap="square" d="M0,0 L8,0 L8,4.5 L3.153061,4.5" /></g></g></g></g></g></svg>
18<svg viewBox="-8 -4.5 16 9" xmlns="http://www.w3.org/2000/svg" xmlns:xlink="http://www.w3.org/1999/xlink" version="1.1" preserveAspectRatio="none"><g stroke-width="0.05" transform="scale(1, -1)"><g><g stroke-width="0" fill="#FFFFFF" transform="translate(-8, -4.5)" fill-opacity="1"><rect width="16" height="9" /></g><g stroke-width="0.1" stroke="#000000" fill-opacity="0"><g><path d="M-3,0 C-3,1.656854 -1.656854,3 0,3 C1.656854,3 3,1.656854 3,0 C3,-1.555414 1.816286,-2.834357 0.300556,-2.985132" /><g transform="translate(-4, -2.25)"><path stroke-linecap="square" d="M0,0 L8,0 L8,4.5 L2.132653,4.5" /></g></g></g></g></g></svg>
19<svg viewBox="-8 -4.5 16 9" xmlns="http://www.w3.org/2000/svg" xmlns:xlink="http://www.w3.org/1999/xlink" version="1.1" preserveAspectRatio="none"><g stroke-width="0.05" transform="scale(1, -1)"><g><g stroke-width="0" fill="#FFFFFF" transform="translate(-8, -4.5)" fill-opacity="1"><rect width="16" height="9" /></g><g stroke-width="0.1" stroke="#000000" fill-opacity="0"><g><path d="M-3,0 C-3,1.656854 -1.656854,3 0,3 C1.656854,3 3,1.656854 3,0 C3,-1.656854 1.656854,-3 0,-3 C-0.169067,-3 -0.334867,-2.986015 -0.496307,-2.959138" /><g transform="translate(-4, -2.25)"><path stroke-linecap="square" d="M0,0 L8,0 L8,4.5 L1.112245,4.5" /></g></g></g></g></g></svg>
20<svg viewBox="-8 -4.5 16 9" xmlns="http://www.w3.org/2000/svg" xmlns:xlink="http://www.w3.org/1999/xlink" version="1.1" preserveAspectRatio="none"><g stroke-width="0.05" transform="scale(1, -1)"><g><g stroke-width="0" fill="#FFFFFF" transform="translate(-8, -4.5)" fill-opacity="1"><rect width="16" height="9" /></g><g stroke-width="0.1" stroke="#000000" fill-opacity="0"><g><path d="M-3,0 C-3,1.656854 -1.656854,3 0,3 C1.656854,3 3,1.656854 3,0 C3,-1.656854 1.656854,-3 0,-3 C-0.439574,-3 -0.857066,-2.90546 -1.233254,-2.735603" /><g transform="translate(-4, -2.25)"><path stroke-linecap="square" d="M0,0 L8,0 L8,4.5 L0.091837,4.5" /></g></g></g></g></g></svg>
21<svg viewBox="-8 -4.5 16 9" xmlns="http://www.w3.org/2000/svg" xmlns:xlink="http://www.w3.org/1999/xlink" version="1.1" preserveAspectRatio="none"><g stroke-width="0.05" transform="scale(1, -1)"><g><g stroke-width="0" fill="#FFFFFF" transform="translate(-8, -4.5)" fill-opacity="1"><rect width="16" height="9" /></g><g stroke-width="0.1" stroke="#000000" fill-opacity="0"><g><path d="M-3,0 C-3,1.656854 -1.656854,3 0,3 C1.656854,3 3,1.656854 3,0 C3,-1.656854 1.656854,-3 0,-3 C-0.71008,-3 -1.362541,-2.7533 -1.876347,-2.340934" /><g transform="translate(-4, -2.25)"><path stroke-linecap="square" d="M0,0 L8,0 L8,4.5 L0,4.5 L0,3.571429" /></g></g></g></g></g></svg>
22<svg viewBox="-8 -4.5 16 9" xmlns="http://www.w3.org/2000/svg" xmlns:xlink="http://www.w3.org/1999/xlink" version="1.1" preserveAspectRatio="none"><g stroke-width="0.05" transform="scale(1, -1)"><g><g stroke-width="0" fill="#FFFFFF" transform="translate(-8, -4.5)" fill-opacity="1"><rect width="16" height="9" /></g><g stroke-width="0.1" stroke="#000000" fill-opacity="0"><g><path d="M-3,0 C-3,1.656854 -1.656854,3 0,3 C1.656854,3 3,1.656854 3,0 C3,-1.656854 1.656854,-3 0,-3 C-0.980587,-3 -1.851292,-2.529535 -2.398707,-1.802012" /><g transform="translate(-4, -2.25)"><path stroke-linecap="square" d="M0,0 L8,0 L8,4.5 L0,4.5 L0,2.55102" /></g></g></g></g></g></svg>
23<svg viewBox="-8 -4.5 16 9" xmlns="http://www.w3.org/2000/svg" xmlns:xlink="http://www.w3.org/1999/xlink" version="1.1" preserveAspectRatio="none"><g stroke-width="0.05" transform="scale(1, -1)"><g><g stroke-width="0" fill="#FFFFFF" transform="translate(-8, -4.5)" fill-opacity="1"><rect width="16" height="9" /></g><g stroke-width="0.1" stroke="#000000" fill-opacity="0"><g><path d="M-3,0 C-3,1.656854 -1.656854,3 0,3 C1.656854,3 3,1.656854 3,0 C3,-1.656854 1.656854,-3 0,-3 C-1.251094,-3 -2.323318,-2.234166 -2.773455,-1.145717" /><g transform="translate(-4, -2.25)"><path stroke-linecap="square" d="M0,0 L8,0 L8,4.5 L0,4.5 L0,1.530612" /></g></g></g></g></g></svg>
24<svg viewBox="-8 -4.5 16 9" xmlns="http://www.w3.org/2000/svg" xmlns:xlink="http://www.w3.org/1999/xlink" version="1.1" preserveAspectRatio="none"><g stroke-width="0.05" transform="scale(1, -1)"><g><g stroke-width="0" fill="#FFFFFF" transform="translate(-8, -4.5)" fill-opacity="1"><rect width="16" height="9" /></g><g stroke-width="0.1" stroke="#000000" fill-opacity="0"><g><path d="M-3,0 C-3,1.656854 -1.656854,3 0,3 C1.656854,3 3,1.656854 3,0 C3,-1.656854 1.656854,-3 0,-3 C-1.521601,-3 -2.77862,-1.867193 -2.973708,-0.398929" /><g transform="translate(-4, -2.25)"><path stroke-linecap="square" d="M0,0 L8,0 L8,4.5 L0,4.5 L0,0.510204" /></g></g></g></g></g></svg>
25<svg viewBox="-8 -4.5 16 9" xmlns="http://www.w3.org/2000/svg" xmlns:xlink="http://www.w3.org/1999/xlink" version="1.1" preserveAspectRatio="none"><g stroke-width="0.05" transform="scale(1, -1)"><g><g stroke-width="0" fill="#FFFFFF" transform="translate(-8, -4.5)" fill-opacity="1"><rect width="16" height="9" /></g><g stroke-width="0.1" stroke="#000000" fill-opacity="0"><g><path d="M-3,0 a3 3 0 1 0 6,0 3 3 0 1 0 -6,0" /><g transform="translate(-4, -2.25)"><path stroke-linecap="square" d="M0,0 L8,0 L8,4.5 L0,4.5 L0,0.510204" /></g></g></g></g></g></svg>
26<svg viewBox="-8 -4.5 16 9" xmlns="http://www.w3.org/2000/svg" xmlns:xlink="http://www.w3.org/1999/xlink" version="1.1" preserveAspectRatio="none"><g stroke-width="0.05" transform="scale(1, -1)"><g><g stroke-width="0" fill="#FFFFFF" transform="translate(-8, -4.5)" fill-opacity="1"><rect width="16" height="9" /></g><g stroke-width="0.1" stroke="#000000" fill-opacity="0"><g><path d="M-3,0 a3 3 0 1 0 6,0 3 3 0 1 0 -6,0" /><g transform="translate(-4, -2.25)"><path stroke-linecap="square" d="M0,0 L8,0 L8,4.5 L0,4.5 L0,1.530612" /></g></g></g></g></g></svg>
27<svg viewBox="-8 -4.5 16 9" xmlns="http://www.w3.org/2000/svg" xmlns:xlink="http://www.w3.org/1999/xlink" version="1.1" preserveAspectRatio="none"><g stroke-width="0.05" transform="scale(1, -1)"><g><g stroke-width="0" fill="#FFFFFF" transform="translate(-8, -4.5)" fill-opacity="1"><rect width="16" height="9" /></g><g stroke-width="0.1" stroke="#000000" fill-opacity="0"><g><path d="M-3,0 a3 3 0 1 0 6,0 3 3 0 1 0 -6,0" /><g transform="translate(-4, -2.25)"><path stroke-linecap="square" d="M0,0 L8,0 L8,4.5 L0,4.5 L0,2.55102" /></g></g></g></g></g></svg>
28<svg viewBox="-8 -4.5 16 9" xmlns="http://www.w3.org/2000/svg" xmlns:xlink="http://www.w3.org/1999/xlink" version="1.1" preserveAspectRatio="none"><g stroke-width="0.05" transform="scale(1, -1)"><g><g stroke-width="0" fill="#FFFFFF" transform="translate(-8, -4.5)" fill-opacity="1"><rect width="16" height="9" /></g><g stroke-width="0.1" stroke="#000000" fill-opacity="0"><g><path d="M-3,0 a3 3 0 1 0 6,0 3 3 0 1 0 -6,0" /><g transform="translate(-4, -2.25)"><path stroke-linecap="square" d="M0,0 L8,0 L8,4.5 L0,4.5 L0,3.571429" /></g></g></g></g></g></svg>
29<svg viewBox="-8 -4.5 16 9" xmlns="http://www.w3.org/2000/svg" xmlns:xlink="http://www.w3.org/1999/xlink" version="1.1" preserveAspectRatio="none"><g stroke-width="0.05" transform="scale(1, -1)"><g><g stroke-width="0" fill="#FFFFFF" transform="translate(-8, -4.5)" fill-opacity="1"><rect width="16" height="9" /></g><g stroke-width="0.1" stroke="#000000" fill-opacity="0"><g><path d="M-3,0 a3 3 0 1 0 6,0 3 3 0 1 0 -6,0" /><g transform="translate(-4, -2.25)"><path stroke-linecap="square" d="M0,0 L8,0 L8,4.5 L0.091837,4.5" /></g></g></g></g></g></svg>
30<svg viewBox="-8 -4.5 16 9" xmlns="http://www.w3.org/2000/svg" xmlns:xlink="http://www.w3.org/1999/xlink" version="1.1" preserveAspectRatio="none"><g stroke-width="0.05" transform="scale(1, -1)"><g><g stroke-width="0" fill="#FFFFFF" transform="translate(-8, -4.5)" fill-opacity="1"><rect width="16" height="9" /></g><g stroke-width="0.1" stroke="#000000" fill-opacity="0"><g><path d="M-3,0 a3 3 0 1 0 6,0 3 3 0 1 0 -6,0" /><g transform="translate(-4, -2.25)"><path stroke-linecap="square" d="M0,0 L8,0 L8,4.5 L1.112245,4.5" /></g></g></g></g></g></svg>
31<svg viewBox="-8 -4.5 16 9" xmlns="http://www.w3.org/2000/svg" xmlns:xlink="http://www.w3.org/1999/xlink" version="1.1" preserveAspectRatio="none"><g stroke-width="0.05" transform="scale(1, -1)"><g><g stroke-width="0" fill="#FFFFFF" transform="translate(-8, -4.5)" fill-opacity="1"><rect width="16" height="9" /></g><g stroke-width="0.1" stroke="#000000" fill-opacity="0"><g><path d="M-3,0 a3 3 0 1 0 6,0 3 3 0 1 0 -6,0" /><g transform="translate(-4, -2.25)"><path stroke-linecap="square" d="M0,0 L8,0 L8,4.5 L2.132653,4.5" /></g></g></g></g></g></svg>
32<svg viewBox="-8 -4.5 16 9" xmlns="http://www.w3.org/2000/svg" xmlns:xlink="http://www.w3.org/1999/xlink" version="1.1" preserveAspectRatio="none"><g stroke-width="0.05" transform="scale(1, -1)"><g><g stroke-width="0" fill="#FFFFFF" transform="translate(-8, -4.5)" fill-opacity="1"><rect width="16" height="9" /></g><g stroke-width="0.1" stroke="#000000" fill-opacity="0"><g><path d="M-3,0 a3 3 0 1 0 6,0 3 3 0 1 0 -6,0" /><g transform="translate(-4, -2.25)"><path stroke-linecap="square" d="M0,0 L8,0 L8,4.5 L3.153061,4.5" /></g></g></g></g></g></svg>
33<svg viewBox="-8 -4.5 16 9" xmlns="http://www.w3.org/2000/svg" xmlns:xlink="http://www.w3.org/1999/xlink" version="1.1" preserveAspectRatio="none"><g stroke-width="0.05" transform="scale(1, -1)"><g><g stroke-width="0" fill="#FFFFFF" transform="translate(-8, -4.5)" fill-opacity="1"><rect width="16" height="9" /></g><g stroke-width="0.1" stroke="#000000" fill-opacity="0"><g><path d="M-3,0 a3 3 0 1 0 6,0 3 3 0 1 0 -6,0" /><g transform="translate(-4, -2.25)"><path stroke-linecap="square" d="M0,0 L8,0 L8,4.5 L4.173469,4.5" /></g></g></g></g></g></svg>
34<svg viewBox="-8 -4.5 16 9" xmlns="http://www.w3.org/2000/svg" xmlns:xlink="http://www.w3.org/1999/xlink" version="1.1" preserveAspectRatio="none"><g stroke-width="0.05" transform="scale(1, -1)"><g><g stroke-width="0" fill="#FFFFFF" transform="translate(-8, -4.5)" fill-opacity="1"><rect width="16" height="9" /></g><g stroke-width="0.1" stroke="#000000" fill-opacity="0"><g><path d="M-3,0 a3 3 0 1 0 6,0 3 3 0 1 0 -6,0" /><g transform="translate(-4, -2.25)"><path stroke-linecap="square" d="M0,0 L8,0 L8,4.5 L5.193878,4.5" /></g></g></g></g></g></svg>
35<svg viewBox="-8 -4.5 16 9" xmlns="http://www.w3.org/2000/svg" xmlns:xlink="http://www.w3.org/1999/xlink" version="1.1" preserveAspectRatio="none"><g stroke-width="0.05" transform="scale(1, -1)"><g><g stroke-width="0" fill="#FFFFFF" transform="translate(-8, -4.5)" fill-opacity="1"><rect width="16" height="9" /></g><g stroke-width="0.1" stroke="#000000" fill-opacity="0"><g><path d="M-3,0 a3 3 0 1 0 6,0 3 3 0 1 0 -6,0" /><g transform="translate(-4, -2.25)"><path stroke-linecap="square" d="M0,0 L8,0 L8,4.5 L6.214286,4.5" /></g></g></g></g></g></svg>
36<svg viewBox="-8 -4.5 16 9" xmlns="http://www.w3.org/2000/svg" xmlns:xlink="http://www.w3.org/1999/xlink" version="1.1" preserveAspectRatio="none"><g stroke-width="0.05" transform="scale(1, -1)"><g><g stroke-width="0" fill="#FFFFFF" transform="translate(-8, -4.5)" fill-opacity="1"><rect width="16" height="9" /></g><g stroke-width="0.1" stroke="#000000" fill-opacity="0"><g><path d="M-3,0 a3 3 0 1 0 6,0 3 3 0 1 0 -6,0" /><g transform="translate(-4, -2.25)"><path stroke-linecap="square" d="M0,0 L8,0 L8,4.5 L7.234694,4.5" /></g></g></g></g></g></svg>
37<svg viewBox="-8 -4.5 16 9" xmlns="http://www.w3.org/2000/svg" xmlns:xlink="http://www.w3.org/1999/xlink" version="1.1" preserveAspectRatio="none"><g stroke-width="0.05" transform="scale(1, -1)"><g><g stroke-width="0" fill="#FFFFFF" transform="translate(-8, -4.5)" fill-opacity="1"><rect width="16" height="9" /></g><g stroke-width="0.1" stroke="#000000" fill-opacity="0"><g><path d="M-3,0 a3 3 0 1 0 6,0 3 3 0 1 0 -6,0" /><g transform="translate(-4, -2.25)"><path stroke-linecap="square" d="M0,0 L8,0 L8,4.244898" /></g></g></g></g></g></svg>
38<svg viewBox="-8 -4.5 16 9" xmlns="http://www.w3.org/2000/svg" xmlns:xlink="http://www.w3.org/1999/xlink" version="1.1" preserveAspectRatio="none"><g stroke-width="0.05" transform="scale(1, -1)"><g><g stroke-width="0" fill="#FFFFFF" transform="translate(-8, -4.5)" fill-opacity="1"><rect width="16" height="9" /></g><g stroke-width="0.1" stroke="#000000" fill-opacity="0"><g><path d="M-3,0 a3 3 0 1 0 6,0 3 3 0 1 0 -6,0" /><g transform="translate(-4, -2.25)"><path stroke-linecap="square" d="M0,0 L8,0 L8,3.22449" /></g></g></g></g></g></svg>
39<svg viewBox="-8 -4.5 16 9" xmlns="http://www.w3.org/2000/svg" xmlns:xlink="http://www.w3.org/1999/xlink" version="1.1" preserveAspectRatio="none"><g stroke-width="0.05" transform="scale(1, -1)"><g><g stroke-width="0" fill="#FFFFFF" transform="translate(-8, -4.5)" fill-opacity="1"><rect width="16" height="9" /></g><g stroke-width="0.1" stroke="#000000" fill-opacity="0"><g><path d="M-3,0 a3 3 0 1 0 6,0 3 3 0 1 0 -6,0" /><g transform="translate(-4, -2.25)"><path stroke-linecap="square" d="M0,0 L8,0 L8,2.204082" /></g></g></g></g></g></svg>
40<svg viewBox="-8 -4.5 16 9" xmlns="http://www.w3.org/2000/svg" xmlns:xlink="http://www.w3.org/1999/xlink" version="1.1" preserveAspectRatio="none"><g stroke-width="0.05" transform="scale(1, -1)"><g><g stroke-width="0" fill="#FFFFFF" transform="translate(-8, -4.5)" fill-opacity="1"><rect width="16" height="9" /></g><g stroke-width="0.1" stroke="#000000" fill-opacity="0"><g><path d="M-3,0 a3 3 0 1 0 6,0 3 3 0 1 0 -6,0" /><g transform="translate(-4, -2.25)"><path stroke-linecap="square" d="M0,0 L8,0 L8,1.183673" /></g></g></g></g></g></svg>
41<svg viewBox="-8 -4.5 16 9" xmlns="http://www.w3.org/2000/svg" xmlns:xlink="http://www.w3.org/1999/xlink" version="1.1" preserveAspectRatio="none"><g stroke-width="0.05" transform="scale(1, -1)"><g><g stroke-width="0" fill="#FFFFFF" transform="translate(-8, -4.5)" fill-opacity="1"><rect width="16" height="9" /></g><g stroke-width="0.1" stroke="#000000" fill-opacity="0"><g><path d="M-3,0 a3 3 0 1 0 6,0 3 3 0 1 0 -6,0" /><g transform="translate(-4, -2.25)"><path stroke-linecap="square" d="M0,0 L8,0 L8,0.163265" /></g></g></g></g></g></svg>
42<svg viewBox="-8 -4.5 16 9" xmlns="http://www.w3.org/2000/svg" xmlns:xlink="http://www.w3.org/1999/xlink" version="1.1" preserveAspectRatio="none"><g stroke-width="0.05" transform="scale(1, -1)"><g><g stroke-width="0" fill="#FFFFFF" transform="translate(-8, -4.5)" fill-opacity="1"><rect width="16" height="9" /></g><g stroke-width="0.1" stroke="#000000" fill-opacity="0"><g><path d="M-3,0 a3 3 0 1 0 6,0 3 3 0 1 0 -6,0" /><g transform="translate(-4, -2.25)"><path stroke-linecap="square" d="M0,0 L7.142857,0" /></g></g></g></g></g></svg>
43<svg viewBox="-8 -4.5 16 9" xmlns="http://www.w3.org/2000/svg" xmlns:xlink="http://www.w3.org/1999/xlink" version="1.1" preserveAspectRatio="none"><g stroke-width="0.05" transform="scale(1, -1)"><g><g stroke-width="0" fill="#FFFFFF" transform="translate(-8, -4.5)" fill-opacity="1"><rect width="16" height="9" /></g><g stroke-width="0.1" stroke="#000000" fill-opacity="0"><g><path d="M-3,0 a3 3 0 1 0 6,0 3 3 0 1 0 -6,0" /><g transform="translate(-4, -2.25)"><path stroke-linecap="square" d="M0,0 L6.122449,0" /></g></g></g></g></g></svg>
44<svg viewBox="-8 -4.5 16 9" xmlns="http://www.w3.org/2000/svg" xmlns:xlink="http://www.w3.org/1999/xlink" version="1.1" preserveAspectRatio="none"><g stroke-width="0.05" transform="scale(1, -1)"><g><g stroke-width="0" fill="#FFFFFF" transform="translate(-8, -4.5)" fill-opacity="1"><rect width="16" height="9" /></g><g stroke-width="0.1" stroke="#000000" fill-opacity="0"><g><path d="M-3,0 a3 3 0 1 0 6,0 3 3 0 1 0 -6,0" /><g transform="translate(-4, -2.25)"><path stroke-linecap="square" d="M0,0 L5.102041,0" /></g></g></g></g></g></svg>
45<svg viewBox="-8 -4.5 16 9" xmlns="http://www.w3.org/2000/svg" xmlns:xlink="http://www.w3.org/1999/xlink" version="1.1" preserveAspectRatio="none"><g stroke-width="0.05" transform="scale(1, -1)"><g><g stroke-width="0" fill="#FFFFFF" transform="translate(-8, -4.5)" fill-opacity="1"><rect width="16" height="9" /></g><g stroke-width="0.1" stroke="#000000" fill-opacity="0"><g><path d="M-3,0 a3 3 0 1 0 6,0 3 3 0 1 0 -6,0" /><g transform="translate(-4, -2.25)"><path stroke-linecap="square" d="M0,0 L4.081633,0" /></g></g></g></g></g></svg>
46<svg viewBox="-8 -4.5 16 9" xmlns="http://www.w3.org/2000/svg" xmlns:xlink="http://www.w3.org/1999/xlink" version="1.1" preserveAspectRatio="none"><g stroke-width="0.05" transform="scale(1, -1)"><g><g stroke-width="0" fill="#FFFFFF" transform="translate(-8, -4.5)" fill-opacity="1"><rect width="16" height="9" /></g><g stroke-width="0.1" stroke="#000000" fill-opacity="0"><g><path d="M-3,0 a3 3 0 1 0 6,0 3 3 0 1 0 -6,0" /><g transform="translate(-4, -2.25)"><path stroke-linecap="square" d="M0,0 L3.061224,0" /></g></g></g></g></g></svg>
47<svg viewBox="-8 -4.5 16 9" xmlns="http://www.w3.org/2000/svg" xmlns:xlink="http://www.w3.org/1999/xlink" version="1.1" preserveAspectRatio="none"><g stroke-width="0.05" transform="scale(1, -1)"><g><g stroke-width="0" fill="#FFFFFF" transform="translate(-8, -4.5)" fill-opacity="1"><rect width="16" height="9" /></g><g stroke-width="0.1" stroke="#000000" fill-opacity="0"><g><path d="M-3,0 a3 3 0 1 0 6,0 3 3 0 1 0 -6,0" /><g transform="translate(-4, -2.25)"><path stroke-linecap="square" d="M0,0 L2.040816,0" /></g></g></g></g></g></svg>
48<svg viewBox="-8 -4.5 16 9" xmlns="http://www.w3.org/2000/svg" xmlns:xlink="http://www.w3.org/1999/xlink" version="1.1" preserveAspectRatio="none"><g stroke-width="0.05" transform="scale(1, -1)"><g><g stroke-width="0" fill="#FFFFFF" transform="translate(-8, -4.5)" fill-opacity="1"><rect width="16" height="9" /></g><g stroke-width="0.1" stroke="#000000" fill-opacity="0"><g><path d="M-3,0 a3 3 0 1 0 6,0 3 3 0 1 0 -6,0" /><g transform="translate(-4, -2.25)"><path stroke-linecap="square" d="M0,0 L1.020408,0" /></g></g></g></g></g></svg>
49<svg viewBox="-8 -4.5 16 9" xmlns="http://www.w3.org/2000/svg" xmlns:xlink="http://www.w3.org/1999/xlink" version="1.1" preserveAspectRatio="none"><g stroke-width="0.05" transform="scale(1, -1)"><g><g stroke-width="0" fill="#FFFFFF" transform="translate(-8, -4.5)" fill-opacity="1"><rect width="16" height="9" /></g><g stroke-width="0.1" stroke="#000000" fill-opacity="0"><g><path d="M-3,0 a3 3 0 1 0 6,0 3 3 0 1 0 -6,0" /><g transform="translate(-4, -2.25)"><path stroke-linecap="square" d="M0,0 L0,0" /></g></g></g></g></g></svg>
