0<svg viewBox="-8 -4.5 16 9" xmlns="http://www.w3.org/2000/svg" xmlns:xlink="http://www.w3.org/1999/xlink" version="1.1" preserveAspectRatio="none"><g stroke-width="0.05" transform="scale(1, -1)"><g><g fill="#FFFFFF" transform="translate(-8, -4.5)"><rect width="16" height="9" /></g><g stroke-width="0.1" stroke="#000000" fill-opacity=""><g><g><line x1="-6.4" x2="6.4" /><g transform="translate(-6.4, )"><circle fill-opacity="1" r="0.5" /></g></g></g></g></g></g></svg>
1<svg viewBox="-8 -4.5 16 9" xmlns="http://www.w3.org/2000/svg" xmlns:xlink="http://www.w3.org/1999/xlink" version="1.1" preserveAspectRatio="none"><g stroke-width="0.05" transform="scale(1, -1)"><g><g fill="#FFFFFF" transform="translate(-8, -4.5)"><rect width="16" height="9" /></g><g stroke-width="0.1" stroke="#000000" fill-opacity=""><g><g><line x1="-6.4" x2="6.4" /><g transform="translate(-6.008163, )"><circle fill-opacity="1" r="0.5" /></g></g></g></g></g></g></svg>
2<svg viewBox="-8 -4.5 16 9" xmlns="http://www.w3.org/2000/svg" xmlns:xlink="http://www.w3.org/1999/xlink" version="1.1" preserveAspectRatio="none"><g stroke-width="0.05" transform="scale(1, -1)"><g><g fill="#FFFFFF" transform="translate(-8, -4.5)"><rect width="16" height="9" /></g><g stroke-width="0.1" stroke="#000000" fill-opacity=""><g><g><line x1="-6.4" x2="6.4" /><g transform="translate(-5.616327, )"><circle fill-opacity="1" r="0.5" /></g></g></g></g></g></g></svg>
3<svg viewBox="-8 -4.5 16 9" xmlns="http://www.w3.org/2000/svg" xmlns:xlink="http://www.w3.org/1999/xlink" version="1.1" preserveAspectRatio="none"><g stroke-width="0.05" transform="scale(1, -1)"><g><g fill="#FFFFFF" transform="translate(-8, -4.5)"><rect width="16" height="9" /></g><g stroke-width="0.1" stroke="#000000" fill-opacity=""><g><g><line x1="-6.4" x2="6.4" /><g transform="translate(-5.22449, )"><circle fill-opacity="1" r="0.5" /></g></g></g></g></g></g></svg>
4<svg viewBox="-8 -4.5 16 9" xmlns="http://www.w3.org/2000/svg" xmlns:xlink="http://www.w3.org/1999/xlink" version="1.1" preserveAspectRatio="none"><g stroke-width="0.05" transform="scale(1, -1)"><g><g fill="#FFFFFF" transform="translate(-8, -4.5)"><rect width="16" height="9" /></g><g stroke-width="0.1" stroke="#000000" fill-opacity=""><g><g><line x1="-6.4" x2="6.4" /><g transform="translate(-4.832653, )"><circle fill-opacity="1" r="0.5" /></g></g></g></g></g></g></svg>
5<svg viewBox="-8 -4.5 16 9" xmlns="http://www.w3.org/2000/svg" xmlns:xlink="http://www.w3.org/1999/xlink" version="1.1" preserveAspectRatio="none"><g stroke-width="0.05" transform="scale(1, -1)"><g><g fill="#FFFFFF" transform="translate(-8, -4.5)"><rect width="16" height="9" /></g><g stroke-width="0.1" stroke="#000000" fill-opacity=""><g><g><line x1="-6.4" x2="6.4" /><g transform="translate(-4.440816, )"><circle fill-opacity="1" r="0.5" /></g></g></g></g></g></g></svg>
6<svg viewBox="-8 -4.5 16 9" xmlns="http://www.w3.org/2000/svg" xmlns:xlink="http://www.w3.org/1999/xlink" version="1.1" preserveAspectRatio="none"><g stroke-width="0.05" transform="scale(1, -1)"><g><g fill="#FFFFFF" transform="translate(-8, -4.5)"><rect width="16" height="9" /></g><g stroke-width="0.1" stroke="#000000" fill-opacity=""><g><g><line x1="-6.4" x2="6.4" /><g transform="translate(-4.04898, )"><circle fill-opacity="1" r="0.5" /></g></g></g></g></g></g></svg>
7<svg viewBox="-8 -4.5 16 9" xmlns="http://www.w3.org/2000/svg" xmlns:xlink="http://www.w3.org/1999/xlink" version="1.1" preserveAspectRatio="none"><g stroke-width="0.05" transform="scale(1, -1)"><g><g fill="#FFFFFF" transform="translate(-8, -4.5)"><rect width="16" height="9" /></g><g stroke-width="0.1" stroke="#000000" fill-opacity=""><g><g><line x1="-6.4" x2="6.4" /><g transform="translate(-3.657143, )"><circle fill-opacity="1" r="0.5" /></g></g></g></g></g></g></svg>
8<svg viewBox="-8 -4.5 16 9" xmlns="http://www.w3.org/2000/svg" xmlns:xlink="http://www.w3.org/1999/xlink" version="1.1" preserveAspectRatio="none"><g stroke-width="0.05" transform="scale(1, -1)"><g><g fill="#FFFFFF" transform="translate(-8, -4.5)"><rect width="16" height="9" /></g><g stroke-width="0.1" stroke="#000000" fill-opacity=""><g><g><line x1="-6.4" x2="6.4" /><g transform="translate(-3.265306, )"><circle fill-opacity="1" r="0.5" /></g></g></g></g></g></g></svg>
9<svg viewBox="-8 -4.5 16 9" xmlns="http://www.w3.org/2000/svg" xmlns:xlink="http://www.w3.org/1999/xlink" version="1.1" preserveAspectRatio="none"><g stroke-width="0.05" transform="scale(1, -1)"><g><g fill="#FFFFFF" transform="translate(-8, -4.5)"><rect width="16" height="9" /></g><g stroke-width="0.1" stroke="#000000" fill-opacity=""><g><g><line x1="-6.4" x2="6.4" /><g transform="translate(-2.873469, )"><circle fill-opacity="1" r="0.5" /></g></g></g></g></g></g></svg>
10<svg viewBox="-8 -4.5 16 9" xmlns="http://www.w3.org/2000/svg" xmlns:xlink="http://www.w3.org/1999/xlink" version="1.1" preserveAspectRatio="none"><g stroke-width="0.05" transform="scale(1, -1)"><g><g fill="#FFFFFF" transform="translate(-8, -4.5)"><rect width="16" height="9" /></g><g stroke-width="0.1" stroke="#000000" fill-opacity=""><g><g><line x1="-6.4" x2="6.4" /><g transform="translate(-2.481633, )"><circle fill-opacity="1" r="0.5" /></g></g></g></g></g></g></svg>
11<svg viewBox="-8 -4.5 16 9" xmlns="http://www.w3.org/2000/svg" xmlns:xlink="http://www.w3.org/1999/xlink" version="1.1" preserveAspectRatio="none"><g stroke-width="0.05" transform="scale(1, -1)"><g><g fill="#FFFFFF" transform="translate(-8, -4.5)"><rect width="16" height="9" /></g><g stroke-width="0.1" stroke="#000000" fill-opacity=""><g><g><line x1="-6.4" x2="6.4" /><g transform="translate(-2.089796, )"><circle fill-opacity="1" r="0.5" /></g></g></g></g></g></g></svg>
12<svg viewBox="-8 -4.5 16 9" xmlns="http://www.w3.org/2000/svg" xmlns:xlink="http://www.w3.org/1999/xlink" version="1.1" preserveAspectRatio="none"><g stroke-width="0.05" transform="scale(1, -1)"><g><g fill="#FFFFFF" transform="translate(-8, -4.5)"><rect width="16" height="9" /></g><g stroke-width="0.1" stroke="#000000" fill-opacity=""><g><g><line x1="-6.4" x2="6.4" /><g transform="translate(-1.697959, )"><circle fill-opacity="1" r="0.5" /></g></g></g></g></g></g></svg>
13<svg viewBox="-8 -4.5 16 9" xmlns="http://www.w3.org/2000/svg" xmlns:xlink="http://www.w3.org/1999/xlink" version="1.1" preserveAspectRatio="none"><g stroke-width="0.05" transform="scale(1, -1)"><g><g fill="#FFFFFF" transform="translate(-8, -4.5)"><rect width="16" height="9" /></g><g stroke-width="0.1" stroke="#000000" fill-opacity=""><g><g><line x1="-6.4" x2="6.4" /><g transform="translate(-1.306122, )"><circle fill-opacity="1" r="0.5" /></g></g></g></g></g></g></svg>
14<svg viewBox="-8 -4.5 16 9" xmlns="http://www.w3.org/2000/svg" xmlns:xlink="http://www.w3.org/1999/xlink" version="1.1" preserveAspectRatio="none"><g stroke-width="0.05" transform="scale(1, -1)"><g><g fill="#FFFFFF" transform="translate(-8, -4.5)"><rect width="16" height="9" /></g><g stroke-width="0.1" stroke="#000000" fill-opacity=""><g><g><line x1="-6.4" x2="6.4" /><g transform="translate(-0.914286, )"><circle fill-opacity="1" r="0.5" /></g></g></g></g></g></g></svg>
15<svg viewBox="-8 -4.5 16 9" xmlns="http://www.w3.org/2000/svg" xmlns:xlink="http://www.w3.org/1999/xlink" version="1.1" preserveAspectRatio="none"><g stroke-width="0.05" transform="scale(1, -1)"><g><g fill="#FFFFFF" transform="translate(-8, -4.5)"><rect width="16" height="9" /></g><g stroke-width="0.1" stroke="#000000" fill-opacity=""><g><g><line x1="-6.4" x2="6.4" /><g transform="translate(-0.522449, )"><circle fill-opacity="1" r="0.5" /></g></g></g></g></g></g></svg>
16<svg viewBox="-8 -4.5 16 9" xmlns="http://www.w3.org/2000/svg" xmlns:xlink="http://www.w3.org/1999/xlink" version="1.1" preserveAspectRatio="none"><g stroke-width="0.05" transform="scale(1, -1)"><g><g fill="#FFFFFF" transform="translate(-8, -4.5)"><rect width="16" height="9" /></g><g stroke-width="0.1" stroke="#000000" fill-opacity=""><g><g><line x1="-6.4" x2="6.4" /><g transform="translate(-0.130612, )"><circle fill-opacity="1" r="0.5" /></g></g></g></g></g></g></svg>
17<svg viewBox="-8 -4.5 16 9" xmlns="http://www.w3.org/2000/svg" xmlns:xlink="http://www.w3.org/1999/xlink" version="1.1" preserveAspectRatio="none"><g stroke-width="0.05" transform="scale(1, -1)"><g><g fill="#FFFFFF" transform="translate(-8, -4.5)"><rect width="16" height="9" /></g><g stroke-width="0.1" stroke="#000000" fill-opacity=""><g><g><line x1="-6.4" x2="6.4" /><g transform="translate(0.261224, )"><circle fill-opacity="1" r="0.5" /></g></g></g></g></g></g></svg>
18<svg viewBox="-8 -4.5 16 9" xmlns="http://www.w3.org/2000/svg" xmlns:xlink="http://www.w3.org/1999/xlink" version="1.1" preserveAspectRatio="none"><g stroke-width="0.05" transform="scale(1, -1)"><g><g fill="#FFFFFF" transform="translate(-8, -4.5)"><rect width="16" height="9" /></g><g stroke-width="0.1" stroke="#000000" fill-opacity=""><g><g><line x1="-6.4" x2="6.4" /><g transform="translate(0.653061, )"><circle fill-opacity="1" r="0.5" /></g></g></g></g></g></g></svg>
19<svg viewBox="-8 -4.5 16 9" xmlns="http://www.w3.org/2000/svg" xmlns:xlink="http://www.w3.org/1999/xlink" version="1.1" preserveAspectRatio="none"><g stroke-width="0.05" transform="scale(1, -1)"><g><g fill="#FFFFFF" transform="translate(-8, -4.5)"><rect width="16" height="9" /></g><g stroke-width="0.1" stroke="#000000" fill-opacity=""><g><g><line x1="-6.4" x2="6.4" /><g transform="translate(1.044898, )"><circle fill-opacity="1" r="0.5" /></g></g></g></g></g></g></svg>
20<svg viewBox="-8 -4.5 16 9" xmlns="http://www.w3.org/2000/svg" xmlns:xlink="http://www.w3.org/1999/xlink" version="1.1" preserveAspectRatio="none"><g stroke-width="0.05" transform="scale(1, -1)"><g><g fill="#FFFFFF" transform="translate(-8, -4.5)"><rect width="16" height="9" /></g><g stroke-width="0.1" stroke="#000000" fill-opacity=""><g><g><line x1="-6.4" x2="6.4" /><g transform="translate(1.436735, )"><circle fill-opacity="1" r="0.5" /></g></g></g></g></g></g></svg>
21<svg viewBox="-8 -4.5 16 9" xmlns="http://www.w3.org/2000/svg" xmlns:xlink="http://www.w3.org/1999/xlink" version="1.1" preserveAspectRatio="none"><g stroke-width="0.05" transform="scale(1, -1)"><g><g fill="#FFFFFF" transform="translate(-8, -4.5)"><rect width="16" height="9" /></g><g stroke-width="0.1" stroke="#000000" fill-opacity=""><g><g><line x1="-6.4" x2="6.4" /><g transform="translate(1.828571, )"><circle fill-opacity="1" r="0.5" /></g></g></g></g></g></g></svg>
22<svg viewBox="-8 -4.5 16 9" xmlns="http://www.w3.org/2000/svg" xmlns:xlink="http://www.w3.org/1999/xlink" version="1.1" preserveAspectRatio="none"><g stroke-width="0.05" transform="scale(1, -1)"><g><g fill="#FFFFFF" transform="translate(-8, -4.5)"><rect width="16" height="9" /></g><g stroke-width="0.1" stroke="#000000" fill-opacity=""><g><g><line x1="-6.4" x2="6.4" /><g transform="translate(2.220408, )"><circle fill-opacity="1" r="0.5" /></g></g></g></g></g></g></svg>
23<svg viewBox="-8 -4.5 16 9" xmlns="http://www.w3.org/2000/svg" xmlns:xlink="http://www.w3.org/1999/xlink" version="1.1" preserveAspectRatio="none"><g stroke-width="0.05" transform="scale(1, -1)"><g><g fill="#FFFFFF" transform="translate(-8, -4.5)"><rect width="16" height="9" /></g><g stroke-width="0.1" stroke="#000000" fill-opacity=""><g><g><line x1="-6.4" x2="6.4" /><g transform="translate(2.612245, )"><circle fill-opacity="1" r="0.5" /></g></g></g></g></g></g></svg>
24<svg viewBox="-8 -4.5 16 9" xmlns="http://www.w3.org/2000/svg" xmlns:xlink="http://www.w3.org/1999/xlink" version="1.1" preserveAspectRatio="none"><g stroke-width="0.05" transform="scale(1, -1)"><g><g fill="#FFFFFF" transform="translate(-8, -4.5)"><rect width="16" height="9" /></g><g stroke-width="0.1" stroke="#000000" fill-opacity=""><g><g><line x1="-6.4" x2="6.4" /><g transform="translate(3.004082, )"><circle fill-opacity="1" r="0.5" /></g></g></g></g></g></g></svg>
25<svg viewBox="-8 -4.5 16 9" xmlns="http://www.w3.org/2000/svg" xmlns:xlink="http://www.w3.org/1999/xlink" version="1.1" preserveAspectRatio="none"><g stroke-width="0.05" transform="scale(1, -1)"><g><g fill="#FFFFFF" transform="translate(-8, -4.5)"><rect width="16" height="9" /></g><g stroke-width="0.1" stroke="#000000" fill-opacity=""><g><g><line x1="-6.4" x2="6.4" /><g transform="translate(3.395918, )"><circle fill-opacity="1" r="0.5" /></g></g></g></g></g></g></svg>
26<svg viewBox="-8 -4.5 16 9" xmlns="http://www.w3.org/2000/svg" xmlns:xlink="http://www.w3.org/1999/xlink" version="1.1" preserveAspectRatio="none"><g stroke-width="0.05" transform="scale(1, -1)"><g><g fill="#FFFFFF" transform="translate(-8, -4.5)"><rect width="16" height="9" /></g><g stroke-width="0.1" stroke="#000000" fill-opacity=""><g><g><line x1="-6.4" x2="6.4" /><g transform="translate(3.787755, )"><circle fill-opacity="1" r="0.5" /></g></g></g></g></g></g></svg>
27<svg viewBox="-8 -4.5 16 9" xmlns="http://www.w3.org/2000/svg" xmlns:xlink="http://www.w3.org/1999/xlink" version="1.1" preserveAspectRatio="none"><g stroke-width="0.05" transform="scale(1, -1)"><g><g fill="#FFFFFF" transform="translate(-8, -4.5)"><rect width="16" height="9" /></g><g stroke-width="0.1" stroke="#000000" fill-opacity=""><g><g><line x1="-6.4" x2="6.4" /><g transform="translate(4.179592, )"><circle fill-opacity="1" r="0.5" /></g></g></g></g></g></g></svg>
28<svg viewBox="-8 -4.5 16 9" xmlns="http://www.w3.org/2000/svg" xmlns:xlink="http://www.w3.org/1999/xlink" version="1.1" preserveAspectRatio="none"><g stroke-width="0.05" transform="scale(1, -1)"><g><g fill="#FFFFFF" transform="translate(-8, -4.5)"><rect width="16" height="9" /></g><g stroke-width="0.1" stroke="#000000" fill-opacity=""><g><g><line x1="-6.4" x2="6.4" /><g transform="translate(4.571429, )"><circle fill-opacity="1" r="0.5" /></g></g></g></g></g></g></svg>
29<svg viewBox="-8 -4.5 16 9" xmlns="http://www.w3.org/2000/svg" xmlns:xlink="http://www.w3.org/1999/xlink" version="1.1" preserveAspectRatio="none"><g stroke-width="0.05" transform="scale(1, -1)"><g><g fill="#FFFFFF" transform="translate(-8, -4.5)"><rect width="16" height="9" /></g><g stroke-width="0.1" stroke="#000000" fill-opacity=""><g><g><line x1="-6.4" x2="6.4" /><g transform="translate(4.963265, )"><circle fill-opacity="1" r="0.5" /></g></g></g></g></g></g></svg>
30<svg viewBox="-8 -4.5 16 9" xmlns="http://www.w3.org/2000/svg" xmlns:xlink="http://www.w3.org/1999/xlink" version="1.1" preserveAspectRatio="none"><g stroke-width="0.05" transform="scale(1, -1)"><g><g fill="#FFFFFF" transform="translate(-8, -4.5)"><rect width="16" height="9" /></g><g stroke-width="0.1" stroke="#000000" fill-opacity=""><g><g><line x1="-6.4" x2="6.4" /><g transform="translate(5.355102, )"><circle fill-opacity="1" r="0.5" /></g></g></g></g></g></g></svg>
31<svg viewBox="-8 -4.5 16 9" xmlns="http://www.w3.org/2000/svg" xmlns:xlink="http://www.w3.org/1999/xlink" version="1.1" preserveAspectRatio="none"><g stroke-width="0.05" transform="scale(1, -1)"><g><g fill="#FFFFFF" transform="translate(-8, -4.5)"><rect width="16" height="9" /></g><g stroke-width="0.1" stroke="#000000" fill-opacity=""><g><g><line x1="-6.4" x2="6.4" /><g transform="translate(5.746939, )"><circle fill-opacity="1" r="0.5" /></g></g></g></g></g></g></svg>
32<svg viewBox="-8 -4.5 16 9" xmlns="http://www.w3.org/2000/svg" xmlns:xlink="http://www.w3.org/1999/xlink" version="1.1" preserveAspectRatio="none"><g stroke-width="0.05" transform="scale(1, -1)"><g><g fill="#FFFFFF" transform="translate(-8, -4.5)"><rect width="16" height="9" /></g><g stroke-width="0.1" stroke="#000000" fill-opacity=""><g><g><line x1="-6.4" x2="6.4" /><g transform="translate(6.138776, )"><circle fill-opacity="1" r="0.5" /></g></g></g></g></g></g></svg>
33<svg viewBox="-8 -4.5 16 9" xmlns="http://www.w3.org/2000/svg" xmlns:xlink="http://www.w3.org/1999/xlink" version="1.1" preserveAspectRatio="none"><g stroke-width="0.05" transform="scale(1, -1)"><g><g fill="#FFFFFF" transform="translate(-8, -4.5)"><rect width="16" height="9" /></g><g stroke-width="0.1" stroke="#000000" fill-opacity=""><g><g><line x1="-6.4" x2="6.4" /><g transform="translate(6.4, )"><circle fill-opacity="1" r="0.5" /></g></g></g></g></g></g></svg>
34<svg viewBox="-8 -4.5 16 9" xmlns="http://www.w3.org/2000/svg" xmlns:xlink="http://www.w3.org/1999/xlink" version="1.1" preserveAspectRatio="none"><g stroke-width="0.05" transform="scale(1, -1)"><g><g fill="#FFFFFF" transform="translate(-8, -4.5)"><rect width="16" height="9" /></g><g stroke-width="0.1" stroke="#000000" fill-opacity=""><g><g><line x1="-6.4" x2="6.4" /><g transform="translate(6.4, )"><circle fill-opacity="1" r="0.5" /></g></g></g></g></g></g></svg>
35<svg viewBox="-8 -4.5 16 9" xmlns="http://www.w3.org/2000/svg" xmlns:xlink="http://www.w3.org/1999/xlink" version="1.1" preserveAspectRatio="none"><g stroke-width="0.05" transform="scale(1, -1)"><g><g fill="#FFFFFF" transform="translate(-8, -4.5)"><rect width="16" height="9" /></g><g stroke-width="0.1" stroke="#000000" fill-opacity=""><g><g><line x1="-6.4" x2="6.4" /><g transform="translate(6.4, )"><circle fill-opacity="1" r="0.5" /></g></g></g></g></g></g></svg>
36<svg viewBox="-8 -4.5 16 9" xmlns="http://www.w3.org/2000/svg" xmlns:xlink="http://www.w3.org/1999/xlink" version="1.1" preserveAspectRatio="none"><g stroke-width="0.05" transform="scale(1, -1)"><g><g fill="#FFFFFF" transform="translate(-8, -4.5)"><rect width="16" height="9" /></g><g stroke-width="0.1" stroke="#000000" fill-opacity=""><g><g><line x1="-6.4" x2="6.4" /><g transform="translate(6.4, )"><circle fill-opacity="1" r="0.5" /></g></g></g></g></g></g></svg>
37<svg viewBox="-8 -4.5 16 9" xmlns="http://www.w3.org/2000/svg" xmlns:xlink="http://www.w3.org/1999/xlink" version="1.1" preserveAspectRatio="none"><g stroke-width="0.05" transform="scale(1, -1)"><g><g fill="#FFFFFF" transform="translate(-8, -4.5)"><rect width="16" height="9" /></g><g stroke-width="0.1" stroke="#000000" fill-opacity=""><g><g><line x1="-6.4" x2="6.4" /><g transform="translate(6.4, )"><circle fill-opacity="1" r="0.5" /></g></g></g></g></g></g></svg>
38<svg viewBox="-8 -4.5 16 9" xmlns="http://www.w3.org/2000/svg" xmlns:xlink="http://www.w3.org/1999/xlink" version="1.1" preserveAspectRatio="none"><g stroke-width="0.05" transform="scale(1, -1)"><g><g fill="#FFFFFF" transform="translate(-8, -4.5)"><rect width="16" height="9" /></g><g stroke-width="0.1" stroke="#000000" fill-opacity=""><g><g><line x1="-6.4" x2="6.4" /><g transform="translate(6.4, )"><circle fill-opacity="1" r="0.5" /></g></g></g></g></g></g></svg>
39<svg viewBox="-8 -4.5 16 9" xmlns="http://www.w3.org/2000/svg" xmlns:xlink="http://www.w3.org/1999/xlink" version="1.1" preserveAspectRatio="none"><g stroke-width="0.05" transform="scale(1, -1)"><g><g fill="#FFFFFF" transform="translate(-8, -4.5)"><rect width="16" height="9" /></g><g stroke-width="0.1" stroke="#000000" fill-opacity=""><g><g><line x1="-6.4" x2="6.4" /><g transform="translate(6.4, )"><circle fill-opacity="1" r="0.5" /></g></g></g></g></g></g></svg>
40<svg viewBox="-8 -4.5 16 9" xmlns="http://www.w3.org/2000/svg" xmlns:xlink="http://www.w3.org/1999/xlink" version="1.1" preserveAspectRatio="none"><g stroke-width="0.05" transform="scale(1, -1)"><g><g fill="#FFFFFF" transform="translate(-8, -4.5)"><rect width="16" height="9" /></g><g stroke-width="0.1" stroke="#000000" fill-opacity=""><g><g><line x1="-6.4" x2="6.4" /><g transform="translate(6.4, )"><circle fill-opacity="1" r="0.5" /></g></g></g></g></g></g></svg>
41<svg viewBox="-8 -4.5 16 9" xmlns="http://www.w3.org/2000/svg" xmlns:xlink="http://www.w3.org/1999/xlink" version="1.1" preserveAspectRatio="none"><g stroke-width="0.05" transform="scale(1, -1)"><g><g fill="#FFFFFF" transform="translate(-8, -4.5)"><rect width="16" height="9" /></g><g stroke-width="0.1" stroke="#000000" fill-opacity=""><g><g><line x1="-6.4" x2="6.4" /><g transform="translate(6.4, )"><circle fill-opacity="1" r="0.5" /></g></g></g></g></g></g></svg>
42<svg viewBox="-8 -4.5 16 9" xmlns="http://www.w3.org/2000/svg" xmlns:xlink="http://www.w3.org/1999/xlink" version="1.1" preserveAspectRatio="none"><g stroke-width="0.05" transform="scale(1, -1)"><g><g fill="#FFFFFF" transform="translate(-8, -4.5)"><rect width="16" height="9" /></g><g stroke-width="0.1" stroke="#000000" fill-opacity=""><g><g><line x1="-6.4" x2="6.4" /><g transform="translate(6.4, )"><circle fill-opacity="1" r="0.5" /></g></g></g></g></g></g></svg>
43<svg viewBox="-8 -4.5 16 9" xmlns="http://www.w3.org/2000/svg" xmlns:xlink="http://www.w3.org/1999/xlink" version="1.1" preserveAspectRatio="none"><g stroke-width="0.05" transform="scale(1, -1)"><g><g fill="#FFFFFF" transform="translate(-8, -4.5)"><rect width="16" height="9" /></g><g stroke-width="0.1" stroke="#000000" fill-opacity=""><g><g><line x1="-6.4" x2="6.4" /><g transform="translate(6.4, )"><circle fill-opacity="1" r="0.5" /></g></g></g></g></g></g></svg>
44<svg viewBox="-8 -4.5 16 9" xmlns="http://www.w3.org/2000/svg" xmlns:xlink="http://www.w3.org/1999/xlink" version="1.1" preserveAspectRatio="none"><g stroke-width="0.05" transform="scale(1, -1)"><g><g fill="#FFFFFF" transform="translate(-8, -4.5)"><rect width="16" height="9" /></g><g stroke-width="0.1" stroke="#000000" fill-opacity=""><g><g><line x1="-6.4" x2="6.4" /><g transform="translate(6.4, )"><circle fill-opacity="1" r="0.5" /></g></g></g></g></g></g></svg>
45<svg viewBox="-8 -4.5 16 9" xmlns="http://www.w3.org/2000/svg" xmlns:xlink="http://www.w3.org/1999/xlink" version="1.1" preserveAspectRatio="none"><g stroke-width="0.05" transform="scale(1, -1)"><g><g fill="#FFFFFF" transform="translate(-8, -4.5)"><rect width="16" height="9" /></g><g stroke-width="0.1" stroke="#000000" fill-opacity=""><g><g><line x1="-6.4" x2="6.4" /><g transform="translate(6.4, )"><circle fill-opacity="1" r="0.5" /></g></g></g></g></g></g></svg>
46<svg viewBox="-8 -4.5 16 9" xmlns="http://www.w3.org/2000/svg" xmlns:xlink="http://www.w3.org/1999/xlink" version="1.1" preserveAspectRatio="none"><g stroke-width="0.05" transform="scale(1, -1)"><g><g fill="#FFFFFF" transform="translate(-8, -4.5)"><rect width="16" height="9" /></g><g stroke-width="0.1" stroke="#000000" fill-opacity=""><g><g><line x1="-6.4" x2="6.4" /><g transform="translate(6.4, )"><circle fill-opacity="1" r="0.5" /></g></g></g></g></g></g></svg>
47<svg viewBox="-8 -4.5 16 9" xmlns="http://www.w3.org/2000/svg" xmlns:xlink="http://www.w3.org/1999/xlink" version="1.1" preserveAspectRatio="none"><g stroke-width="0.05" transform="scale(1, -1)"><g><g fill="#FFFFFF" transform="translate(-8, -4.5)"><rect width="16" height="9" /></g><g stroke-width="0.1" stroke="#000000" fill-opacity=""><g><g><line x1="-6.4" x2="6.4" /><g transform="translate(6.4, )"><circle fill-opacity="1" r="0.5" /></g></g></g></g></g></g></svg>
48<svg viewBox="-8 -4.5 16 9" xmlns="http://www.w3.org/2000/svg" xmlns:xlink="http://www.w3.org/1999/xlink" version="1.1" preserveAspectRatio="none"><g stroke-width="0.05" transform="scale(1, -1)"><g><g fill="#FFFFFF" transform="translate(-8, -4.5)"><rect width="16" height="9" /></g><g stroke-width="0.1" stroke="#000000" fill-opacity=""><g><g><line x1="-6.4" x2="6.4" /><g transform="translate(6.4, )"><circle fill-opacity="1" r="0.5" /></g></g></g></g></g></g></svg>
49<svg viewBox="-8 -4.5 16 9" xmlns="http://www.w3.org/2000/svg" xmlns:xlink="http://www.w3.org/1999/xlink" version="1.1" preserveAspectRatio="none"><g stroke-width="0.05" transform="scale(1, -1)"><g><g fill="#FFFFFF" transform="translate(-8, -4.5)"><rect width="16" height="9" /></g><g stroke-width="0.1" stroke="#000000" fill-opacity=""><g><g><line x1="-6.4" x2="6.4" /><g transform="translate(6.4, )"><circle fill-opacity="1" r="0.5" /></g></g></g></g></g></g></svg>
