0<svg viewBox="-8.0 -4.5 16.0 9.0" xmlns="http://www.w3.org/2000/svg" xmlns:xlink="http://www.w3.org/1999/xlink" version="1.1" preserveAspectRatio="none"><g stroke-width="0.05" transform="scale(1.0, -1.0)"><g><g fill="#FFFFFF" transform="translate(-8.0, -4.5)"><rect width="16.0" height="9.0" /></g><g stroke-width="0.1" stroke="#000000" fill-opacity="0.0"><g stroke-width="0.0" transform="scale(3.0)" fill-opacity="1.0"><g transform="translate(-0.0, -0.0)"><g transform="scale(1.0, -1.0)" text-anchor="middle"><text font-size="2.0">\begin{align*}R = \frac{{\Delta x}}{{kA}}\end{align*}</text></g></g></g></g></g></g></svg>
1<svg viewBox="-8.0 -4.5 16.0 9.0" xmlns="http://www.w3.org/2000/svg" xmlns:xlink="http://www.w3.org/1999/xlink" version="1.1" preserveAspectRatio="none"><g stroke-width="0.05" transform="scale(1.0, -1.0)"><g><g fill="#FFFFFF" transform="translate(-8.0, -4.5)"><rect width="16.0" height="9.0" /></g><g stroke-width="0.1" stroke="#000000" fill-opacity="0.0"><g stroke-width="0.0" transform="scale(3.0)" fill-opacity="1.0"><g transform="translate(-0.0, -0.0)"><g transform="scale(1.0, -1.0)" text-anchor="middle"><text font-size="2.0">\begin{align*}R = \frac{{\Delta x}}{{kA}}\end{align*}</text></g></g></g></g></g></g></svg>
2<svg viewBox="-8.0 -4.5 16.0 9.0" xmlns="http://www.w3.org/2000/svg" xmlns:xlink="http://www.w3.org/1999/xlink" version="1.1" preserveAspectRatio="none"><g stroke-width="0.05" transform="scale(1.0, -1.0)"><g><g fill="#FFFFFF" transform="translate(-8.0, -4.5)"><rect width="16.0" height="9.0" /></g><g stroke-width="0.1" stroke="#000000" fill-opacity="0.0"><g stroke-width="0.0" transform="scale(3.0)" fill-opacity="1.0"><g transform="translate(-0.0, -0.0)"><g transform="scale(1.0, -1.0)" text-anchor="middle"><text font-size="2.0">\begin{align*}R = \frac{{\Delta x}}{{kA}}\end{align*}</text></g></g></g></g></g></g></svg>
3<svg viewBox="-8.0 -4.5 16.0 9.0" xmlns="http://www.w3.org/2000/svg" xmlns:xlink="http://www.w3.org/1999/xlink" version="1.1" preserveAspectRatio="none"><g stroke-width="0.05" transform="scale(1.0, -1.0)"><g><g fill="#FFFFFF" transform="translate(-8.0, -4.5)"><rect width="16.0" height="9.0" /></g><g stroke-width="0.1" stroke="#000000" fill-opacity="0.0"><g stroke-width="0.0" transform="scale(3.0)" fill-opacity="1.0"><g transform="translate(-0.0, -0.0)"><g transform="scale(1.0, -1.0)" text-anchor="middle"><text font-size="2.0">\begin{align*}R = \frac{{\Delta x}}{{kA}}\end{align*}</text></g></g></g></g></g></g></svg>
4<svg viewBox="-8.0 -4.5 16.0 9.0" xmlns="http://www.w3.org/2000/svg" xmlns:xlink="http://www.w3.org/1999/xlink" version="1.1" preserveAspectRatio="none"><g stroke-width="0.05" transform="scale(1.0, -1.0)"><g><g fill="#FFFFFF" transform="translate(-8.0, -4.5)"><rect width="16.0" height="9.0" /></g><g stroke-width="0.1" stroke="#000000" fill-opacity="0.0"><g stroke-width="0.0" transform="scale(3.0)" fill-opacity="1.0"><g transform="translate(-0.0, -0.0)"><g transform="scale(1.0, -1.0)" text-anchor="middle"><text font-size="2.0">\begin{align*}R = \frac{{\Delta x}}{{kA}}\end{align*}</text></g></g></g></g></g></g></svg>
5<svg viewBox="-8.0 -4.5 16.0 9.0" xmlns="http://www.w3.org/2000/svg" xmlns:xlink="http://www.w3.org/1999/xlink" version="1.1" preserveAspectRatio="none"><g stroke-width="0.05" transform="scale(1.0, -1.0)"><g><g fill="#FFFFFF" transform="translate(-8.0, -4.5)"><rect width="16.0" height="9.0" /></g><g stroke-width="0.1" stroke="#000000" fill-opacity="0.0"><g stroke-width="0.0" transform="scale(3.0)" fill-opacity="1.0"><g transform="translate(-0.0, -0.0)"><g transform="scale(1.0, -1.0)" text-anchor="middle"><text font-size="2.0">\begin{align*}R = \frac{{\Delta x}}{{kA}}\end{align*}</text></g></g></g></g></g></g></svg>
6<svg viewBox="-8.0 -4.5 16.0 9.0" xmlns="http://www.w3.org/2000/svg" xmlns:xlink="http://www.w3.org/1999/xlink" version="1.1" preserveAspectRatio="none"><g stroke-width="0.05" transform="scale(1.0, -1.0)"><g><g fill="#FFFFFF" transform="translate(-8.0, -4.5)"><rect width="16.0" height="9.0" /></g><g stroke-width="0.1" stroke="#000000" fill-opacity="0.0"><g stroke-width="0.0" transform="scale(3.0)" fill-opacity="1.0"><g transform="translate(-0.0, -0.0)"><g transform="scale(1.0, -1.0)" text-anchor="middle"><text font-size="2.0">\begin{align*}R = \frac{{\Delta x}}{{kA}}\end{align*}</text></g></g></g></g></g></g></svg>
7<svg viewBox="-8.0 -4.5 16.0 9.0" xmlns="http://www.w3.org/2000/svg" xmlns:xlink="http://www.w3.org/1999/xlink" version="1.1" preserveAspectRatio="none"><g stroke-width="0.05" transform="scale(1.0, -1.0)"><g><g fill="#FFFFFF" transform="translate(-8.0, -4.5)"><rect width="16.0" height="9.0" /></g><g stroke-width="0.1" stroke="#000000" fill-opacity="0.0"><g stroke-width="0.0" transform="scale(3.0)" fill-opacity="1.0"><g transform="translate(-0.0, -0.0)"><g transform="scale(1.0, -1.0)" text-anchor="middle"><text font-size="2.0">\begin{align*}R = \frac{{\Delta x}}{{kA}}\end{align*}</text></g></g></g></g></g></g></svg>
8<svg viewBox="-8.0 -4.5 16.0 9.0" xmlns="http://www.w3.org/2000/svg" xmlns:xlink="http://www.w3.org/1999/xlink" version="1.1" preserveAspectRatio="none"><g stroke-width="0.05" transform="scale(1.0, -1.0)"><g><g fill="#FFFFFF" transform="translate(-8.0, -4.5)"><rect width="16.0" height="9.0" /></g><g stroke-width="0.1" stroke="#000000" fill-opacity="0.0"><g stroke-width="0.0" transform="scale(3.0)" fill-opacity="1.0"><g transform="translate(-0.0, -0.0)"><g transform="scale(1.0, -1.0)" text-anchor="middle"><text font-size="2.0">\begin{align*}R = \frac{{\Delta x}}{{kA}}\end{align*}</text></g></g></g></g></g></g></svg>
9<svg viewBox="-8.0 -4.5 16.0 9.0" xmlns="http://www.w3.org/2000/svg" xmlns:xlink="http://www.w3.org/1999/xlink" version="1.1" preserveAspectRatio="none"><g stroke-width="0.05" transform="scale(1.0, -1.0)"><g><g fill="#FFFFFF" transform="translate(-8.0, -4.5)"><rect width="16.0" height="9.0" /></g><g stroke-width="0.1" stroke="#000000" fill-opacity="0.0"><g stroke-width="0.0" transform="scale(3.0)" fill-opacity="1.0"><g transform="translate(-0.0, -0.0)"><g transform="scale(1.0, -1.0)" text-anchor="middle"><text font-size="2.0">\begin{align*}R = \frac{{\Delta x}}{{kA}}\end{align*}</text></g></g></g></g></g></g></svg>
10<svg viewBox="-8.0 -4.5 16.0 9.0" xmlns="http://www.w3.org/2000/svg" xmlns:xlink="http://www.w3.org/1999/xlink" version="1.1" preserveAspectRatio="none"><g stroke-width="0.05" transform="scale(1.0, -1.0)"><g><g fill="#FFFFFF" transform="translate(-8.0, -4.5)"><rect width="16.0" height="9.0" /></g><g stroke-width="0.1" stroke="#000000" fill-opacity="0.0"><g stroke-width="0.0" transform="scale(3.0)" fill-opacity="1.0"><g transform="translate(-0.0, -0.0)"><g transform="scale(1.0, -1.0)" text-anchor="middle"><text font-size="2.0">\begin{align*}R = \frac{{\Delta x}}{{kA}}\end{align*}</text></g></g></g></g></g></g></svg>
11<svg viewBox="-8.0 -4.5 16.0 9.0" xmlns="http://www.w3.org/2000/svg" xmlns:xlink="http://www.w3.org/1999/xlink" version="1.1" preserveAspectRatio="none"><g stroke-width="0.05" transform="scale(1.0, -1.0)"><g><g fill="#FFFFFF" transform="translate(-8.0, -4.5)"><rect width="16.0" height="9.0" /></g><g stroke-width="0.1" stroke="#000000" fill-opacity="0.0"><g stroke-width="0.0" transform="scale(3.0)" fill-opacity="1.0"><g transform="translate(-0.0, -0.0)"><g transform="scale(1.0, -1.0)" text-anchor="middle"><text font-size="2.0">\begin{align*}R = \frac{{\Delta x}}{{kA}}\end{align*}</text></g></g></g></g></g></g></svg>
12<svg viewBox="-8.0 -4.5 16.0 9.0" xmlns="http://www.w3.org/2000/svg" xmlns:xlink="http://www.w3.org/1999/xlink" version="1.1" preserveAspectRatio="none"><g stroke-width="0.05" transform="scale(1.0, -1.0)"><g><g fill="#FFFFFF" transform="translate(-8.0, -4.5)"><rect width="16.0" height="9.0" /></g><g stroke-width="0.1" stroke="#000000" fill-opacity="0.0"><g stroke-width="0.0" transform="scale(3.0)" fill-opacity="1.0"><g transform="translate(-0.0, -0.0)"><g transform="scale(1.0, -1.0)" text-anchor="middle"><text font-size="2.0">\begin{align*}R = \frac{{\Delta x}}{{kA}}\end{align*}</text></g></g></g></g></g></g></svg>
13<svg viewBox="-8.0 -4.5 16.0 9.0" xmlns="http://www.w3.org/2000/svg" xmlns:xlink="http://www.w3.org/1999/xlink" version="1.1" preserveAspectRatio="none"><g stroke-width="0.05" transform="scale(1.0, -1.0)"><g><g fill="#FFFFFF" transform="translate(-8.0, -4.5)"><rect width="16.0" height="9.0" /></g><g stroke-width="0.1" stroke="#000000" fill-opacity="0.0"><g stroke-width="0.0" transform="scale(3.0)" fill-opacity="1.0"><g transform="translate(-0.0, -0.0)"><g transform="scale(1.0, -1.0)" text-anchor="middle"><text font-size="2.0">\begin{align*}R = \frac{{\Delta x}}{{kA}}\end{align*}</text></g></g></g></g></g></g></svg>
14<svg viewBox="-8.0 -4.5 16.0 9.0" xmlns="http://www.w3.org/2000/svg" xmlns:xlink="http://www.w3.org/1999/xlink" version="1.1" preserveAspectRatio="none"><g stroke-width="0.05" transform="scale(1.0, -1.0)"><g><g fill="#FFFFFF" transform="translate(-8.0, -4.5)"><rect width="16.0" height="9.0" /></g><g stroke-width="0.1" stroke="#000000" fill-opacity="0.0"><g stroke-width="0.0" transform="scale(3.0)" fill-opacity="1.0"><g transform="translate(-0.0, -0.0)"><g transform="scale(1.0, -1.0)" text-anchor="middle"><text font-size="2.0">\begin{align*}R = \frac{{\Delta x}}{{kA}}\end{align*}</text></g></g></g></g></g></g></svg>
15<svg viewBox="-8.0 -4.5 16.0 9.0" xmlns="http://www.w3.org/2000/svg" xmlns:xlink="http://www.w3.org/1999/xlink" version="1.1" preserveAspectRatio="none"><g stroke-width="0.05" transform="scale(1.0, -1.0)"><g><g fill="#FFFFFF" transform="translate(-8.0, -4.5)"><rect width="16.0" height="9.0" /></g><g stroke-width="0.1" stroke="#000000" fill-opacity="0.0"><g stroke-width="0.0" transform="scale(3.0)" fill-opacity="1.0"><g transform="translate(-0.0, -0.0)"><g transform="scale(1.0, -1.0)" text-anchor="middle"><text font-size="2.0">\begin{align*}R = \frac{{\Delta x}}{{kA}}\end{align*}</text></g></g></g></g></g></g></svg>
16<svg viewBox="-8.0 -4.5 16.0 9.0" xmlns="http://www.w3.org/2000/svg" xmlns:xlink="http://www.w3.org/1999/xlink" version="1.1" preserveAspectRatio="none"><g stroke-width="0.05" transform="scale(1.0, -1.0)"><g><g fill="#FFFFFF" transform="translate(-8.0, -4.5)"><rect width="16.0" height="9.0" /></g><g stroke-width="0.1" stroke="#000000" fill-opacity="0.0"><g stroke-width="0.0" transform="scale(3.0)" fill-opacity="1.0"><g transform="translate(-0.0, -0.0)"><g transform="scale(1.0, -1.0)" text-anchor="middle"><text font-size="2.0">\begin{align*}R = \frac{{\Delta x}}{{kA}}\end{align*}</text></g></g></g></g></g></g></svg>
17<svg viewBox="-8.0 -4.5 16.0 9.0" xmlns="http://www.w3.org/2000/svg" xmlns:xlink="http://www.w3.org/1999/xlink" version="1.1" preserveAspectRatio="none"><g stroke-width="0.05" transform="scale(1.0, -1.0)"><g><g fill="#FFFFFF" transform="translate(-8.0, -4.5)"><rect width="16.0" height="9.0" /></g><g stroke-width="0.1" stroke="#000000" fill-opacity="0.0"><g stroke-width="0.0" transform="scale(3.0)" fill-opacity="1.0"><g transform="translate(-0.0, -0.0)"><g transform="scale(1.0, -1.0)" text-anchor="middle"><text font-size="2.0">\begin{align*}R = \frac{{\Delta x}}{{kA}}\end{align*}</text></g></g></g></g></g></g></svg>
18<svg viewBox="-8.0 -4.5 16.0 9.0" xmlns="http://www.w3.org/2000/svg" xmlns:xlink="http://www.w3.org/1999/xlink" version="1.1" preserveAspectRatio="none"><g stroke-width="0.05" transform="scale(1.0, -1.0)"><g><g fill="#FFFFFF" transform="translate(-8.0, -4.5)"><rect width="16.0" height="9.0" /></g><g stroke-width="0.1" stroke="#000000" fill-opacity="0.0"><g stroke-width="0.0" transform="scale(3.0)" fill-opacity="1.0"><g transform="translate(-0.0, -0.0)"><g transform="scale(1.0, -1.0)" text-anchor="middle"><text font-size="2.0">\begin{align*}R = \frac{{\Delta x}}{{kA}}\end{align*}</text></g></g></g></g></g></g></svg>
19<svg viewBox="-8.0 -4.5 16.0 9.0" xmlns="http://www.w3.org/2000/svg" xmlns:xlink="http://www.w3.org/1999/xlink" version="1.1" preserveAspectRatio="none"><g stroke-width="0.05" transform="scale(1.0, -1.0)"><g><g fill="#FFFFFF" transform="translate(-8.0, -4.5)"><rect width="16.0" height="9.0" /></g><g stroke-width="0.1" stroke="#000000" fill-opacity="0.0"><g stroke-width="0.0" transform="scale(3.0)" fill-opacity="1.0"><g transform="translate(-0.0, -0.0)"><g transform="scale(1.0, -1.0)" text-anchor="middle"><text font-size="2.0">\begin{align*}R = \frac{{\Delta x}}{{kA}}\end{align*}</text></g></g></g></g></g></g></svg>
20<svg viewBox="-8.0 -4.5 16.0 9.0" xmlns="http://www.w3.org/2000/svg" xmlns:xlink="http://www.w3.org/1999/xlink" version="1.1" preserveAspectRatio="none"><g stroke-width="0.05" transform="scale(1.0, -1.0)"><g><g fill="#FFFFFF" transform="translate(-8.0, -4.5)"><rect width="16.0" height="9.0" /></g><g stroke-width="0.1" stroke="#000000" fill-opacity="0.0"><g stroke-width="0.0" transform="scale(3.0)" fill-opacity="1.0"><g transform="translate(-0.0, -0.0)"><g transform="scale(1.0, -1.0)" text-anchor="middle"><text font-size="2.0">\begin{align*}R = \frac{{\Delta x}}{{kA}}\end{align*}</text></g></g></g></g></g></g></svg>
21<svg viewBox="-8.0 -4.5 16.0 9.0" xmlns="http://www.w3.org/2000/svg" xmlns:xlink="http://www.w3.org/1999/xlink" version="1.1" preserveAspectRatio="none"><g stroke-width="0.05" transform="scale(1.0, -1.0)"><g><g fill="#FFFFFF" transform="translate(-8.0, -4.5)"><rect width="16.0" height="9.0" /></g><g stroke-width="0.1" stroke="#000000" fill-opacity="0.0"><g stroke-width="0.0" transform="scale(3.0)" fill-opacity="1.0"><g transform="translate(-0.0, -0.0)"><g transform="scale(1.0, -1.0)" text-anchor="middle"><text font-size="2.0">\begin{align*}R = \frac{{\Delta x}}{{kA}}\end{align*}</text></g></g></g></g></g></g></svg>
22<svg viewBox="-8.0 -4.5 16.0 9.0" xmlns="http://www.w3.org/2000/svg" xmlns:xlink="http://www.w3.org/1999/xlink" version="1.1" preserveAspectRatio="none"><g stroke-width="0.05" transform="scale(1.0, -1.0)"><g><g fill="#FFFFFF" transform="translate(-8.0, -4.5)"><rect width="16.0" height="9.0" /></g><g stroke-width="0.1" stroke="#000000" fill-opacity="0.0"><g stroke-width="0.0" transform="scale(3.0)" fill-opacity="1.0"><g transform="translate(-0.0, -0.0)"><g transform="scale(1.0, -1.0)" text-anchor="middle"><text font-size="2.0">\begin{align*}R = \frac{{\Delta x}}{{kA}}\end{align*}</text></g></g></g></g></g></g></svg>
23<svg viewBox="-8.0 -4.5 16.0 9.0" xmlns="http://www.w3.org/2000/svg" xmlns:xlink="http://www.w3.org/1999/xlink" version="1.1" preserveAspectRatio="none"><g stroke-width="0.05" transform="scale(1.0, -1.0)"><g><g fill="#FFFFFF" transform="translate(-8.0, -4.5)"><rect width="16.0" height="9.0" /></g><g stroke-width="0.1" stroke="#000000" fill-opacity="0.0"><g stroke-width="0.0" transform="scale(3.0)" fill-opacity="1.0"><g transform="translate(-0.0, -0.0)"><g transform="scale(1.0, -1.0)" text-anchor="middle"><text font-size="2.0">\begin{align*}R = \frac{{\Delta x}}{{kA}}\end{align*}</text></g></g></g></g></g></g></svg>
24<svg viewBox="-8.0 -4.5 16.0 9.0" xmlns="http://www.w3.org/2000/svg" xmlns:xlink="http://www.w3.org/1999/xlink" version="1.1" preserveAspectRatio="none"><g stroke-width="0.05" transform="scale(1.0, -1.0)"><g><g fill="#FFFFFF" transform="translate(-8.0, -4.5)"><rect width="16.0" height="9.0" /></g><g stroke-width="0.1" stroke="#000000" fill-opacity="0.0"><g stroke-width="0.0" transform="scale(3.0)" fill-opacity="1.0"><g transform="translate(-0.0, -0.0)"><g transform="scale(1.0, -1.0)" text-anchor="middle"><text font-size="2.0">\begin{align*}R = \frac{{\Delta x}}{{kA}}\end{align*}</text></g></g></g></g></g></g></svg>
25<svg viewBox="-8.0 -4.5 16.0 9.0" xmlns="http://www.w3.org/2000/svg" xmlns:xlink="http://www.w3.org/1999/xlink" version="1.1" preserveAspectRatio="none"><g stroke-width="0.05" transform="scale(1.0, -1.0)"><g><g fill="#FFFFFF" transform="translate(-8.0, -4.5)"><rect width="16.0" height="9.0" /></g><g stroke-width="0.1" stroke="#000000" fill-opacity="0.0"><g stroke-width="0.0" transform="scale(3.0)" fill-opacity="1.0"><g transform="translate(-0.0, -0.0)"><g transform="scale(1.0, -1.0)" text-anchor="middle"><text font-size="2.0">\begin{align*}R = \frac{{\Delta x}}{{kA}}\end{align*}</text></g></g></g></g></g></g></svg>
26<svg viewBox="-8.0 -4.5 16.0 9.0" xmlns="http://www.w3.org/2000/svg" xmlns:xlink="http://www.w3.org/1999/xlink" version="1.1" preserveAspectRatio="none"><g stroke-width="0.05" transform="scale(1.0, -1.0)"><g><g fill="#FFFFFF" transform="translate(-8.0, -4.5)"><rect width="16.0" height="9.0" /></g><g stroke-width="0.1" stroke="#000000" fill-opacity="0.0"><g stroke-width="0.0" transform="scale(3.0)" fill-opacity="1.0"><g transform="translate(-0.0, -0.0)"><g transform="scale(1.0, -1.0)" text-anchor="middle"><text font-size="2.0">\begin{align*}R = \frac{{\Delta x}}{{kA}}\end{align*}</text></g></g></g></g></g></g></svg>
27<svg viewBox="-8.0 -4.5 16.0 9.0" xmlns="http://www.w3.org/2000/svg" xmlns:xlink="http://www.w3.org/1999/xlink" version="1.1" preserveAspectRatio="none"><g stroke-width="0.05" transform="scale(1.0, -1.0)"><g><g fill="#FFFFFF" transform="translate(-8.0, -4.5)"><rect width="16.0" height="9.0" /></g><g stroke-width="0.1" stroke="#000000" fill-opacity="0.0"><g stroke-width="0.0" transform="scale(3.0)" fill-opacity="1.0"><g transform="translate(-0.0, -0.0)"><g transform="scale(1.0, -1.0)" text-anchor="middle"><text font-size="2.0">\begin{align*}R = \frac{{\Delta x}}{{kA}}\end{align*}</text></g></g></g></g></g></g></svg>
28<svg viewBox="-8.0 -4.5 16.0 9.0" xmlns="http://www.w3.org/2000/svg" xmlns:xlink="http://www.w3.org/1999/xlink" version="1.1" preserveAspectRatio="none"><g stroke-width="0.05" transform="scale(1.0, -1.0)"><g><g fill="#FFFFFF" transform="translate(-8.0, -4.5)"><rect width="16.0" height="9.0" /></g><g stroke-width="0.1" stroke="#000000" fill-opacity="0.0"><g stroke-width="0.0" transform="scale(3.0)" fill-opacity="1.0"><g transform="translate(-0.0, -0.0)"><g transform="scale(1.0, -1.0)" text-anchor="middle"><text font-size="2.0">\begin{align*}R = \frac{{\Delta x}}{{kA}}\end{align*}</text></g></g></g></g></g></g></svg>
29<svg viewBox="-8.0 -4.5 16.0 9.0" xmlns="http://www.w3.org/2000/svg" xmlns:xlink="http://www.w3.org/1999/xlink" version="1.1" preserveAspectRatio="none"><g stroke-width="0.05" transform="scale(1.0, -1.0)"><g><g fill="#FFFFFF" transform="translate(-8.0, -4.5)"><rect width="16.0" height="9.0" /></g><g stroke-width="0.1" stroke="#000000" fill-opacity="0.0"><g stroke-width="0.0" transform="scale(3.0)" fill-opacity="1.0"><g transform="translate(-0.0, -0.0)"><g transform="scale(1.0, -1.0)" text-anchor="middle"><text font-size="2.0">\begin{align*}R = \frac{{\Delta x}}{{kA}}\end{align*}</text></g></g></g></g></g></g></svg>
30<svg viewBox="-8.0 -4.5 16.0 9.0" xmlns="http://www.w3.org/2000/svg" xmlns:xlink="http://www.w3.org/1999/xlink" version="1.1" preserveAspectRatio="none"><g stroke-width="0.05" transform="scale(1.0, -1.0)"><g><g fill="#FFFFFF" transform="translate(-8.0, -4.5)"><rect width="16.0" height="9.0" /></g><g stroke-width="0.1" stroke="#000000" fill-opacity="0.0"><g stroke-width="0.0" transform="scale(3.0)" fill-opacity="1.0"><g transform="translate(-0.0, -0.0)"><g transform="scale(1.0, -1.0)" text-anchor="middle"><text font-size="2.0">\begin{align*}R = \frac{{\Delta x}}{{kA}}\end{align*}</text></g></g></g></g></g></g></svg>
31<svg viewBox="-8.0 -4.5 16.0 9.0" xmlns="http://www.w3.org/2000/svg" xmlns:xlink="http://www.w3.org/1999/xlink" version="1.1" preserveAspectRatio="none"><g stroke-width="0.05" transform="scale(1.0, -1.0)"><g><g fill="#FFFFFF" transform="translate(-8.0, -4.5)"><rect width="16.0" height="9.0" /></g><g stroke-width="0.1" stroke="#000000" fill-opacity="0.0"><g stroke-width="0.0" transform="scale(3.0)" fill-opacity="1.0"><g transform="translate(-0.0, -0.0)"><g transform="scale(1.0, -1.0)" text-anchor="middle"><text font-size="2.0">\begin{align*}R = \frac{{\Delta x}}{{kA}}\end{align*}</text></g></g></g></g></g></g></svg>
32<svg viewBox="-8.0 -4.5 16.0 9.0" xmlns="http://www.w3.org/2000/svg" xmlns:xlink="http://www.w3.org/1999/xlink" version="1.1" preserveAspectRatio="none"><g stroke-width="0.05" transform="scale(1.0, -1.0)"><g><g fill="#FFFFFF" transform="translate(-8.0, -4.5)"><rect width="16.0" height="9.0" /></g><g stroke-width="0.1" stroke="#000000" fill-opacity="0.0"><g stroke-width="0.0" transform="scale(3.0)" fill-opacity="1.0"><g transform="translate(-0.0, -0.0)"><g transform="scale(1.0, -1.0)" text-anchor="middle"><text font-size="2.0">\begin{align*}R = \frac{{\Delta x}}{{kA}}\end{align*}</text></g></g></g></g></g></g></svg>
33<svg viewBox="-8.0 -4.5 16.0 9.0" xmlns="http://www.w3.org/2000/svg" xmlns:xlink="http://www.w3.org/1999/xlink" version="1.1" preserveAspectRatio="none"><g stroke-width="0.05" transform="scale(1.0, -1.0)"><g><g fill="#FFFFFF" transform="translate(-8.0, -4.5)"><rect width="16.0" height="9.0" /></g><g stroke-width="0.1" stroke="#000000" fill-opacity="0.0"><g stroke-width="0.0" transform="scale(3.0)" fill-opacity="1.0"><g transform="translate(-0.0, -0.0)"><g transform="scale(1.0, -1.0)" text-anchor="middle"><text font-size="2.0">\begin{align*}R = \frac{{\Delta x}}{{kA}}\end{align*}</text></g></g></g></g></g></g></svg>
34<svg viewBox="-8.0 -4.5 16.0 9.0" xmlns="http://www.w3.org/2000/svg" xmlns:xlink="http://www.w3.org/1999/xlink" version="1.1" preserveAspectRatio="none"><g stroke-width="0.05" transform="scale(1.0, -1.0)"><g><g fill="#FFFFFF" transform="translate(-8.0, -4.5)"><rect width="16.0" height="9.0" /></g><g stroke-width="0.1" stroke="#000000" fill-opacity="0.0"><g stroke-width="0.0" transform="scale(3.0)" fill-opacity="1.0"><g transform="translate(-0.0, -0.0)"><g transform="scale(1.0, -1.0)" text-anchor="middle"><text font-size="2.0">\begin{align*}R = \frac{{\Delta x}}{{kA}}\end{align*}</text></g></g></g></g></g></g></svg>
35<svg viewBox="-8.0 -4.5 16.0 9.0" xmlns="http://www.w3.org/2000/svg" xmlns:xlink="http://www.w3.org/1999/xlink" version="1.1" preserveAspectRatio="none"><g stroke-width="0.05" transform="scale(1.0, -1.0)"><g><g fill="#FFFFFF" transform="translate(-8.0, -4.5)"><rect width="16.0" height="9.0" /></g><g stroke-width="0.1" stroke="#000000" fill-opacity="0.0"><g stroke-width="0.0" transform="scale(3.0)" fill-opacity="1.0"><g transform="translate(-0.0, -0.0)"><g transform="scale(1.0, -1.0)" text-anchor="middle"><text font-size="2.0">\begin{align*}R = \frac{{\Delta x}}{{kA}}\end{align*}</text></g></g></g></g></g></g></svg>
36<svg viewBox="-8.0 -4.5 16.0 9.0" xmlns="http://www.w3.org/2000/svg" xmlns:xlink="http://www.w3.org/1999/xlink" version="1.1" preserveAspectRatio="none"><g stroke-width="0.05" transform="scale(1.0, -1.0)"><g><g fill="#FFFFFF" transform="translate(-8.0, -4.5)"><rect width="16.0" height="9.0" /></g><g stroke-width="0.1" stroke="#000000" fill-opacity="0.0"><g stroke-width="0.0" transform="scale(3.0)" fill-opacity="1.0"><g transform="translate(-0.0, -0.0)"><g transform="scale(1.0, -1.0)" text-anchor="middle"><text font-size="2.0">\begin{align*}R = \frac{{\Delta x}}{{kA}}\end{align*}</text></g></g></g></g></g></g></svg>
37<svg viewBox="-8.0 -4.5 16.0 9.0" xmlns="http://www.w3.org/2000/svg" xmlns:xlink="http://www.w3.org/1999/xlink" version="1.1" preserveAspectRatio="none"><g stroke-width="0.05" transform="scale(1.0, -1.0)"><g><g fill="#FFFFFF" transform="translate(-8.0, -4.5)"><rect width="16.0" height="9.0" /></g><g stroke-width="0.1" stroke="#000000" fill-opacity="0.0"><g stroke-width="0.0" transform="scale(3.0)" fill-opacity="1.0"><g transform="translate(-0.0, -0.0)"><g transform="scale(1.0, -1.0)" text-anchor="middle"><text font-size="2.0">\begin{align*}R = \frac{{\Delta x}}{{kA}}\end{align*}</text></g></g></g></g></g></g></svg>
38<svg viewBox="-8.0 -4.5 16.0 9.0" xmlns="http://www.w3.org/2000/svg" xmlns:xlink="http://www.w3.org/1999/xlink" version="1.1" preserveAspectRatio="none"><g stroke-width="0.05" transform="scale(1.0, -1.0)"><g><g fill="#FFFFFF" transform="translate(-8.0, -4.5)"><rect width="16.0" height="9.0" /></g><g stroke-width="0.1" stroke="#000000" fill-opacity="0.0"><g stroke-width="0.0" transform="scale(3.0)" fill-opacity="1.0"><g transform="translate(-0.0, -0.0)"><g transform="scale(1.0, -1.0)" text-anchor="middle"><text font-size="2.0">\begin{align*}R = \frac{{\Delta x}}{{kA}}\end{align*}</text></g></g></g></g></g></g></svg>
39<svg viewBox="-8.0 -4.5 16.0 9.0" xmlns="http://www.w3.org/2000/svg" xmlns:xlink="http://www.w3.org/1999/xlink" version="1.1" preserveAspectRatio="none"><g stroke-width="0.05" transform="scale(1.0, -1.0)"><g><g fill="#FFFFFF" transform="translate(-8.0, -4.5)"><rect width="16.0" height="9.0" /></g><g stroke-width="0.1" stroke="#000000" fill-opacity="0.0"><g stroke-width="0.0" transform="scale(3.0)" fill-opacity="1.0"><g transform="translate(-0.0, -0.0)"><g transform="scale(1.0, -1.0)" text-anchor="middle"><text font-size="2.0">\begin{align*}R = \frac{{\Delta x}}{{kA}}\end{align*}</text></g></g></g></g></g></g></svg>
40<svg viewBox="-8.0 -4.5 16.0 9.0" xmlns="http://www.w3.org/2000/svg" xmlns:xlink="http://www.w3.org/1999/xlink" version="1.1" preserveAspectRatio="none"><g stroke-width="0.05" transform="scale(1.0, -1.0)"><g><g fill="#FFFFFF" transform="translate(-8.0, -4.5)"><rect width="16.0" height="9.0" /></g><g stroke-width="0.1" stroke="#000000" fill-opacity="0.0"><g stroke-width="0.0" transform="scale(3.0)" fill-opacity="1.0"><g transform="translate(-0.0, -0.0)"><g transform="scale(1.0, -1.0)" text-anchor="middle"><text font-size="2.0">\begin{align*}R = \frac{{\Delta x}}{{kA}}\end{align*}</text></g></g></g></g></g></g></svg>
41<svg viewBox="-8.0 -4.5 16.0 9.0" xmlns="http://www.w3.org/2000/svg" xmlns:xlink="http://www.w3.org/1999/xlink" version="1.1" preserveAspectRatio="none"><g stroke-width="0.05" transform="scale(1.0, -1.0)"><g><g fill="#FFFFFF" transform="translate(-8.0, -4.5)"><rect width="16.0" height="9.0" /></g><g stroke-width="0.1" stroke="#000000" fill-opacity="0.0"><g stroke-width="0.0" transform="scale(3.0)" fill-opacity="1.0"><g transform="translate(-0.0, -0.0)"><g transform="scale(1.0, -1.0)" text-anchor="middle"><text font-size="2.0">\begin{align*}R = \frac{{\Delta x}}{{kA}}\end{align*}</text></g></g></g></g></g></g></svg>
42<svg viewBox="-8.0 -4.5 16.0 9.0" xmlns="http://www.w3.org/2000/svg" xmlns:xlink="http://www.w3.org/1999/xlink" version="1.1" preserveAspectRatio="none"><g stroke-width="0.05" transform="scale(1.0, -1.0)"><g><g fill="#FFFFFF" transform="translate(-8.0, -4.5)"><rect width="16.0" height="9.0" /></g><g stroke-width="0.1" stroke="#000000" fill-opacity="0.0"><g stroke-width="0.0" transform="scale(3.0)" fill-opacity="1.0"><g transform="translate(-0.0, -0.0)"><g transform="scale(1.0, -1.0)" text-anchor="middle"><text font-size="2.0">\begin{align*}R = \frac{{\Delta x}}{{kA}}\end{align*}</text></g></g></g></g></g></g></svg>
43<svg viewBox="-8.0 -4.5 16.0 9.0" xmlns="http://www.w3.org/2000/svg" xmlns:xlink="http://www.w3.org/1999/xlink" version="1.1" preserveAspectRatio="none"><g stroke-width="0.05" transform="scale(1.0, -1.0)"><g><g fill="#FFFFFF" transform="translate(-8.0, -4.5)"><rect width="16.0" height="9.0" /></g><g stroke-width="0.1" stroke="#000000" fill-opacity="0.0"><g stroke-width="0.0" transform="scale(3.0)" fill-opacity="1.0"><g transform="translate(-0.0, -0.0)"><g transform="scale(1.0, -1.0)" text-anchor="middle"><text font-size="2.0">\begin{align*}R = \frac{{\Delta x}}{{kA}}\end{align*}</text></g></g></g></g></g></g></svg>
44<svg viewBox="-8.0 -4.5 16.0 9.0" xmlns="http://www.w3.org/2000/svg" xmlns:xlink="http://www.w3.org/1999/xlink" version="1.1" preserveAspectRatio="none"><g stroke-width="0.05" transform="scale(1.0, -1.0)"><g><g fill="#FFFFFF" transform="translate(-8.0, -4.5)"><rect width="16.0" height="9.0" /></g><g stroke-width="0.1" stroke="#000000" fill-opacity="0.0"><g stroke-width="0.0" transform="scale(3.0)" fill-opacity="1.0"><g transform="translate(-0.0, -0.0)"><g transform="scale(1.0, -1.0)" text-anchor="middle"><text font-size="2.0">\begin{align*}R = \frac{{\Delta x}}{{kA}}\end{align*}</text></g></g></g></g></g></g></svg>
45<svg viewBox="-8.0 -4.5 16.0 9.0" xmlns="http://www.w3.org/2000/svg" xmlns:xlink="http://www.w3.org/1999/xlink" version="1.1" preserveAspectRatio="none"><g stroke-width="0.05" transform="scale(1.0, -1.0)"><g><g fill="#FFFFFF" transform="translate(-8.0, -4.5)"><rect width="16.0" height="9.0" /></g><g stroke-width="0.1" stroke="#000000" fill-opacity="0.0"><g stroke-width="0.0" transform="scale(3.0)" fill-opacity="1.0"><g transform="translate(-0.0, -0.0)"><g transform="scale(1.0, -1.0)" text-anchor="middle"><text font-size="2.0">\begin{align*}R = \frac{{\Delta x}}{{kA}}\end{align*}</text></g></g></g></g></g></g></svg>
46<svg viewBox="-8.0 -4.5 16.0 9.0" xmlns="http://www.w3.org/2000/svg" xmlns:xlink="http://www.w3.org/1999/xlink" version="1.1" preserveAspectRatio="none"><g stroke-width="0.05" transform="scale(1.0, -1.0)"><g><g fill="#FFFFFF" transform="translate(-8.0, -4.5)"><rect width="16.0" height="9.0" /></g><g stroke-width="0.1" stroke="#000000" fill-opacity="0.0"><g stroke-width="0.0" transform="scale(3.0)" fill-opacity="1.0"><g transform="translate(-0.0, -0.0)"><g transform="scale(1.0, -1.0)" text-anchor="middle"><text font-size="2.0">\begin{align*}R = \frac{{\Delta x}}{{kA}}\end{align*}</text></g></g></g></g></g></g></svg>
47<svg viewBox="-8.0 -4.5 16.0 9.0" xmlns="http://www.w3.org/2000/svg" xmlns:xlink="http://www.w3.org/1999/xlink" version="1.1" preserveAspectRatio="none"><g stroke-width="0.05" transform="scale(1.0, -1.0)"><g><g fill="#FFFFFF" transform="translate(-8.0, -4.5)"><rect width="16.0" height="9.0" /></g><g stroke-width="0.1" stroke="#000000" fill-opacity="0.0"><g stroke-width="0.0" transform="scale(3.0)" fill-opacity="1.0"><g transform="translate(-0.0, -0.0)"><g transform="scale(1.0, -1.0)" text-anchor="middle"><text font-size="2.0">\begin{align*}R = \frac{{\Delta x}}{{kA}}\end{align*}</text></g></g></g></g></g></g></svg>
48<svg viewBox="-8.0 -4.5 16.0 9.0" xmlns="http://www.w3.org/2000/svg" xmlns:xlink="http://www.w3.org/1999/xlink" version="1.1" preserveAspectRatio="none"><g stroke-width="0.05" transform="scale(1.0, -1.0)"><g><g fill="#FFFFFF" transform="translate(-8.0, -4.5)"><rect width="16.0" height="9.0" /></g><g stroke-width="0.1" stroke="#000000" fill-opacity="0.0"><g stroke-width="0.0" transform="scale(3.0)" fill-opacity="1.0"><g transform="translate(-0.0, -0.0)"><g transform="scale(1.0, -1.0)" text-anchor="middle"><text font-size="2.0">\begin{align*}R = \frac{{\Delta x}}{{kA}}\end{align*}</text></g></g></g></g></g></g></svg>
49<svg viewBox="-8.0 -4.5 16.0 9.0" xmlns="http://www.w3.org/2000/svg" xmlns:xlink="http://www.w3.org/1999/xlink" version="1.1" preserveAspectRatio="none"><g stroke-width="0.05" transform="scale(1.0, -1.0)"><g><g fill="#FFFFFF" transform="translate(-8.0, -4.5)"><rect width="16.0" height="9.0" /></g><g stroke-width="0.1" stroke="#000000" fill-opacity="0.0"><g stroke-width="0.0" transform="scale(3.0)" fill-opacity="1.0"><g transform="translate(-0.0, -0.0)"><g transform="scale(1.0, -1.0)" text-anchor="middle"><text font-size="2.0">\begin{align*}R = \frac{{\Delta x}}{{kA}}\end{align*}</text></g></g></g></g></g></g></svg>
