0<svg viewBox="-8 -4.5 16 9" xmlns="http://www.w3.org/2000/svg" xmlns:xlink="http://www.w3.org/1999/xlink" version="1.1" preserveAspectRatio="none"><g stroke-width="0.05" transform="scale(1, -1)"><g><g fill="#FFFFFF" transform="translate(-8, -4.5)"><rect width="16" height="9" /></g><g stroke-width="0.1" stroke="#000000" fill-opacity=""><g transform="translate(-4, -2.25)"><path stroke-linecap="square" d="M, L," /></g></g></g></g></svg>
1<svg viewBox="-8 -4.5 16 9" xmlns="http://www.w3.org/2000/svg" xmlns:xlink="http://www.w3.org/1999/xlink" version="1.1" preserveAspectRatio="none"><g stroke-width="0.05" transform="scale(1, -1)"><g><g fill="#FFFFFF" transform="translate(-8, -4.5)"><rect width="16" height="9" /></g><g stroke-width="0.1" stroke="#000000" fill-opacity=""><g transform="translate(-4, -2.25)"><path stroke-linecap="square" d="M, L0.510204," /></g></g></g></g></svg>
2<svg viewBox="-8 -4.5 16 9" xmlns="http://www.w3.org/2000/svg" xmlns:xlink="http://www.w3.org/1999/xlink" version="1.1" preserveAspectRatio="none"><g stroke-width="0.05" transform="scale(1, -1)"><g><g fill="#FFFFFF" transform="translate(-8, -4.5)"><rect width="16" height="9" /></g><g stroke-width="0.1" stroke="#000000" fill-opacity=""><g transform="translate(-4, -2.25)"><path stroke-linecap="square" d="M, L1.020408," /></g></g></g></g></svg>
3<svg viewBox="-8 -4.5 16 9" xmlns="http://www.w3.org/2000/svg" xmlns:xlink="http://www.w3.org/1999/xlink" version="1.1" preserveAspectRatio="none"><g stroke-width="0.05" transform="scale(1, -1)"><g><g fill="#FFFFFF" transform="translate(-8, -4.5)"><rect width="16" height="9" /></g><g stroke-width="0.1" stroke="#000000" fill-opacity=""><g transform="translate(-4, -2.25)"><path stroke-linecap="square" d="M, L1.530612," /></g></g></g></g></svg>
4<svg viewBox="-8 -4.5 16 9" xmlns="http://www.w3.org/2000/svg" xmlns:xlink="http://www.w3.org/1999/xlink" version="1.1" preserveAspectRatio="none"><g stroke-width="0.05" transform="scale(1, -1)"><g><g fill="#FFFFFF" transform="translate(-8, -4.5)"><rect width="16" height="9" /></g><g stroke-width="0.1" stroke="#000000" fill-opacity=""><g transform="translate(-4, -2.25)"><path stroke-linecap="square" d="M, L2.040816," /></g></g></g></g></svg>
5<svg viewBox="-8 -4.5 16 9" xmlns="http://www.w3.org/2000/svg" xmlns:xlink="http://www.w3.org/1999/xlink" version="1.1" preserveAspectRatio="none"><g stroke-width="0.05" transform="scale(1, -1)"><g><g fill="#FFFFFF" transform="translate(-8, -4.5)"><rect width="16" height="9" /></g><g stroke-width="0.1" stroke="#000000" fill-opacity=""><g transform="translate(-4, -2.25)"><path stroke-linecap="square" d="M, L2.55102," /></g></g></g></g></svg>
6<svg viewBox="-8 -4.5 16 9" xmlns="http://www.w3.org/2000/svg" xmlns:xlink="http://www.w3.org/1999/xlink" version="1.1" preserveAspectRatio="none"><g stroke-width="0.05" transform="scale(1, -1)"><g><g fill="#FFFFFF" transform="translate(-8, -4.5)"><rect width="16" height="9" /></g><g stroke-width="0.1" stroke="#000000" fill-opacity=""><g transform="translate(-4, -2.25)"><path stroke-linecap="square" d="M, L3.061224," /></g></g></g></g></svg>
7<svg viewBox="-8 -4.5 16 9" xmlns="http://www.w3.org/2000/svg" xmlns:xlink="http://www.w3.org/1999/xlink" version="1.1" preserveAspectRatio="none"><g stroke-width="0.05" transform="scale(1, -1)"><g><g fill="#FFFFFF" transform="translate(-8, -4.5)"><rect width="16" height="9" /></g><g stroke-width="0.1" stroke="#000000" fill-opacity=""><g transform="translate(-4, -2.25)"><path stroke-linecap="square" d="M, L3.571429," /></g></g></g></g></svg>
8<svg viewBox="-8 -4.5 16 9" xmlns="http://www.w3.org/2000/svg" xmlns:xlink="http://www.w3.org/1999/xlink" version="1.1" preserveAspectRatio="none"><g stroke-width="0.05" transform="scale(1, -1)"><g><g fill="#FFFFFF" transform="translate(-8, -4.5)"><rect width="16" height="9" /></g><g stroke-width="0.1" stroke="#000000" fill-opacity=""><g transform="translate(-4, -2.25)"><path stroke-linecap="square" d="M, L4.081633," /></g></g></g></g></svg>
9<svg viewBox="-8 -4.5 16 9" xmlns="http://www.w3.org/2000/svg" xmlns:xlink="http://www.w3.org/1999/xlink" version="1.1" preserveAspectRatio="none"><g stroke-width="0.05" transform="scale(1, -1)"><g><g fill="#FFFFFF" transform="translate(-8, -4.5)"><rect width="16" height="9" /></g><g stroke-width="0.1" stroke="#000000" fill-opacity=""><g transform="translate(-4, -2.25)"><path stroke-linecap="square" d="M, L4.591837," /></g></g></g></g></svg>
10<svg viewBox="-8 -4.5 16 9" xmlns="http://www.w3.org/2000/svg" xmlns:xlink="http://www.w3.org/1999/xlink" version="1.1" preserveAspectRatio="none"><g stroke-width="0.05" transform="scale(1, -1)"><g><g fill="#FFFFFF" transform="translate(-8, -4.5)"><rect width="16" height="9" /></g><g stroke-width="0.1" stroke="#000000" fill-opacity=""><g transform="translate(-4, -2.25)"><path stroke-linecap="square" d="M, L5.102041," /></g></g></g></g></svg>
11<svg viewBox="-8 -4.5 16 9" xmlns="http://www.w3.org/2000/svg" xmlns:xlink="http://www.w3.org/1999/xlink" version="1.1" preserveAspectRatio="none"><g stroke-width="0.05" transform="scale(1, -1)"><g><g fill="#FFFFFF" transform="translate(-8, -4.5)"><rect width="16" height="9" /></g><g stroke-width="0.1" stroke="#000000" fill-opacity=""><g transform="translate(-4, -2.25)"><path stroke-linecap="square" d="M, L5.612245," /></g></g></g></g></svg>
12<svg viewBox="-8 -4.5 16 9" xmlns="http://www.w3.org/2000/svg" xmlns:xlink="http://www.w3.org/1999/xlink" version="1.1" preserveAspectRatio="none"><g stroke-width="0.05" transform="scale(1, -1)"><g><g fill="#FFFFFF" transform="translate(-8, -4.5)"><rect width="16" height="9" /></g><g stroke-width="0.1" stroke="#000000" fill-opacity=""><g transform="translate(-4, -2.25)"><path stroke-linecap="square" d="M, L6.122449," /></g></g></g></g></svg>
13<svg viewBox="-8 -4.5 16 9" xmlns="http://www.w3.org/2000/svg" xmlns:xlink="http://www.w3.org/1999/xlink" version="1.1" preserveAspectRatio="none"><g stroke-width="0.05" transform="scale(1, -1)"><g><g fill="#FFFFFF" transform="translate(-8, -4.5)"><rect width="16" height="9" /></g><g stroke-width="0.1" stroke="#000000" fill-opacity=""><g transform="translate(-4, -2.25)"><path stroke-linecap="square" d="M, L6.632653," /></g></g></g></g></svg>
14<svg viewBox="-8 -4.5 16 9" xmlns="http://www.w3.org/2000/svg" xmlns:xlink="http://www.w3.org/1999/xlink" version="1.1" preserveAspectRatio="none"><g stroke-width="0.05" transform="scale(1, -1)"><g><g fill="#FFFFFF" transform="translate(-8, -4.5)"><rect width="16" height="9" /></g><g stroke-width="0.1" stroke="#000000" fill-opacity=""><g transform="translate(-4, -2.25)"><path stroke-linecap="square" d="M, L7.142857," /></g></g></g></g></svg>
15<svg viewBox="-8 -4.5 16 9" xmlns="http://www.w3.org/2000/svg" xmlns:xlink="http://www.w3.org/1999/xlink" version="1.1" preserveAspectRatio="none"><g stroke-width="0.05" transform="scale(1, -1)"><g><g fill="#FFFFFF" transform="translate(-8, -4.5)"><rect width="16" height="9" /></g><g stroke-width="0.1" stroke="#000000" fill-opacity=""><g transform="translate(-4, -2.25)"><path stroke-linecap="square" d="M, L7.653061," /></g></g></g></g></svg>
16<svg viewBox="-8 -4.5 16 9" xmlns="http://www.w3.org/2000/svg" xmlns:xlink="http://www.w3.org/1999/xlink" version="1.1" preserveAspectRatio="none"><g stroke-width="0.05" transform="scale(1, -1)"><g><g fill="#FFFFFF" transform="translate(-8, -4.5)"><rect width="16" height="9" /></g><g stroke-width="0.1" stroke="#000000" fill-opacity=""><g transform="translate(-4, -2.25)"><path stroke-linecap="square" d="M, L8, L8,0.163265" /></g></g></g></g></svg>
17<svg viewBox="-8 -4.5 16 9" xmlns="http://www.w3.org/2000/svg" xmlns:xlink="http://www.w3.org/1999/xlink" version="1.1" preserveAspectRatio="none"><g stroke-width="0.05" transform="scale(1, -1)"><g><g fill="#FFFFFF" transform="translate(-8, -4.5)"><rect width="16" height="9" /></g><g stroke-width="0.1" stroke="#000000" fill-opacity=""><g transform="translate(-4, -2.25)"><path stroke-linecap="square" d="M, L8, L8,0.673469" /></g></g></g></g></svg>
18<svg viewBox="-8 -4.5 16 9" xmlns="http://www.w3.org/2000/svg" xmlns:xlink="http://www.w3.org/1999/xlink" version="1.1" preserveAspectRatio="none"><g stroke-width="0.05" transform="scale(1, -1)"><g><g fill="#FFFFFF" transform="translate(-8, -4.5)"><rect width="16" height="9" /></g><g stroke-width="0.1" stroke="#000000" fill-opacity=""><g transform="translate(-4, -2.25)"><path stroke-linecap="square" d="M, L8, L8,1.183673" /></g></g></g></g></svg>
19<svg viewBox="-8 -4.5 16 9" xmlns="http://www.w3.org/2000/svg" xmlns:xlink="http://www.w3.org/1999/xlink" version="1.1" preserveAspectRatio="none"><g stroke-width="0.05" transform="scale(1, -1)"><g><g fill="#FFFFFF" transform="translate(-8, -4.5)"><rect width="16" height="9" /></g><g stroke-width="0.1" stroke="#000000" fill-opacity=""><g transform="translate(-4, -2.25)"><path stroke-linecap="square" d="M, L8, L8,1.693878" /></g></g></g></g></svg>
20<svg viewBox="-8 -4.5 16 9" xmlns="http://www.w3.org/2000/svg" xmlns:xlink="http://www.w3.org/1999/xlink" version="1.1" preserveAspectRatio="none"><g stroke-width="0.05" transform="scale(1, -1)"><g><g fill="#FFFFFF" transform="translate(-8, -4.5)"><rect width="16" height="9" /></g><g stroke-width="0.1" stroke="#000000" fill-opacity=""><g transform="translate(-4, -2.25)"><path stroke-linecap="square" d="M, L8, L8,2.204082" /></g></g></g></g></svg>
21<svg viewBox="-8 -4.5 16 9" xmlns="http://www.w3.org/2000/svg" xmlns:xlink="http://www.w3.org/1999/xlink" version="1.1" preserveAspectRatio="none"><g stroke-width="0.05" transform="scale(1, -1)"><g><g fill="#FFFFFF" transform="translate(-8, -4.5)"><rect width="16" height="9" /></g><g stroke-width="0.1" stroke="#000000" fill-opacity=""><g transform="translate(-4, -2.25)"><path stroke-linecap="square" d="M, L8, L8,2.714286" /></g></g></g></g></svg>
22<svg viewBox="-8 -4.5 16 9" xmlns="http://www.w3.org/2000/svg" xmlns:xlink="http://www.w3.org/1999/xlink" version="1.1" preserveAspectRatio="none"><g stroke-width="0.05" transform="scale(1, -1)"><g><g fill="#FFFFFF" transform="translate(-8, -4.5)"><rect width="16" height="9" /></g><g stroke-width="0.1" stroke="#000000" fill-opacity=""><g transform="translate(-4, -2.25)"><path stroke-linecap="square" d="M, L8, L8,3.22449" /></g></g></g></g></svg>
23<svg viewBox="-8 -4.5 16 9" xmlns="http://www.w3.org/2000/svg" xmlns:xlink="http://www.w3.org/1999/xlink" version="1.1" preserveAspectRatio="none"><g stroke-width="0.05" transform="scale(1, -1)"><g><g fill="#FFFFFF" transform="translate(-8, -4.5)"><rect width="16" height="9" /></g><g stroke-width="0.1" stroke="#000000" fill-opacity=""><g transform="translate(-4, -2.25)"><path stroke-linecap="square" d="M, L8, L8,3.734694" /></g></g></g></g></svg>
24<svg viewBox="-8 -4.5 16 9" xmlns="http://www.w3.org/2000/svg" xmlns:xlink="http://www.w3.org/1999/xlink" version="1.1" preserveAspectRatio="none"><g stroke-width="0.05" transform="scale(1, -1)"><g><g fill="#FFFFFF" transform="translate(-8, -4.5)"><rect width="16" height="9" /></g><g stroke-width="0.1" stroke="#000000" fill-opacity=""><g transform="translate(-4, -2.25)"><path stroke-linecap="square" d="M, L8, L8,4.244898" /></g></g></g></g></svg>
25<svg viewBox="-8 -4.5 16 9" xmlns="http://www.w3.org/2000/svg" xmlns:xlink="http://www.w3.org/1999/xlink" version="1.1" preserveAspectRatio="none"><g stroke-width="0.05" transform="scale(1, -1)"><g><g fill="#FFFFFF" transform="translate(-8, -4.5)"><rect width="16" height="9" /></g><g stroke-width="0.1" stroke="#000000" fill-opacity=""><g transform="translate(-4, -2.25)"><path stroke-linecap="square" d="M, L8, L8,4.5 L7.744898,4.5" /></g></g></g></g></svg>
26<svg viewBox="-8 -4.5 16 9" xmlns="http://www.w3.org/2000/svg" xmlns:xlink="http://www.w3.org/1999/xlink" version="1.1" preserveAspectRatio="none"><g stroke-width="0.05" transform="scale(1, -1)"><g><g fill="#FFFFFF" transform="translate(-8, -4.5)"><rect width="16" height="9" /></g><g stroke-width="0.1" stroke="#000000" fill-opacity=""><g transform="translate(-4, -2.25)"><path stroke-linecap="square" d="M, L8, L8,4.5 L7.234694,4.5" /></g></g></g></g></svg>
27<svg viewBox="-8 -4.5 16 9" xmlns="http://www.w3.org/2000/svg" xmlns:xlink="http://www.w3.org/1999/xlink" version="1.1" preserveAspectRatio="none"><g stroke-width="0.05" transform="scale(1, -1)"><g><g fill="#FFFFFF" transform="translate(-8, -4.5)"><rect width="16" height="9" /></g><g stroke-width="0.1" stroke="#000000" fill-opacity=""><g transform="translate(-4, -2.25)"><path stroke-linecap="square" d="M, L8, L8,4.5 L6.72449,4.5" /></g></g></g></g></svg>
28<svg viewBox="-8 -4.5 16 9" xmlns="http://www.w3.org/2000/svg" xmlns:xlink="http://www.w3.org/1999/xlink" version="1.1" preserveAspectRatio="none"><g stroke-width="0.05" transform="scale(1, -1)"><g><g fill="#FFFFFF" transform="translate(-8, -4.5)"><rect width="16" height="9" /></g><g stroke-width="0.1" stroke="#000000" fill-opacity=""><g transform="translate(-4, -2.25)"><path stroke-linecap="square" d="M, L8, L8,4.5 L6.214286,4.5" /></g></g></g></g></svg>
29<svg viewBox="-8 -4.5 16 9" xmlns="http://www.w3.org/2000/svg" xmlns:xlink="http://www.w3.org/1999/xlink" version="1.1" preserveAspectRatio="none"><g stroke-width="0.05" transform="scale(1, -1)"><g><g fill="#FFFFFF" transform="translate(-8, -4.5)"><rect width="16" height="9" /></g><g stroke-width="0.1" stroke="#000000" fill-opacity=""><g transform="translate(-4, -2.25)"><path stroke-linecap="square" d="M, L8, L8,4.5 L5.704082,4.5" /></g></g></g></g></svg>
30<svg viewBox="-8 -4.5 16 9" xmlns="http://www.w3.org/2000/svg" xmlns:xlink="http://www.w3.org/1999/xlink" version="1.1" preserveAspectRatio="none"><g stroke-width="0.05" transform="scale(1, -1)"><g><g fill="#FFFFFF" transform="translate(-8, -4.5)"><rect width="16" height="9" /></g><g stroke-width="0.1" stroke="#000000" fill-opacity=""><g transform="translate(-4, -2.25)"><path stroke-linecap="square" d="M, L8, L8,4.5 L5.193878,4.5" /></g></g></g></g></svg>
31<svg viewBox="-8 -4.5 16 9" xmlns="http://www.w3.org/2000/svg" xmlns:xlink="http://www.w3.org/1999/xlink" version="1.1" preserveAspectRatio="none"><g stroke-width="0.05" transform="scale(1, -1)"><g><g fill="#FFFFFF" transform="translate(-8, -4.5)"><rect width="16" height="9" /></g><g stroke-width="0.1" stroke="#000000" fill-opacity=""><g transform="translate(-4, -2.25)"><path stroke-linecap="square" d="M, L8, L8,4.5 L4.683673,4.5" /></g></g></g></g></svg>
32<svg viewBox="-8 -4.5 16 9" xmlns="http://www.w3.org/2000/svg" xmlns:xlink="http://www.w3.org/1999/xlink" version="1.1" preserveAspectRatio="none"><g stroke-width="0.05" transform="scale(1, -1)"><g><g fill="#FFFFFF" transform="translate(-8, -4.5)"><rect width="16" height="9" /></g><g stroke-width="0.1" stroke="#000000" fill-opacity=""><g transform="translate(-4, -2.25)"><path stroke-linecap="square" d="M, L8, L8,4.5 L4.173469,4.5" /></g></g></g></g></svg>
33<svg viewBox="-8 -4.5 16 9" xmlns="http://www.w3.org/2000/svg" xmlns:xlink="http://www.w3.org/1999/xlink" version="1.1" preserveAspectRatio="none"><g stroke-width="0.05" transform="scale(1, -1)"><g><g fill="#FFFFFF" transform="translate(-8, -4.5)"><rect width="16" height="9" /></g><g stroke-width="0.1" stroke="#000000" fill-opacity=""><g transform="translate(-4, -2.25)"><path stroke-linecap="square" d="M, L8, L8,4.5 L3.663265,4.5" /></g></g></g></g></svg>
34<svg viewBox="-8 -4.5 16 9" xmlns="http://www.w3.org/2000/svg" xmlns:xlink="http://www.w3.org/1999/xlink" version="1.1" preserveAspectRatio="none"><g stroke-width="0.05" transform="scale(1, -1)"><g><g fill="#FFFFFF" transform="translate(-8, -4.5)"><rect width="16" height="9" /></g><g stroke-width="0.1" stroke="#000000" fill-opacity=""><g transform="translate(-4, -2.25)"><path stroke-linecap="square" d="M, L8, L8,4.5 L3.153061,4.5" /></g></g></g></g></svg>
35<svg viewBox="-8 -4.5 16 9" xmlns="http://www.w3.org/2000/svg" xmlns:xlink="http://www.w3.org/1999/xlink" version="1.1" preserveAspectRatio="none"><g stroke-width="0.05" transform="scale(1, -1)"><g><g fill="#FFFFFF" transform="translate(-8, -4.5)"><rect width="16" height="9" /></g><g stroke-width="0.1" stroke="#000000" fill-opacity=""><g transform="translate(-4, -2.25)"><path stroke-linecap="square" d="M, L8, L8,4.5 L2.642857,4.5" /></g></g></g></g></svg>
36<svg viewBox="-8 -4.5 16 9" xmlns="http://www.w3.org/2000/svg" xmlns:xlink="http://www.w3.org/1999/xlink" version="1.1" preserveAspectRatio="none"><g stroke-width="0.05" transform="scale(1, -1)"><g><g fill="#FFFFFF" transform="translate(-8, -4.5)"><rect width="16" height="9" /></g><g stroke-width="0.1" stroke="#000000" fill-opacity=""><g transform="translate(-4, -2.25)"><path stroke-linecap="square" d="M, L8, L8,4.5 L2.132653,4.5" /></g></g></g></g></svg>
37<svg viewBox="-8 -4.5 16 9" xmlns="http://www.w3.org/2000/svg" xmlns:xlink="http://www.w3.org/1999/xlink" version="1.1" preserveAspectRatio="none"><g stroke-width="0.05" transform="scale(1, -1)"><g><g fill="#FFFFFF" transform="translate(-8, -4.5)"><rect width="16" height="9" /></g><g stroke-width="0.1" stroke="#000000" fill-opacity=""><g transform="translate(-4, -2.25)"><path stroke-linecap="square" d="M, L8, L8,4.5 L1.622449,4.5" /></g></g></g></g></svg>
38<svg viewBox="-8 -4.5 16 9" xmlns="http://www.w3.org/2000/svg" xmlns:xlink="http://www.w3.org/1999/xlink" version="1.1" preserveAspectRatio="none"><g stroke-width="0.05" transform="scale(1, -1)"><g><g fill="#FFFFFF" transform="translate(-8, -4.5)"><rect width="16" height="9" /></g><g stroke-width="0.1" stroke="#000000" fill-opacity=""><g transform="translate(-4, -2.25)"><path stroke-linecap="square" d="M, L8, L8,4.5 L1.112245,4.5" /></g></g></g></g></svg>
39<svg viewBox="-8 -4.5 16 9" xmlns="http://www.w3.org/2000/svg" xmlns:xlink="http://www.w3.org/1999/xlink" version="1.1" preserveAspectRatio="none"><g stroke-width="0.05" transform="scale(1, -1)"><g><g fill="#FFFFFF" transform="translate(-8, -4.5)"><rect width="16" height="9" /></g><g stroke-width="0.1" stroke="#000000" fill-opacity=""><g transform="translate(-4, -2.25)"><path stroke-linecap="square" d="M, L8, L8,4.5 L0.602041,4.5" /></g></g></g></g></svg>
40<svg viewBox="-8 -4.5 16 9" xmlns="http://www.w3.org/2000/svg" xmlns:xlink="http://www.w3.org/1999/xlink" version="1.1" preserveAspectRatio="none"><g stroke-width="0.05" transform="scale(1, -1)"><g><g fill="#FFFFFF" transform="translate(-8, -4.5)"><rect width="16" height="9" /></g><g stroke-width="0.1" stroke="#000000" fill-opacity=""><g transform="translate(-4, -2.25)"><path stroke-linecap="square" d="M, L8, L8,4.5 L0.091837,4.5" /></g></g></g></g></svg>
41<svg viewBox="-8 -4.5 16 9" xmlns="http://www.w3.org/2000/svg" xmlns:xlink="http://www.w3.org/1999/xlink" version="1.1" preserveAspectRatio="none"><g stroke-width="0.05" transform="scale(1, -1)"><g><g fill="#FFFFFF" transform="translate(-8, -4.5)"><rect width="16" height="9" /></g><g stroke-width="0.1" stroke="#000000" fill-opacity=""><g transform="translate(-4, -2.25)"><path stroke-linecap="square" d="M, L8, L8,4.5 L,4.5 L,4.081633" /></g></g></g></g></svg>
42<svg viewBox="-8 -4.5 16 9" xmlns="http://www.w3.org/2000/svg" xmlns:xlink="http://www.w3.org/1999/xlink" version="1.1" preserveAspectRatio="none"><g stroke-width="0.05" transform="scale(1, -1)"><g><g fill="#FFFFFF" transform="translate(-8, -4.5)"><rect width="16" height="9" /></g><g stroke-width="0.1" stroke="#000000" fill-opacity=""><g transform="translate(-4, -2.25)"><path stroke-linecap="square" d="M, L8, L8,4.5 L,4.5 L,3.571429" /></g></g></g></g></svg>
43<svg viewBox="-8 -4.5 16 9" xmlns="http://www.w3.org/2000/svg" xmlns:xlink="http://www.w3.org/1999/xlink" version="1.1" preserveAspectRatio="none"><g stroke-width="0.05" transform="scale(1, -1)"><g><g fill="#FFFFFF" transform="translate(-8, -4.5)"><rect width="16" height="9" /></g><g stroke-width="0.1" stroke="#000000" fill-opacity=""><g transform="translate(-4, -2.25)"><path stroke-linecap="square" d="M, L8, L8,4.5 L,4.5 L,3.061224" /></g></g></g></g></svg>
44<svg viewBox="-8 -4.5 16 9" xmlns="http://www.w3.org/2000/svg" xmlns:xlink="http://www.w3.org/1999/xlink" version="1.1" preserveAspectRatio="none"><g stroke-width="0.05" transform="scale(1, -1)"><g><g fill="#FFFFFF" transform="translate(-8, -4.5)"><rect width="16" height="9" /></g><g stroke-width="0.1" stroke="#000000" fill-opacity=""><g transform="translate(-4, -2.25)"><path stroke-linecap="square" d="M, L8, L8,4.5 L,4.5 L,2.55102" /></g></g></g></g></svg>
45<svg viewBox="-8 -4.5 16 9" xmlns="http://www.w3.org/2000/svg" xmlns:xlink="http://www.w3.org/1999/xlink" version="1.1" preserveAspectRatio="none"><g stroke-width="0.05" transform="scale(1, -1)"><g><g fill="#FFFFFF" transform="translate(-8, -4.5)"><rect width="16" height="9" /></g><g stroke-width="0.1" stroke="#000000" fill-opacity=""><g transform="translate(-4, -2.25)"><path stroke-linecap="square" d="M, L8, L8,4.5 L,4.5 L,2.040816" /></g></g></g></g></svg>
46<svg viewBox="-8 -4.5 16 9" xmlns="http://www.w3.org/2000/svg" xmlns:xlink="http://www.w3.org/1999/xlink" version="1.1" preserveAspectRatio="none"><g stroke-width="0.05" transform="scale(1, -1)"><g><g fill="#FFFFFF" transform="translate(-8, -4.5)"><rect width="16" height="9" /></g><g stroke-width="0.1" stroke="#000000" fill-opacity=""><g transform="translate(-4, -2.25)"><path stroke-linecap="square" d="M, L8, L8,4.5 L,4.5 L,1.530612" /></g></g></g></g></svg>
47<svg viewBox="-8 -4.5 16 9" xmlns="http://www.w3.org/2000/svg" xmlns:xlink="http://www.w3.org/1999/xlink" version="1.1" preserveAspectRatio="none"><g stroke-width="0.05" transform="scale(1, -1)"><g><g fill="#FFFFFF" transform="translate(-8, -4.5)"><rect width="16" height="9" /></g><g stroke-width="0.1" stroke="#000000" fill-opacity=""><g transform="translate(-4, -2.25)"><path stroke-linecap="square" d="M, L8, L8,4.5 L,4.5 L,1.020408" /></g></g></g></g></svg>
48<svg viewBox="-8 -4.5 16 9" xmlns="http://www.w3.org/2000/svg" xmlns:xlink="http://www.w3.org/1999/xlink" version="1.1" preserveAspectRatio="none"><g stroke-width="0.05" transform="scale(1, -1)"><g><g fill="#FFFFFF" transform="translate(-8, -4.5)"><rect width="16" height="9" /></g><g stroke-width="0.1" stroke="#000000" fill-opacity=""><g transform="translate(-4, -2.25)"><path stroke-linecap="square" d="M, L8, L8,4.5 L,4.5 L,0.510204" /></g></g></g></g></svg>
49<svg viewBox="-8 -4.5 16 9" xmlns="http://www.w3.org/2000/svg" xmlns:xlink="http://www.w3.org/1999/xlink" version="1.1" preserveAspectRatio="none"><g stroke-width="0.05" transform="scale(1, -1)"><g><g fill="#FFFFFF" transform="translate(-8, -4.5)"><rect width="16" height="9" /></g><g stroke-width="0.1" stroke="#000000" fill-opacity=""><g transform="translate(-4, -2.25)"><path stroke-linecap="square" d="M, L8, L8,4.5 L,4.5 L," /></g></g></g></g></svg>
