0<svg viewBox="-8.0 -4.5 16.0 9.0" xmlns="http://www.w3.org/2000/svg" xmlns:xlink="http://www.w3.org/1999/xlink" version="1.1"><g stroke-width="0.05" transform="scale(1.0, -1.0)"><g><g><g fill="#000000" transform="translate(-160.0, -90.0)"><rect width="320.0" height="180.0" /></g><line stroke-width="0.01" stroke="#FFFFFF" x1="-8.0" x2="8.0" y2="-4.5" /></g><g><g transform="translate(0.0, 4.5)"><g transform="rotate(0.0)"><g fill="#FFFFFF"><circle r="1.0" /><line stroke="#000000" y2="1.0" /></g></g></g></g></g></g></svg>
1<svg viewBox="-8.0 -4.5 16.0 9.0" xmlns="http://www.w3.org/2000/svg" xmlns:xlink="http://www.w3.org/1999/xlink" version="1.1"><g stroke-width="0.05" transform="scale(1.0, -1.0)"><g><g><g fill="#000000" transform="translate(-160.0, -90.0)"><rect width="320.0" height="180.0" /></g><line stroke-width="0.01" stroke="#FFFFFF" x1="-8.0" x2="8.0" y2="-4.5" /></g><g><g transform="translate(0.0, 4.467592)"><g transform="rotate(0.0)"><g fill="#FFFFFF"><circle r="1.0" /><line stroke="#000000" y2="1.0" /></g></g></g></g></g></g></svg>
2<svg viewBox="-8.0 -4.5 16.0 9.0" xmlns="http://www.w3.org/2000/svg" xmlns:xlink="http://www.w3.org/1999/xlink" version="1.1"><g stroke-width="0.05" transform="scale(1.0, -1.0)"><g><g><g fill="#000000" transform="translate(-160.0, -90.0)"><rect width="320.0" height="180.0" /></g><line stroke-width="0.01" stroke="#FFFFFF" x1="-8.0" x2="8.0" y2="-4.5" /></g><g><g transform="translate(0.0, 4.365740)"><g transform="rotate(0.0)"><g fill="#FFFFFF"><circle r="1.0" /><line stroke="#000000" y2="1.0" /></g></g></g></g></g></g></svg>
3<svg viewBox="-8.0 -4.5 16.0 9.0" xmlns="http://www.w3.org/2000/svg" xmlns:xlink="http://www.w3.org/1999/xlink" version="1.1"><g stroke-width="0.05" transform="scale(1.0, -1.0)"><g><g><g fill="#000000" transform="translate(-160.0, -90.0)"><rect width="320.0" height="180.0" /></g><line stroke-width="0.01" stroke="#FFFFFF" x1="-8.0" x2="8.0" y2="-4.5" /></g><g><g transform="translate(0.0, 4.194444)"><g transform="rotate(0.0)"><g fill="#FFFFFF"><circle r="1.0" /><line stroke="#000000" y2="1.0" /></g></g></g></g></g></g></svg>
4<svg viewBox="-8.0 -4.5 16.0 9.0" xmlns="http://www.w3.org/2000/svg" xmlns:xlink="http://www.w3.org/1999/xlink" version="1.1"><g stroke-width="0.05" transform="scale(1.0, -1.0)"><g><g><g fill="#000000" transform="translate(-160.0, -90.0)"><rect width="320.0" height="180.0" /></g><line stroke-width="0.01" stroke="#FFFFFF" x1="-8.0" x2="8.0" y2="-4.5" /></g><g><g transform="translate(0.0, 3.953703)"><g transform="rotate(0.0)"><g fill="#FFFFFF"><circle r="1.0" /><line stroke="#000000" y2="1.0" /></g></g></g></g></g></g></svg>
5<svg viewBox="-8.0 -4.5 16.0 9.0" xmlns="http://www.w3.org/2000/svg" xmlns:xlink="http://www.w3.org/1999/xlink" version="1.1"><g stroke-width="0.05" transform="scale(1.0, -1.0)"><g><g><g fill="#000000" transform="translate(-160.0, -90.0)"><rect width="320.0" height="180.0" /></g><line stroke-width="0.01" stroke="#FFFFFF" x1="-8.0" x2="8.0" y2="-4.5" /></g><g><g transform="translate(0.0, 3.711111)"><g transform="rotate(0.0)"><g fill="#FFFFFF"><circle r="1.0" /><line stroke="#000000" y2="1.0" /></g></g></g></g></g></g></svg>
6<svg viewBox="-8.0 -4.5 16.0 9.0" xmlns="http://www.w3.org/2000/svg" xmlns:xlink="http://www.w3.org/1999/xlink" version="1.1"><g stroke-width="0.05" transform="scale(1.0, -1.0)"><g><g><g fill="#000000" transform="translate(-160.0, -90.0)"><rect width="320.0" height="180.0" /></g><line stroke-width="0.01" stroke="#FFFFFF" x1="-8.0" x2="8.0" y2="-4.5" /></g><g><g transform="translate(0.0, 3.345370)"><g transform="rotate(0.0)"><g fill="#FFFFFF"><circle r="1.0" /><line stroke="#000000" y2="1.0" /></g></g></g></g></g></g></svg>
7<svg viewBox="-8.0 -4.5 16.0 9.0" xmlns="http://www.w3.org/2000/svg" xmlns:xlink="http://www.w3.org/1999/xlink" version="1.1"><g stroke-width="0.05" transform="scale(1.0, -1.0)"><g><g><g fill="#000000" transform="translate(-160.0, -90.0)"><rect width="320.0" height="180.0" /></g><line stroke-width="0.01" stroke="#FFFFFF" x1="-8.0" x2="8.0" y2="-4.5" /></g><g><g transform="translate(0.0, 2.910185)"><g transform="rotate(0.0)"><g fill="#FFFFFF"><circle r="1.0" /><line stroke="#000000" y2="1.0" /></g></g></g></g></g></g></svg>
8<svg viewBox="-8.0 -4.5 16.0 9.0" xmlns="http://www.w3.org/2000/svg" xmlns:xlink="http://www.w3.org/1999/xlink" version="1.1"><g stroke-width="0.05" transform="scale(1.0, -1.0)"><g><g><g fill="#000000" transform="translate(-160.0, -90.0)"><rect width="320.0" height="180.0" /></g><line stroke-width="0.01" stroke="#FFFFFF" x1="-8.0" x2="8.0" y2="-4.5" /></g><g><g transform="translate(0.0, 2.405555)"><g transform="rotate(0.0)"><g fill="#FFFFFF"><circle r="1.0" /><line stroke="#000000" y2="1.0" /></g></g></g></g></g></g></svg>
9<svg viewBox="-8.0 -4.5 16.0 9.0" xmlns="http://www.w3.org/2000/svg" xmlns:xlink="http://www.w3.org/1999/xlink" version="1.1"><g stroke-width="0.05" transform="scale(1.0, -1.0)"><g><g><g fill="#000000" transform="translate(-160.0, -90.0)"><rect width="320.0" height="180.0" /></g><line stroke-width="0.01" stroke="#FFFFFF" x1="-8.0" x2="8.0" y2="-4.5" /></g><g><g transform="translate(0.0, 1.831481)"><g transform="rotate(0.0)"><g fill="#FFFFFF"><circle r="1.0" /><line stroke="#000000" y2="1.0" /></g></g></g></g></g></g></svg>
10<svg viewBox="-8.0 -4.5 16.0 9.0" xmlns="http://www.w3.org/2000/svg" xmlns:xlink="http://www.w3.org/1999/xlink" version="1.1"><g stroke-width="0.05" transform="scale(1.0, -1.0)"><g><g><g fill="#000000" transform="translate(-160.0, -90.0)"><rect width="320.0" height="180.0" /></g><line stroke-width="0.01" stroke="#FFFFFF" x1="-8.0" x2="8.0" y2="-4.5" /></g><g><g transform="translate(0.0, 1.187962)"><g transform="rotate(0.0)"><g fill="#FFFFFF"><circle r="1.0" /><line stroke="#000000" y2="1.0" /></g></g></g></g></g></g></svg>
11<svg viewBox="-8.0 -4.5 16.0 9.0" xmlns="http://www.w3.org/2000/svg" xmlns:xlink="http://www.w3.org/1999/xlink" version="1.1"><g stroke-width="0.05" transform="scale(1.0, -1.0)"><g><g><g fill="#000000" transform="translate(-160.0, -90.0)"><rect width="320.0" height="180.0" /></g><line stroke-width="0.01" stroke="#FFFFFF" x1="-8.0" x2="8.0" y2="-4.5" /></g><g><g transform="translate(0.0, 0.475000)"><g transform="rotate(0.0)"><g fill="#FFFFFF"><circle r="1.0" /><line stroke="#000000" y2="1.0" /></g></g></g></g></g></g></svg>
12<svg viewBox="-8.0 -4.5 16.0 9.0" xmlns="http://www.w3.org/2000/svg" xmlns:xlink="http://www.w3.org/1999/xlink" version="1.1"><g stroke-width="0.05" transform="scale(1.0, -1.0)"><g><g><g fill="#000000" transform="translate(-160.0, -90.0)"><rect width="320.0" height="180.0" /></g><line stroke-width="0.01" stroke="#FFFFFF" x1="-8.0" x2="8.0" y2="-4.5" /></g><g><g transform="translate(0.0, -0.307407)"><g transform="rotate(0.0)"><g fill="#FFFFFF"><circle r="1.0" /><line stroke="#000000" y2="1.0" /></g></g></g></g></g></g></svg>
13<svg viewBox="-8.0 -4.5 16.0 9.0" xmlns="http://www.w3.org/2000/svg" xmlns:xlink="http://www.w3.org/1999/xlink" version="1.1"><g stroke-width="0.05" transform="scale(1.0, -1.0)"><g><g><g fill="#000000" transform="translate(-160.0, -90.0)"><rect width="320.0" height="180.0" /></g><line stroke-width="0.01" stroke="#FFFFFF" x1="-8.0" x2="8.0" y2="-4.5" /></g><g><g transform="translate(0.0, -0.983333)"><g transform="rotate(0.0)"><g fill="#FFFFFF"><circle r="1.0" /><line stroke="#000000" y2="1.0" /></g></g></g></g></g></g></svg>
14<svg viewBox="-8.0 -4.5 16.0 9.0" xmlns="http://www.w3.org/2000/svg" xmlns:xlink="http://www.w3.org/1999/xlink" version="1.1"><g stroke-width="0.05" transform="scale(1.0, -1.0)"><g><g><g fill="#000000" transform="translate(-160.0, -90.0)"><rect width="320.0" height="180.0" /></g><line stroke-width="0.01" stroke="#FFFFFF" x1="-8.0" x2="8.0" y2="-4.5" /></g><g><g transform="translate(0.116802, -1.251369)"><g transform="rotate(-6.951933)"><g fill="#FFFFFF"><circle r="1.0" /><line stroke="#000000" y2="1.0" /></g></g></g></g></g></g></svg>
15<svg viewBox="-8.0 -4.5 16.0 9.0" xmlns="http://www.w3.org/2000/svg" xmlns:xlink="http://www.w3.org/1999/xlink" version="1.1"><g stroke-width="0.05" transform="scale(1.0, -1.0)"><g><g><g fill="#000000" transform="translate(-160.0, -90.0)"><rect width="320.0" height="180.0" /></g><line stroke-width="0.01" stroke="#FFFFFF" x1="-8.0" x2="8.0" y2="-4.5" /></g><g><g transform="translate(0.286535, -1.299106)"><g transform="rotate(-17.054261)"><g fill="#FFFFFF"><circle r="1.0" /><line stroke="#000000" y2="1.0" /></g></g></g></g></g></g></svg>
16<svg viewBox="-8.0 -4.5 16.0 9.0" xmlns="http://www.w3.org/2000/svg" xmlns:xlink="http://www.w3.org/1999/xlink" version="1.1"><g stroke-width="0.05" transform="scale(1.0, -1.0)"><g><g><g fill="#000000" transform="translate(-160.0, -90.0)"><rect width="320.0" height="180.0" /></g><line stroke-width="0.01" stroke="#FFFFFF" x1="-8.0" x2="8.0" y2="-4.5" /></g><g><g transform="translate(0.468335, -1.350237)"><g transform="rotate(-27.874763)"><g fill="#FFFFFF"><circle r="1.0" /><line stroke="#000000" y2="1.0" /></g></g></g></g></g></g></svg>
17<svg viewBox="-8.0 -4.5 16.0 9.0" xmlns="http://www.w3.org/2000/svg" xmlns:xlink="http://www.w3.org/1999/xlink" version="1.1"><g stroke-width="0.05" transform="scale(1.0, -1.0)"><g><g><g fill="#000000" transform="translate(-160.0, -90.0)"><rect width="320.0" height="180.0" /></g><line stroke-width="0.01" stroke="#FFFFFF" x1="-8.0" x2="8.0" y2="-4.5" /></g><g><g transform="translate(0.662202, -1.404762)"><g transform="rotate(-39.413441)"><g fill="#FFFFFF"><circle r="1.0" /><line stroke="#000000" y2="1.0" /></g></g></g></g></g></g></svg>
18<svg viewBox="-8.0 -4.5 16.0 9.0" xmlns="http://www.w3.org/2000/svg" xmlns:xlink="http://www.w3.org/1999/xlink" version="1.1"><g stroke-width="0.05" transform="scale(1.0, -1.0)"><g><g><g fill="#000000" transform="translate(-160.0, -90.0)"><rect width="320.0" height="180.0" /></g><line stroke-width="0.01" stroke="#FFFFFF" x1="-8.0" x2="8.0" y2="-4.5" /></g><g><g transform="translate(0.868134, -1.462681)"><g transform="rotate(-51.670293)"><g fill="#FFFFFF"><circle r="1.0" /><line stroke="#000000" y2="1.0" /></g></g></g></g></g></g></svg>
19<svg viewBox="-8.0 -4.5 16.0 9.0" xmlns="http://www.w3.org/2000/svg" xmlns:xlink="http://www.w3.org/1999/xlink" version="1.1"><g stroke-width="0.05" transform="scale(1.0, -1.0)"><g><g><g fill="#000000" transform="translate(-160.0, -90.0)"><rect width="320.0" height="180.0" /></g><line stroke-width="0.01" stroke="#FFFFFF" x1="-8.0" x2="8.0" y2="-4.5" /></g><g><g transform="translate(1.086133, -1.523993)"><g transform="rotate(-64.645320)"><g fill="#FFFFFF"><circle r="1.0" /><line stroke="#000000" y2="1.0" /></g></g></g></g></g></g></svg>
20<svg viewBox="-8.0 -4.5 16.0 9.0" xmlns="http://www.w3.org/2000/svg" xmlns:xlink="http://www.w3.org/1999/xlink" version="1.1"><g stroke-width="0.05" transform="scale(1.0, -1.0)"><g><g><g fill="#000000" transform="translate(-160.0, -90.0)"><rect width="320.0" height="180.0" /></g><line stroke-width="0.01" stroke="#FFFFFF" x1="-8.0" x2="8.0" y2="-4.5" /></g><g><g transform="translate(1.316199, -1.588699)"><g transform="rotate(-78.338523)"><g fill="#FFFFFF"><circle r="1.0" /><line stroke="#000000" y2="1.0" /></g></g></g></g></g></g></svg>
21<svg viewBox="-8.0 -4.5 16.0 9.0" xmlns="http://www.w3.org/2000/svg" xmlns:xlink="http://www.w3.org/1999/xlink" version="1.1"><g stroke-width="0.05" transform="scale(1.0, -1.0)"><g><g><g fill="#000000" transform="translate(-160.0, -90.0)"><rect width="320.0" height="180.0" /></g><line stroke-width="0.01" stroke="#FFFFFF" x1="-8.0" x2="8.0" y2="-4.5" /></g><g><g transform="translate(1.508939, -1.642907)"><g transform="rotate(-89.810171)"><g fill="#FFFFFF"><circle r="1.0" /><line stroke="#000000" y2="1.0" /></g></g></g></g></g></g></svg>
22<svg viewBox="-8.0 -4.5 16.0 9.0" xmlns="http://www.w3.org/2000/svg" xmlns:xlink="http://www.w3.org/1999/xlink" version="1.1"><g stroke-width="0.05" transform="scale(1.0, -1.0)"><g><g><g fill="#000000" transform="translate(-160.0, -90.0)"><rect width="320.0" height="180.0" /></g><line stroke-width="0.01" stroke="#FFFFFF" x1="-8.0" x2="8.0" y2="-4.5" /></g><g><g transform="translate(1.760723, -1.713722)"><g transform="rotate(-104.796088)"><g fill="#FFFFFF"><circle r="1.0" /><line stroke="#000000" y2="1.0" /></g></g></g></g></g></g></svg>
23<svg viewBox="-8.0 -4.5 16.0 9.0" xmlns="http://www.w3.org/2000/svg" xmlns:xlink="http://www.w3.org/1999/xlink" version="1.1"><g stroke-width="0.05" transform="scale(1.0, -1.0)"><g><g><g fill="#000000" transform="translate(-160.0, -90.0)"><rect width="320.0" height="180.0" /></g><line stroke-width="0.01" stroke="#FFFFFF" x1="-8.0" x2="8.0" y2="-4.5" /></g><g><g transform="translate(2.024575, -1.787930)"><g transform="rotate(-120.500180)"><g fill="#FFFFFF"><circle r="1.0" /><line stroke="#000000" y2="1.0" /></g></g></g></g></g></g></svg>
24<svg viewBox="-8.0 -4.5 16.0 9.0" xmlns="http://www.w3.org/2000/svg" xmlns:xlink="http://www.w3.org/1999/xlink" version="1.1"><g stroke-width="0.05" transform="scale(1.0, -1.0)"><g><g><g fill="#000000" transform="translate(-160.0, -90.0)"><rect width="320.0" height="180.0" /></g><line stroke-width="0.01" stroke="#FFFFFF" x1="-8.0" x2="8.0" y2="-4.5" /></g><g><g transform="translate(2.300492, -1.865532)"><g transform="rotate(-136.922447)"><g fill="#FFFFFF"><circle r="1.0" /><line stroke="#000000" y2="1.0" /></g></g></g></g></g></g></svg>
25<svg viewBox="-8.0 -4.5 16.0 9.0" xmlns="http://www.w3.org/2000/svg" xmlns:xlink="http://www.w3.org/1999/xlink" version="1.1"><g stroke-width="0.05" transform="scale(1.0, -1.0)"><g><g><g fill="#000000" transform="translate(-160.0, -90.0)"><rect width="320.0" height="180.0" /></g><line stroke-width="0.01" stroke="#FFFFFF" x1="-8.0" x2="8.0" y2="-4.5" /></g><g><g transform="translate(2.588476, -1.946527)"><g transform="rotate(-154.062889)"><g fill="#FFFFFF"><circle r="1.0" /><line stroke="#000000" y2="1.0" /></g></g></g></g></g></g></svg>
26<svg viewBox="-8.0 -4.5 16.0 9.0" xmlns="http://www.w3.org/2000/svg" xmlns:xlink="http://www.w3.org/1999/xlink" version="1.1"><g stroke-width="0.05" transform="scale(1.0, -1.0)"><g><g><g fill="#000000" transform="translate(-160.0, -90.0)"><rect width="320.0" height="180.0" /></g><line stroke-width="0.01" stroke="#FFFFFF" x1="-8.0" x2="8.0" y2="-4.5" /></g><g><g transform="translate(2.888526, -2.030916)"><g transform="rotate(-171.921506)"><g fill="#FFFFFF"><circle r="1.0" /><line stroke="#000000" y2="1.0" /></g></g></g></g></g></g></svg>
27<svg viewBox="-8.0 -4.5 16.0 9.0" xmlns="http://www.w3.org/2000/svg" xmlns:xlink="http://www.w3.org/1999/xlink" version="1.1"><g stroke-width="0.05" transform="scale(1.0, -1.0)"><g><g><g fill="#000000" transform="translate(-160.0, -90.0)"><rect width="320.0" height="180.0" /></g><line stroke-width="0.01" stroke="#FFFFFF" x1="-8.0" x2="8.0" y2="-4.5" /></g><g><g transform="translate(3.200643, -2.118699)"><g transform="rotate(-190.498298)"><g fill="#FFFFFF"><circle r="1.0" /><line stroke="#000000" y2="1.0" /></g></g></g></g></g></g></svg>
28<svg viewBox="-8.0 -4.5 16.0 9.0" xmlns="http://www.w3.org/2000/svg" xmlns:xlink="http://www.w3.org/1999/xlink" version="1.1"><g stroke-width="0.05" transform="scale(1.0, -1.0)"><g><g><g fill="#000000" transform="translate(-160.0, -90.0)"><rect width="320.0" height="180.0" /></g><line stroke-width="0.01" stroke="#FFFFFF" x1="-8.0" x2="8.0" y2="-4.5" /></g><g><g transform="translate(3.524826, -2.209875)"><g transform="rotate(-209.793265)"><g fill="#FFFFFF"><circle r="1.0" /><line stroke="#000000" y2="1.0" /></g></g></g></g></g></g></svg>
29<svg viewBox="-8.0 -4.5 16.0 9.0" xmlns="http://www.w3.org/2000/svg" xmlns:xlink="http://www.w3.org/1999/xlink" version="1.1"><g stroke-width="0.05" transform="scale(1.0, -1.0)"><g><g><g fill="#000000" transform="translate(-160.0, -90.0)"><rect width="320.0" height="180.0" /></g><line stroke-width="0.01" stroke="#FFFFFF" x1="-8.0" x2="8.0" y2="-4.5" /></g><g><g transform="translate(3.792860, -2.285260)"><g transform="rotate(-225.746325)"><g fill="#FFFFFF"><circle r="1.0" /><line stroke="#000000" y2="1.0" /></g></g></g></g></g></g></svg>
30<svg viewBox="-8.0 -4.5 16.0 9.0" xmlns="http://www.w3.org/2000/svg" xmlns:xlink="http://www.w3.org/1999/xlink" version="1.1"><g stroke-width="0.05" transform="scale(1.0, -1.0)"><g><g><g fill="#000000" transform="translate(-160.0, -90.0)"><rect width="320.0" height="180.0" /></g><line stroke-width="0.01" stroke="#FFFFFF" x1="-8.0" x2="8.0" y2="-4.5" /></g><g><g transform="translate(4.138763, -2.382545)"><g transform="rotate(-246.334007)"><g fill="#FFFFFF"><circle r="1.0" /><line stroke="#000000" y2="1.0" /></g></g></g></g></g></g></svg>
31<svg viewBox="-8.0 -4.5 16.0 9.0" xmlns="http://www.w3.org/2000/svg" xmlns:xlink="http://www.w3.org/1999/xlink" version="1.1"><g stroke-width="0.05" transform="scale(1.0, -1.0)"><g><g><g fill="#000000" transform="translate(-160.0, -90.0)"><rect width="320.0" height="180.0" /></g><line stroke-width="0.01" stroke="#FFFFFF" x1="-8.0" x2="8.0" y2="-4.5" /></g><g><g transform="translate(4.496732, -2.483224)"><g transform="rotate(-267.639863)"><g fill="#FFFFFF"><circle r="1.0" /><line stroke="#000000" y2="1.0" /></g></g></g></g></g></g></svg>
32<svg viewBox="-8.0 -4.5 16.0 9.0" xmlns="http://www.w3.org/2000/svg" xmlns:xlink="http://www.w3.org/1999/xlink" version="1.1"><g stroke-width="0.05" transform="scale(1.0, -1.0)"><g><g><g fill="#000000" transform="translate(-160.0, -90.0)"><rect width="320.0" height="180.0" /></g><line stroke-width="0.01" stroke="#FFFFFF" x1="-8.0" x2="8.0" y2="-4.5" /></g><g><g transform="translate(4.866767, -2.587296)"><g transform="rotate(-289.663895)"><g fill="#FFFFFF"><circle r="1.0" /><line stroke="#000000" y2="1.0" /></g></g></g></g></g></g></svg>
33<svg viewBox="-8.0 -4.5 16.0 9.0" xmlns="http://www.w3.org/2000/svg" xmlns:xlink="http://www.w3.org/1999/xlink" version="1.1"><g stroke-width="0.05" transform="scale(1.0, -1.0)"><g><g><g fill="#000000" transform="translate(-160.0, -90.0)"><rect width="320.0" height="180.0" /></g><line stroke-width="0.01" stroke="#FFFFFF" x1="-8.0" x2="8.0" y2="-4.5" /></g><g><g transform="translate(5.248868, -2.694762)"><g transform="rotate(-312.406102)"><g fill="#FFFFFF"><circle r="1.0" /><line stroke="#000000" y2="1.0" /></g></g></g></g></g></g></svg>
34<svg viewBox="-8.0 -4.5 16.0 9.0" xmlns="http://www.w3.org/2000/svg" xmlns:xlink="http://www.w3.org/1999/xlink" version="1.1"><g stroke-width="0.05" transform="scale(1.0, -1.0)"><g><g><g fill="#000000" transform="translate(-160.0, -90.0)"><rect width="320.0" height="180.0" /></g><line stroke-width="0.01" stroke="#FFFFFF" x1="-8.0" x2="8.0" y2="-4.5" /></g><g><g transform="translate(5.643036, -2.805622)"><g transform="rotate(-335.866484)"><g fill="#FFFFFF"><circle r="1.0" /><line stroke="#000000" y2="1.0" /></g></g></g></g></g></g></svg>
35<svg viewBox="-8.0 -4.5 16.0 9.0" xmlns="http://www.w3.org/2000/svg" xmlns:xlink="http://www.w3.org/1999/xlink" version="1.1"><g stroke-width="0.05" transform="scale(1.0, -1.0)"><g><g><g fill="#000000" transform="translate(-160.0, -90.0)"><rect width="320.0" height="180.0" /></g><line stroke-width="0.01" stroke="#FFFFFF" x1="-8.0" x2="8.0" y2="-4.5" /></g><g><g transform="translate(6.049270, -2.919875)"><g transform="rotate(-360.045040)"><g fill="#FFFFFF"><circle r="1.0" /><line stroke="#000000" y2="1.0" /></g></g></g></g></g></g></svg>
36<svg viewBox="-8.0 -4.5 16.0 9.0" xmlns="http://www.w3.org/2000/svg" xmlns:xlink="http://www.w3.org/1999/xlink" version="1.1"><g stroke-width="0.05" transform="scale(1.0, -1.0)"><g><g><g fill="#000000" transform="translate(-160.0, -90.0)"><rect width="320.0" height="180.0" /></g><line stroke-width="0.01" stroke="#FFFFFF" x1="-8.0" x2="8.0" y2="-4.5" /></g><g><g transform="translate(6.467571, -3.037523)"><g transform="rotate(-384.941772)"><g fill="#FFFFFF"><circle r="1.0" /><line stroke="#000000" y2="1.0" /></g></g></g></g></g></g></svg>
37<svg viewBox="-8.0 -4.5 16.0 9.0" xmlns="http://www.w3.org/2000/svg" xmlns:xlink="http://www.w3.org/1999/xlink" version="1.1"><g stroke-width="0.05" transform="scale(1.0, -1.0)"><g><g><g fill="#000000" transform="translate(-160.0, -90.0)"><rect width="320.0" height="180.0" /></g><line stroke-width="0.01" stroke="#FFFFFF" x1="-8.0" x2="8.0" y2="-4.5" /></g><g><g transform="translate(6.810899, -3.134084)"><g transform="rotate(-405.376243)"><g fill="#FFFFFF"><circle r="1.0" /><line stroke="#000000" y2="1.0" /></g></g></g></g></g></g></svg>
38<svg viewBox="-8.0 -4.5 16.0 9.0" xmlns="http://www.w3.org/2000/svg" xmlns:xlink="http://www.w3.org/1999/xlink" version="1.1"><g stroke-width="0.05" transform="scale(1.0, -1.0)"><g><g><g fill="#000000" transform="translate(-160.0, -90.0)"><rect width="320.0" height="180.0" /></g><line stroke-width="0.01" stroke="#FFFFFF" x1="-8.0" x2="8.0" y2="-4.5" /></g><g><g transform="translate(7.250920, -3.257839)"><g transform="rotate(-431.565689)"><g fill="#FFFFFF"><circle r="1.0" /><line stroke="#000000" y2="1.0" /></g></g></g></g></g></g></svg>
39<svg viewBox="-8.0 -4.5 16.0 9.0" xmlns="http://www.w3.org/2000/svg" xmlns:xlink="http://www.w3.org/1999/xlink" version="1.1"><g stroke-width="0.05" transform="scale(1.0, -1.0)"><g><g><g fill="#000000" transform="translate(-160.0, -90.0)"><rect width="320.0" height="180.0" /></g><line stroke-width="0.01" stroke="#FFFFFF" x1="-8.0" x2="8.0" y2="-4.5" /></g><g><g transform="translate(7.703006, -3.384989)"><g transform="rotate(-458.473311)"><g fill="#FFFFFF"><circle r="1.0" /><line stroke="#000000" y2="1.0" /></g></g></g></g></g></g></svg>
40<svg viewBox="-8.0 -4.5 16.0 9.0" xmlns="http://www.w3.org/2000/svg" xmlns:xlink="http://www.w3.org/1999/xlink" version="1.1"><g stroke-width="0.05" transform="scale(1.0, -1.0)"><g><g><g fill="#000000" transform="translate(-160.0, -90.0)"><rect width="320.0" height="180.0" /></g><line stroke-width="0.01" stroke="#FFFFFF" x1="-8.0" x2="8.0" y2="-4.5" /></g><g><g transform="translate(8.167159, -3.515532)"><g transform="rotate(-486.099107)"><g fill="#FFFFFF"><circle r="1.0" /><line stroke="#000000" y2="1.0" /></g></g></g></g></g></g></svg>
41<svg viewBox="-8.0 -4.5 16.0 9.0" xmlns="http://www.w3.org/2000/svg" xmlns:xlink="http://www.w3.org/1999/xlink" version="1.1"><g stroke-width="0.05" transform="scale(1.0, -1.0)"><g><g><g fill="#000000" transform="translate(-160.0, -90.0)"><rect width="320.0" height="180.0" /></g><line stroke-width="0.01" stroke="#FFFFFF" x1="-8.0" x2="8.0" y2="-4.5" /></g><g><g transform="translate(8.639839, -3.668843)"><g transform="rotate(-514.232414)"><g fill="#FFFFFF"><circle r="1.0" /><line stroke="#000000" y2="1.0" /></g></g></g></g></g></g></svg>
42<svg viewBox="-8.0 -4.5 16.0 9.0" xmlns="http://www.w3.org/2000/svg" xmlns:xlink="http://www.w3.org/1999/xlink" version="1.1"><g stroke-width="0.05" transform="scale(1.0, -1.0)"><g><g><g fill="#000000" transform="translate(-160.0, -90.0)"><rect width="320.0" height="180.0" /></g><line stroke-width="0.01" stroke="#FFFFFF" x1="-8.0" x2="8.0" y2="-4.5" /></g><g><g transform="translate(9.112840, -3.889838)"><g transform="rotate(-542.384872)"><g fill="#FFFFFF"><circle r="1.0" /><line stroke="#000000" y2="1.0" /></g></g></g></g></g></g></svg>
43<svg viewBox="-8.0 -4.5 16.0 9.0" xmlns="http://www.w3.org/2000/svg" xmlns:xlink="http://www.w3.org/1999/xlink" version="1.1"><g stroke-width="0.05" transform="scale(1.0, -1.0)"><g><g><g fill="#000000" transform="translate(-160.0, -90.0)"><rect width="320.0" height="180.0" /></g><line stroke-width="0.01" stroke="#FFFFFF" x1="-8.0" x2="8.0" y2="-4.5" /></g><g><g transform="translate(9.585842, -4.180277)"><g transform="rotate(-570.537330)"><g fill="#FFFFFF"><circle r="1.0" /><line stroke="#000000" y2="1.0" /></g></g></g></g></g></g></svg>
44<svg viewBox="-8.0 -4.5 16.0 9.0" xmlns="http://www.w3.org/2000/svg" xmlns:xlink="http://www.w3.org/1999/xlink" version="1.1"><g stroke-width="0.05" transform="scale(1.0, -1.0)"><g><g><g fill="#000000" transform="translate(-160.0, -90.0)"><rect width="320.0" height="180.0" /></g><line stroke-width="0.01" stroke="#FFFFFF" x1="-8.0" x2="8.0" y2="-4.5" /></g><g><g transform="translate(10.058843, -4.540160)"><g transform="rotate(-598.689788)"><g fill="#FFFFFF"><circle r="1.0" /><line stroke="#000000" y2="1.0" /></g></g></g></g></g></g></svg>
45<svg viewBox="-8.0 -4.5 16.0 9.0" xmlns="http://www.w3.org/2000/svg" xmlns:xlink="http://www.w3.org/1999/xlink" version="1.1"><g stroke-width="0.05" transform="scale(1.0, -1.0)"><g><g><g fill="#000000" transform="translate(-160.0, -90.0)"><rect width="320.0" height="180.0" /></g><line stroke-width="0.01" stroke="#FFFFFF" x1="-8.0" x2="8.0" y2="-4.5" /></g><g><g transform="translate(10.437244, -4.878067)"><g transform="rotate(-621.211754)"><g fill="#FFFFFF"><circle r="1.0" /><line stroke="#000000" y2="1.0" /></g></g></g></g></g></g></svg>
46<svg viewBox="-8.0 -4.5 16.0 9.0" xmlns="http://www.w3.org/2000/svg" xmlns:xlink="http://www.w3.org/1999/xlink" version="1.1"><g stroke-width="0.05" transform="scale(1.0, -1.0)"><g><g><g fill="#000000" transform="translate(-160.0, -90.0)"><rect width="320.0" height="180.0" /></g><line stroke-width="0.01" stroke="#FFFFFF" x1="-8.0" x2="8.0" y2="-4.5" /></g><g><g transform="translate(10.910246, -5.362951)"><g transform="rotate(-649.364212)"><g fill="#FFFFFF"><circle r="1.0" /><line stroke="#000000" y2="1.0" /></g></g></g></g></g></g></svg>
47<svg viewBox="-8.0 -4.5 16.0 9.0" xmlns="http://www.w3.org/2000/svg" xmlns:xlink="http://www.w3.org/1999/xlink" version="1.1"><g stroke-width="0.05" transform="scale(1.0, -1.0)"><g><g><g fill="#000000" transform="translate(-160.0, -90.0)"><rect width="320.0" height="180.0" /></g><line stroke-width="0.01" stroke="#FFFFFF" x1="-8.0" x2="8.0" y2="-4.5" /></g><g><g transform="translate(11.383247, -5.917279)"><g transform="rotate(-677.516670)"><g fill="#FFFFFF"><circle r="1.0" /><line stroke="#000000" y2="1.0" /></g></g></g></g></g></g></svg>
48<svg viewBox="-8.0 -4.5 16.0 9.0" xmlns="http://www.w3.org/2000/svg" xmlns:xlink="http://www.w3.org/1999/xlink" version="1.1"><g stroke-width="0.05" transform="scale(1.0, -1.0)"><g><g><g fill="#000000" transform="translate(-160.0, -90.0)"><rect width="320.0" height="180.0" /></g><line stroke-width="0.01" stroke="#FFFFFF" x1="-8.0" x2="8.0" y2="-4.5" /></g><g><g transform="translate(11.856249, -6.541051)"><g transform="rotate(-705.669128)"><g fill="#FFFFFF"><circle r="1.0" /><line stroke="#000000" y2="1.0" /></g></g></g></g></g></g></svg>
49<svg viewBox="-8.0 -4.5 16.0 9.0" xmlns="http://www.w3.org/2000/svg" xmlns:xlink="http://www.w3.org/1999/xlink" version="1.1"><g stroke-width="0.05" transform="scale(1.0, -1.0)"><g><g><g fill="#000000" transform="translate(-160.0, -90.0)"><rect width="320.0" height="180.0" /></g><line stroke-width="0.01" stroke="#FFFFFF" x1="-8.0" x2="8.0" y2="-4.5" /></g><g><g transform="translate(12.329250, -7.234268)"><g transform="rotate(-733.821586)"><g fill="#FFFFFF"><circle r="1.0" /><line stroke="#000000" y2="1.0" /></g></g></g></g></g></g></svg>
